{'n_ax': 2, 'pi_a': 1.6, 'pi_c': 2.5, 'OPR': 4.0, 'rpm': 65000, 'eta_ax': 0.841, 'eta_cc': 0.841, 'eta_overall': 0.827, 'eta_overall_fielded': 0.719, 'T0_eye': 361.72, 'U2': 410.162, 'U2_fielded': np.float64(441.097), 'stress_MPa': 307.425, 'stress_fielded_MPa': np.float64(355.546), 'stress_factor': 1.464, 'stress_factor_fielded': np.float64(1.266), 'M1s_rel': 0.865, 'choked': False, 'D_axial_mm': 145.066, 'D_diffuser_mm': 168.696, 'D2_mm': 120.516, 'M_rel_tip_axial': 1.247, 'L_axial_mm': 129.72, 'ax_hub_tip': 0.4, 'ax_Cx': 170}
{'n_ax': 2, 'pi_a': 1.8, 'pi_c': 2.222, 'OPR': 4.0, 'rpm': 65000, 'eta_ax': 0.857, 'eta_cc': 0.839, 'eta_overall': 0.833, 'eta_overall_fielded': 0.723, 'T0_eye': 374.788, 'U2': 386.528, 'U2_fielded': np.float64(416.494), 'stress_MPa': 273.017, 'stress_fielded_MPa': np.float64(316.99), 'stress_factor': 1.648, 'stress_factor_fielded': np.float64(1.42), 'M1s_rel': 0.823, 'choked': False, 'D_axial_mm': 144.619, 'D_diffuser_mm': 159.321, 'D2_mm': 113.571, 'M_rel_tip_axial': 1.26, 'L_axial_mm': 124.457, 'ax_hub_tip': 0.4, 'ax_Cx': 170}
{'n_ax': 2, 'pi_a': 2.0, 'pi_c': 2.0, 'OPR': 4.0, 'rpm': 65000, 'eta_ax': 0.864, 'eta_cc': 0.836, 'eta_overall': 0.835, 'eta_overall_fielded': 0.725, 'T0_eye': 387.179, 'U2': 363.936, 'U2_fielded': np.float64(392.829), 'stress_MPa': 242.035, 'stress_fielded_MPa': np.float64(281.991), 'stress_factor': 1.859, 'stress_factor_fielded': np.float64(1.596), 'M1s_rel': 0.786, 'choked': False, 'D_axial_mm': 139.777, 'D_diffuser_mm': 150.36, 'D2_mm': 106.933, 'M_rel_tip_axial': 1.267, 'L_axial_mm': 115.607, 'ax_hub_tip': 0.4, 'ax_Cx': 185}
{'n_ax': 2, 'pi_a': 1.6, 'OPR': 4.0, 'rpm': 75000, 'note': 'no feasible axial stage(s)'}
{'n_ax': 2, 'pi_a': 1.8, 'OPR': 4.0, 'rpm': 75000, 'note': 'no feasible axial stage(s)'}
{'n_ax': 2, 'pi_a': 2.0, 'OPR': 4.0, 'rpm': 75000, 'note': 'no feasible axial stage(s)'}
{'n_ax': 2, 'pi_a': 1.6, 'OPR': 4.0, 'rpm': 85000, 'note': 'no feasible axial stage(s)'}
{'n_ax': 2, 'pi_a': 1.8, 'OPR': 4.0, 'rpm': 85000, 'note': 'no feasible axial stage(s)'}
{'n_ax': 2, 'pi_a': 2.0, 'OPR': 4.0, 'rpm': 85000, 'note': 'no feasible axial stage(s)'}
{'n_ax': 2, 'pi_a': 1.6, 'pi_c': 2.812, 'OPR': 4.5, 'rpm': 65000, 'eta_ax': 0.841, 'eta_cc': 0.848, 'eta_overall': 0.832, 'eta_overall_fielded': 0.723, 'T0_eye': 361.72, 'U2': 437.58, 'U2_fielded': np.float64(470.583), 'stress_MPa': 349.9, 'stress_fielded_MPa': np.float64(404.669), 'stress_factor': 1.286, 'stress_factor_fielded': np.float64(1.112), 'M1s_rel': 0.865, 'choked': False, 'D_axial_mm': 145.066, 'D_diffuser_mm': 179.572, 'D2_mm': 128.572, 'M_rel_tip_axial': 1.247, 'L_axial_mm': 129.72, 'ax_hub_tip': 0.4, 'ax_Cx': 170}
{'n_ax': 2, 'pi_a': 1.8, 'pi_c': 2.5, 'OPR': 4.5, 'rpm': 65000, 'eta_ax': 0.857, 'eta_cc': 0.848, 'eta_overall': 0.837, 'eta_overall_fielded': 0.726, 'T0_eye': 374.788, 'U2': 415.406, 'U2_fielded': np.float64(447.611), 'stress_MPa': 315.335, 'stress_fielded_MPa': np.float64(366.124), 'stress_factor': 1.427, 'stress_factor_fielded': np.float64(1.229), 'M1s_rel': 0.823, 'choked': False, 'D_axial_mm': 144.619, 'D_diffuser_mm': 170.776, 'D2_mm': 122.056, 'M_rel_tip_axial': 1.26, 'L_axial_mm': 124.457, 'ax_hub_tip': 0.4, 'ax_Cx': 170}
{'n_ax': 2, 'pi_a': 2.0, 'pi_c': 2.25, 'OPR': 4.5, 'rpm': 65000, 'eta_ax': 0.864, 'eta_cc': 0.846, 'eta_overall': 0.839, 'eta_overall_fielded': 0.728, 'T0_eye': 387.179, 'U2': 394.407, 'U2_fielded': np.float64(425.718), 'stress_MPa': 284.26, 'stress_fielded_MPa': np.float64(331.186), 'stress_factor': 1.583, 'stress_factor_fielded': np.float64(1.359), 'M1s_rel': 0.786, 'choked': False, 'D_axial_mm': 139.777, 'D_diffuser_mm': 162.447, 'D2_mm': 115.886, 'M_rel_tip_axial': 1.267, 'L_axial_mm': 115.607, 'ax_hub_tip': 0.4, 'ax_Cx': 185}
{'n_ax': 2, 'pi_a': 1.6, 'OPR': 4.5, 'rpm': 75000, 'note': 'no feasible axial stage(s)'}
{'n_ax': 2, 'pi_a': 1.8, 'OPR': 4.5, 'rpm': 75000, 'note': 'no feasible axial stage(s)'}
{'n_ax': 2, 'pi_a': 2.0, 'OPR': 4.5, 'rpm': 75000, 'note': 'no feasible axial stage(s)'}
{'n_ax': 2, 'pi_a': 1.6, 'OPR': 4.5, 'rpm': 85000, 'note': 'no feasible axial stage(s)'}
{'n_ax': 2, 'pi_a': 1.8, 'OPR': 4.5, 'rpm': 85000, 'note': 'no feasible axial stage(s)'}
{'n_ax': 2, 'pi_a': 2.0, 'OPR': 4.5, 'rpm': 85000, 'note': 'no feasible axial stage(s)'}
{'n_ax': 2, 'pi_a': 1.6, 'pi_c': 3.125, 'OPR': 5.0, 'rpm': 65000, 'eta_ax': 0.841, 'eta_cc': 0.853, 'eta_overall': 0.835, 'eta_overall_fielded': 0.725, 'T0_eye': 361.72, 'U2': 461.621, 'U2_fielded': np.float64(496.436), 'stress_MPa': 389.402, 'stress_fielded_MPa': np.float64(450.355), 'stress_factor': 1.156, 'stress_factor_fielded': np.float64(0.999), 'M1s_rel': 0.865, 'choked': False, 'D_axial_mm': 145.066, 'D_diffuser_mm': 189.108, 'D2_mm': 135.636, 'M_rel_tip_axial': 1.247, 'L_axial_mm': 129.72, 'ax_hub_tip': 0.4, 'ax_Cx': 170}
{'n_ax': 2, 'pi_a': 1.8, 'pi_c': 2.778, 'OPR': 5.0, 'rpm': 65000, 'eta_ax': 0.857, 'eta_cc': 0.854, 'eta_overall': 0.84, 'eta_overall_fielded': 0.729, 'T0_eye': 374.788, 'U2': 440.542, 'U2_fielded': np.float64(474.696), 'stress_MPa': 354.652, 'stress_fielded_MPa': np.float64(411.774), 'stress_factor': 1.269, 'stress_factor_fielded': np.float64(1.093), 'M1s_rel': 0.823, 'choked': False, 'D_axial_mm': 144.619, 'D_diffuser_mm': 180.747, 'D2_mm': 129.442, 'M_rel_tip_axial': 1.26, 'L_axial_mm': 124.457, 'ax_hub_tip': 0.4, 'ax_Cx': 170}
{'n_ax': 2, 'pi_a': 2.0, 'pi_c': 2.5, 'OPR': 5.0, 'rpm': 65000, 'eta_ax': 0.864, 'eta_cc': 0.853, 'eta_overall': 0.842, 'eta_overall_fielded': 0.73, 'T0_eye': 387.179, 'U2': 420.722, 'U2_fielded': np.float64(454.123), 'stress_MPa': 323.458, 'stress_fielded_MPa': np.float64(376.855), 'stress_factor': 1.391, 'stress_factor_fielded': np.float64(1.194), 'M1s_rel': 0.786, 'choked': False, 'D_axial_mm': 139.777, 'D_diffuser_mm': 172.885, 'D2_mm': 123.618, 'M_rel_tip_axial': 1.267, 'L_axial_mm': 115.607, 'ax_hub_tip': 0.4, 'ax_Cx': 185}
{'n_ax': 2, 'pi_a': 1.6, 'OPR': 5.0, 'rpm': 75000, 'note': 'no feasible axial stage(s)'}
{'n_ax': 2, 'pi_a': 1.8, 'OPR': 5.0, 'rpm': 75000, 'note': 'no feasible axial stage(s)'}
{'n_ax': 2, 'pi_a': 2.0, 'OPR': 5.0, 'rpm': 75000, 'note': 'no feasible axial stage(s)'}
{'n_ax': 2, 'pi_a': 1.6, 'OPR': 5.0, 'rpm': 85000, 'note': 'no feasible axial stage(s)'}
{'n_ax': 2, 'pi_a': 1.8, 'OPR': 5.0, 'rpm': 85000, 'note': 'no feasible axial stage(s)'}
{'n_ax': 2, 'pi_a': 2.0, 'OPR': 5.0, 'rpm': 85000, 'note': 'no feasible axial stage(s)'}
 n_ax  pi_a  pi_c  OPR   rpm  eta_ax  eta_cc  eta_overall  eta_overall_fielded  T0_eye      U2  U2_fielded  stress_MPa  stress_fielded_MPa  stress_factor  stress_factor_fielded  M1s_rel choked  D_axial_mm  D_diffuser_mm   D2_mm  M_rel_tip_axial  L_axial_mm  ax_hub_tip  ax_Cx                       note
    2   1.6 2.500  4.0 65000   0.841   0.841        0.827                0.719 361.720 410.162     441.097     307.425             355.546          1.464                  1.266    0.865  False     145.066        168.696 120.516            1.247     129.720         0.4  170.0                        NaN
    2   1.8 2.222  4.0 65000   0.857   0.839        0.833                0.723 374.788 386.528     416.494     273.017             316.990          1.648                  1.420    0.823  False     144.619        159.321 113.571            1.260     124.457         0.4  170.0                        NaN
    2   2.0 2.000  4.0 65000   0.864   0.836        0.835                0.725 387.179 363.936     392.829     242.035             281.991          1.859                  1.596    0.786  False     139.777        150.360 106.933            1.267     115.607         0.4  185.0                        NaN
    2   1.6   NaN  4.0 75000     NaN     NaN          NaN                  NaN     NaN     NaN         NaN         NaN                 NaN            NaN                    NaN      NaN    NaN         NaN            NaN     NaN              NaN         NaN         NaN    NaN no feasible axial stage(s)
    2   1.8   NaN  4.0 75000     NaN     NaN          NaN                  NaN     NaN     NaN         NaN         NaN                 NaN            NaN                    NaN      NaN    NaN         NaN            NaN     NaN              NaN         NaN         NaN    NaN no feasible axial stage(s)
    2   2.0   NaN  4.0 75000     NaN     NaN          NaN                  NaN     NaN     NaN         NaN         NaN                 NaN            NaN                    NaN      NaN    NaN         NaN            NaN     NaN              NaN         NaN         NaN    NaN no feasible axial stage(s)
    2   1.6   NaN  4.0 85000     NaN     NaN          NaN                  NaN     NaN     NaN         NaN         NaN                 NaN            NaN                    NaN      NaN    NaN         NaN            NaN     NaN              NaN         NaN         NaN    NaN no feasible axial stage(s)
    2   1.8   NaN  4.0 85000     NaN     NaN          NaN                  NaN     NaN     NaN         NaN         NaN                 NaN            NaN                    NaN      NaN    NaN         NaN            NaN     NaN              NaN         NaN         NaN    NaN no feasible axial stage(s)
    2   2.0   NaN  4.0 85000     NaN     NaN          NaN                  NaN     NaN     NaN         NaN         NaN                 NaN            NaN                    NaN      NaN    NaN         NaN            NaN     NaN              NaN         NaN         NaN    NaN no feasible axial stage(s)
    2   1.6 2.812  4.5 65000   0.841   0.848        0.832                0.723 361.720 437.580     470.583     349.900             404.669          1.286                  1.112    0.865  False     145.066        179.572 128.572            1.247     129.720         0.4  170.0                        NaN
    2   1.8 2.500  4.5 65000   0.857   0.848        0.837                0.726 374.788 415.406     447.611     315.335             366.124          1.427                  1.229    0.823  False     144.619        170.776 122.056            1.260     124.457         0.4  170.0                        NaN
    2   2.0 2.250  4.5 65000   0.864   0.846        0.839                0.728 387.179 394.407     425.718     284.260             331.186          1.583                  1.359    0.786  False     139.777        162.447 115.886            1.267     115.607         0.4  185.0                        NaN
    2   1.6   NaN  4.5 75000     NaN     NaN          NaN                  NaN     NaN     NaN         NaN         NaN                 NaN            NaN                    NaN      NaN    NaN         NaN            NaN     NaN              NaN         NaN         NaN    NaN no feasible axial stage(s)
    2   1.8   NaN  4.5 75000     NaN     NaN          NaN                  NaN     NaN     NaN         NaN         NaN                 NaN            NaN                    NaN      NaN    NaN         NaN            NaN     NaN              NaN         NaN         NaN    NaN no feasible axial stage(s)
    2   2.0   NaN  4.5 75000     NaN     NaN          NaN                  NaN     NaN     NaN         NaN         NaN                 NaN            NaN                    NaN      NaN    NaN         NaN            NaN     NaN              NaN         NaN         NaN    NaN no feasible axial stage(s)
    2   1.6   NaN  4.5 85000     NaN     NaN          NaN                  NaN     NaN     NaN         NaN         NaN                 NaN            NaN                    NaN      NaN    NaN         NaN            NaN     NaN              NaN         NaN         NaN    NaN no feasible axial stage(s)
    2   1.8   NaN  4.5 85000     NaN     NaN          NaN                  NaN     NaN     NaN         NaN         NaN                 NaN            NaN                    NaN      NaN    NaN         NaN            NaN     NaN              NaN         NaN         NaN    NaN no feasible axial stage(s)
    2   2.0   NaN  4.5 85000     NaN     NaN          NaN                  NaN     NaN     NaN         NaN         NaN                 NaN            NaN                    NaN      NaN    NaN         NaN            NaN     NaN              NaN         NaN         NaN    NaN no feasible axial stage(s)
    2   1.6 3.125  5.0 65000   0.841   0.853        0.835                0.725 361.720 461.621     496.436     389.402             450.355          1.156                  0.999    0.865  False     145.066        189.108 135.636            1.247     129.720         0.4  170.0                        NaN
    2   1.8 2.778  5.0 65000   0.857   0.854        0.840                0.729 374.788 440.542     474.696     354.652             411.774          1.269                  1.093    0.823  False     144.619        180.747 129.442            1.260     124.457         0.4  170.0                        NaN
    2   2.0 2.500  5.0 65000   0.864   0.853        0.842                0.730 387.179 420.722     454.123     323.458             376.855          1.391                  1.194    0.786  False     139.777        172.885 123.618            1.267     115.607         0.4  185.0                        NaN
    2   1.6   NaN  5.0 75000     NaN     NaN          NaN                  NaN     NaN     NaN         NaN         NaN                 NaN            NaN                    NaN      NaN    NaN         NaN            NaN     NaN              NaN         NaN         NaN    NaN no feasible axial stage(s)
    2   1.8   NaN  5.0 75000     NaN     NaN          NaN                  NaN     NaN     NaN         NaN         NaN                 NaN            NaN                    NaN      NaN    NaN         NaN            NaN     NaN              NaN         NaN         NaN    NaN no feasible axial stage(s)
    2   2.0   NaN  5.0 75000     NaN     NaN          NaN                  NaN     NaN     NaN         NaN         NaN                 NaN            NaN                    NaN      NaN    NaN         NaN            NaN     NaN              NaN         NaN         NaN    NaN no feasible axial stage(s)
    2   1.6   NaN  5.0 85000     NaN     NaN          NaN                  NaN     NaN     NaN         NaN         NaN                 NaN            NaN                    NaN      NaN    NaN         NaN            NaN     NaN              NaN         NaN         NaN    NaN no feasible axial stage(s)
    2   1.8   NaN  5.0 85000     NaN     NaN          NaN                  NaN     NaN     NaN         NaN         NaN                 NaN            NaN                    NaN      NaN    NaN         NaN            NaN     NaN              NaN         NaN         NaN    NaN no feasible axial stage(s)
    2   2.0   NaN  5.0 85000     NaN     NaN          NaN                  NaN     NaN     NaN         NaN         NaN                 NaN            NaN                    NaN      NaN    NaN         NaN            NaN     NaN              NaN         NaN         NaN    NaN no feasible axial stage(s)
