{'n_ax': 1, 'pi_a': 1.3, 'pi_c': 3.077, 'OPR': 4.0, 'rpm': 65000, 'eta_ax': 0.849, 'eta_cc': 0.841, 'eta_overall': 0.833, 'eta_overall_fielded': 0.728, 'T0_eye': 337.235, 'U2': 445.87, 'U2_fielded': np.float64(477.535), 'stress_MPa': 363.281, 'stress_fielded_MPa': np.float64(416.714), 'stress_factor': 1.239, 'stress_factor_fielded': np.float64(1.08), 'M1s_rel': 0.947, 'choked': False, 'D_axial_mm': 144.93, 'D_diffuser_mm': 182.86, 'D2_mm': 131.007, 'M_rel_tip_axial': 1.25, 'L_axial_mm': 70.079, 'ax_hub_tip': 0.4, 'ax_Cx': 170}
{'n_ax': 1, 'pi_a': 1.4, 'pi_c': 2.857, 'OPR': 4.0, 'rpm': 65000, 'eta_ax': 0.865, 'eta_cc': 0.841, 'eta_overall': 0.836, 'eta_overall_fielded': 0.729, 'T0_eye': 344.945, 'U2': 433.253, 'U2_fielded': np.float64(464.653), 'stress_MPa': 343.014, 'stress_fielded_MPa': np.float64(394.535), 'stress_factor': 1.312, 'stress_factor_fielded': np.float64(1.141), 'M1s_rel': 0.917, 'choked': False, 'D_axial_mm': 144.424, 'D_diffuser_mm': 177.856, 'D2_mm': 127.3, 'M_rel_tip_axial': 1.266, 'L_axial_mm': 68.413, 'ax_hub_tip': 0.4, 'ax_Cx': 170}
{'n_ax': 1, 'pi_a': 1.5, 'pi_c': 2.667, 'OPR': 4.0, 'rpm': 65000, 'eta_ax': 0.863, 'eta_cc': 0.842, 'eta_overall': 0.836, 'eta_overall_fielded': 0.728, 'T0_eye': 352.877, 'U2': 421.084, 'U2_fielded': np.float64(452.203), 'stress_MPa': 324.014, 'stress_fielded_MPa': np.float64(373.676), 'stress_factor': 1.389, 'stress_factor_fielded': np.float64(1.204), 'M1s_rel': 0.89, 'choked': False, 'D_axial_mm': 139.578, 'D_diffuser_mm': 173.028, 'D2_mm': 123.725, 'M_rel_tip_axial': 1.285, 'L_axial_mm': 59.516, 'ax_hub_tip': 0.45, 'ax_Cx': 200}
{'n_ax': 1, 'pi_a': 1.3, 'OPR': 4.0, 'rpm': 75000, 'note': 'no feasible axial stage(s)'}
{'n_ax': 1, 'pi_a': 1.4, 'OPR': 4.0, 'rpm': 75000, 'note': 'no feasible axial stage(s)'}
{'n_ax': 1, 'pi_a': 1.5, 'OPR': 4.0, 'rpm': 75000, 'note': 'no feasible axial stage(s)'}
{'n_ax': 1, 'pi_a': 1.3, 'OPR': 4.0, 'rpm': 85000, 'note': 'no feasible axial stage(s)'}
{'n_ax': 1, 'pi_a': 1.4, 'OPR': 4.0, 'rpm': 85000, 'note': 'no feasible axial stage(s)'}
{'n_ax': 1, 'pi_a': 1.5, 'OPR': 4.0, 'rpm': 85000, 'note': 'no feasible axial stage(s)'}
{'n_ax': 1, 'pi_a': 1.3, 'pi_c': 3.462, 'OPR': 4.5, 'rpm': 65000, 'eta_ax': 0.849, 'eta_cc': 0.846, 'eta_overall': 0.838, 'eta_overall_fielded': 0.731, 'T0_eye': 337.235, 'U2': 471.256, 'U2_fielded': np.float64(504.724), 'stress_MPa': 405.827, 'stress_fielded_MPa': np.float64(465.518), 'stress_factor': 1.109, 'stress_factor_fielded': np.float64(0.967), 'M1s_rel': 0.947, 'choked': False, 'D_axial_mm': 144.93, 'D_diffuser_mm': 192.93, 'D2_mm': 138.467, 'M_rel_tip_axial': 1.25, 'L_axial_mm': 70.079, 'ax_hub_tip': 0.4, 'ax_Cx': 170}
{'n_ax': 1, 'pi_a': 1.4, 'pi_c': 3.214, 'OPR': 4.5, 'rpm': 65000, 'eta_ax': 0.865, 'eta_cc': 0.847, 'eta_overall': 0.84, 'eta_overall_fielded': 0.733, 'T0_eye': 344.945, 'U2': 459.255, 'U2_fielded': np.float64(492.539), 'stress_MPa': 385.42, 'stress_fielded_MPa': np.float64(443.311), 'stress_factor': 1.168, 'stress_factor_fielded': np.float64(1.015), 'M1s_rel': 0.917, 'choked': False, 'D_axial_mm': 144.424, 'D_diffuser_mm': 188.169, 'D2_mm': 134.94, 'M_rel_tip_axial': 1.266, 'L_axial_mm': 68.413, 'ax_hub_tip': 0.4, 'ax_Cx': 170}
{'n_ax': 1, 'pi_a': 1.5, 'pi_c': 3.0, 'OPR': 4.5, 'rpm': 65000, 'eta_ax': 0.863, 'eta_cc': 0.848, 'eta_overall': 0.84, 'eta_overall_fielded': 0.731, 'T0_eye': 352.877, 'U2': 447.769, 'U2_fielded': np.float64(480.86), 'stress_MPa': 366.383, 'stress_fielded_MPa': np.float64(422.538), 'stress_factor': 1.228, 'stress_factor_fielded': np.float64(1.065), 'M1s_rel': 0.89, 'choked': False, 'D_axial_mm': 139.578, 'D_diffuser_mm': 183.613, 'D2_mm': 131.565, 'M_rel_tip_axial': 1.285, 'L_axial_mm': 59.516, 'ax_hub_tip': 0.45, 'ax_Cx': 200}
{'n_ax': 1, 'pi_a': 1.3, 'OPR': 4.5, 'rpm': 75000, 'note': 'no feasible axial stage(s)'}
{'n_ax': 1, 'pi_a': 1.4, 'OPR': 4.5, 'rpm': 75000, 'note': 'no feasible axial stage(s)'}
{'n_ax': 1, 'pi_a': 1.5, 'OPR': 4.5, 'rpm': 75000, 'note': 'no feasible axial stage(s)'}
{'n_ax': 1, 'pi_a': 1.3, 'OPR': 4.5, 'rpm': 85000, 'note': 'no feasible axial stage(s)'}
{'n_ax': 1, 'pi_a': 1.4, 'OPR': 4.5, 'rpm': 85000, 'note': 'no feasible axial stage(s)'}
{'n_ax': 1, 'pi_a': 1.5, 'OPR': 4.5, 'rpm': 85000, 'note': 'no feasible axial stage(s)'}
{'n_ax': 1, 'pi_a': 1.3, 'pi_c': 3.846, 'OPR': 5.0, 'rpm': 65000, 'eta_ax': 0.849, 'eta_cc': 0.85, 'eta_overall': 0.84, 'eta_overall_fielded': 0.733, 'T0_eye': 337.235, 'U2': 493.741, 'U2_fielded': np.float64(528.806), 'stress_MPa': 445.477, 'stress_fielded_MPa': np.float64(511.0), 'stress_factor': 1.01, 'stress_factor_fielded': np.float64(0.881), 'M1s_rel': 0.947, 'choked': False, 'D_axial_mm': 144.93, 'D_diffuser_mm': 201.849, 'D2_mm': 145.073, 'M_rel_tip_axial': 1.25, 'L_axial_mm': 70.079, 'ax_hub_tip': 0.4, 'ax_Cx': 170}
{'n_ax': 1, 'pi_a': 1.4, 'pi_c': 3.571, 'OPR': 5.0, 'rpm': 65000, 'eta_ax': 0.865, 'eta_cc': 0.851, 'eta_overall': 0.843, 'eta_overall_fielded': 0.735, 'T0_eye': 344.945, 'U2': 482.209, 'U2_fielded': np.float64(517.157), 'stress_MPa': 424.911, 'stress_fielded_MPa': np.float64(488.734), 'stress_factor': 1.059, 'stress_factor_fielded': np.float64(0.921), 'M1s_rel': 0.917, 'choked': False, 'D_axial_mm': 144.424, 'D_diffuser_mm': 197.274, 'D2_mm': 141.685, 'M_rel_tip_axial': 1.266, 'L_axial_mm': 68.413, 'ax_hub_tip': 0.4, 'ax_Cx': 170}
{'n_ax': 1, 'pi_a': 1.5, 'pi_c': 3.333, 'OPR': 5.0, 'rpm': 65000, 'eta_ax': 0.863, 'eta_cc': 0.852, 'eta_overall': 0.843, 'eta_overall_fielded': 0.733, 'T0_eye': 352.877, 'U2': 471.246, 'U2_fielded': np.float64(506.072), 'stress_MPa': 405.81, 'stress_fielded_MPa': np.float64(468.008), 'stress_factor': 1.109, 'stress_factor_fielded': np.float64(0.962), 'M1s_rel': 0.89, 'choked': False, 'D_axial_mm': 139.578, 'D_diffuser_mm': 192.926, 'D2_mm': 138.464, 'M_rel_tip_axial': 1.285, 'L_axial_mm': 59.516, 'ax_hub_tip': 0.45, 'ax_Cx': 200}
{'n_ax': 1, 'pi_a': 1.3, 'OPR': 5.0, 'rpm': 75000, 'note': 'no feasible axial stage(s)'}
{'n_ax': 1, 'pi_a': 1.4, 'OPR': 5.0, 'rpm': 75000, 'note': 'no feasible axial stage(s)'}
{'n_ax': 1, 'pi_a': 1.5, 'OPR': 5.0, 'rpm': 75000, 'note': 'no feasible axial stage(s)'}
{'n_ax': 1, 'pi_a': 1.3, 'OPR': 5.0, 'rpm': 85000, 'note': 'no feasible axial stage(s)'}
{'n_ax': 1, 'pi_a': 1.4, 'OPR': 5.0, 'rpm': 85000, 'note': 'no feasible axial stage(s)'}
{'n_ax': 1, 'pi_a': 1.5, 'OPR': 5.0, 'rpm': 85000, 'note': 'no feasible axial stage(s)'}
 n_ax  pi_a  pi_c  OPR   rpm  eta_ax  eta_cc  eta_overall  eta_overall_fielded  T0_eye      U2  U2_fielded  stress_MPa  stress_fielded_MPa  stress_factor  stress_factor_fielded  M1s_rel choked  D_axial_mm  D_diffuser_mm   D2_mm  M_rel_tip_axial  L_axial_mm  ax_hub_tip  ax_Cx                       note
    1   1.3 3.077  4.0 65000   0.849   0.841        0.833                0.728 337.235 445.870     477.535     363.281             416.714          1.239                  1.080    0.947  False     144.930        182.860 131.007            1.250      70.079        0.40  170.0                        NaN
    1   1.4 2.857  4.0 65000   0.865   0.841        0.836                0.729 344.945 433.253     464.653     343.014             394.535          1.312                  1.141    0.917  False     144.424        177.856 127.300            1.266      68.413        0.40  170.0                        NaN
    1   1.5 2.667  4.0 65000   0.863   0.842        0.836                0.728 352.877 421.084     452.203     324.014             373.676          1.389                  1.204    0.890  False     139.578        173.028 123.725            1.285      59.516        0.45  200.0                        NaN
    1   1.3   NaN  4.0 75000     NaN     NaN          NaN                  NaN     NaN     NaN         NaN         NaN                 NaN            NaN                    NaN      NaN    NaN         NaN            NaN     NaN              NaN         NaN         NaN    NaN no feasible axial stage(s)
    1   1.4   NaN  4.0 75000     NaN     NaN          NaN                  NaN     NaN     NaN         NaN         NaN                 NaN            NaN                    NaN      NaN    NaN         NaN            NaN     NaN              NaN         NaN         NaN    NaN no feasible axial stage(s)
    1   1.5   NaN  4.0 75000     NaN     NaN          NaN                  NaN     NaN     NaN         NaN         NaN                 NaN            NaN                    NaN      NaN    NaN         NaN            NaN     NaN              NaN         NaN         NaN    NaN no feasible axial stage(s)
    1   1.3   NaN  4.0 85000     NaN     NaN          NaN                  NaN     NaN     NaN         NaN         NaN                 NaN            NaN                    NaN      NaN    NaN         NaN            NaN     NaN              NaN         NaN         NaN    NaN no feasible axial stage(s)
    1   1.4   NaN  4.0 85000     NaN     NaN          NaN                  NaN     NaN     NaN         NaN         NaN                 NaN            NaN                    NaN      NaN    NaN         NaN            NaN     NaN              NaN         NaN         NaN    NaN no feasible axial stage(s)
    1   1.5   NaN  4.0 85000     NaN     NaN          NaN                  NaN     NaN     NaN         NaN         NaN                 NaN            NaN                    NaN      NaN    NaN         NaN            NaN     NaN              NaN         NaN         NaN    NaN no feasible axial stage(s)
    1   1.3 3.462  4.5 65000   0.849   0.846        0.838                0.731 337.235 471.256     504.724     405.827             465.518          1.109                  0.967    0.947  False     144.930        192.930 138.467            1.250      70.079        0.40  170.0                        NaN
    1   1.4 3.214  4.5 65000   0.865   0.847        0.840                0.733 344.945 459.255     492.539     385.420             443.311          1.168                  1.015    0.917  False     144.424        188.169 134.940            1.266      68.413        0.40  170.0                        NaN
    1   1.5 3.000  4.5 65000   0.863   0.848        0.840                0.731 352.877 447.769     480.860     366.383             422.538          1.228                  1.065    0.890  False     139.578        183.613 131.565            1.285      59.516        0.45  200.0                        NaN
    1   1.3   NaN  4.5 75000     NaN     NaN          NaN                  NaN     NaN     NaN         NaN         NaN                 NaN            NaN                    NaN      NaN    NaN         NaN            NaN     NaN              NaN         NaN         NaN    NaN no feasible axial stage(s)
    1   1.4   NaN  4.5 75000     NaN     NaN          NaN                  NaN     NaN     NaN         NaN         NaN                 NaN            NaN                    NaN      NaN    NaN         NaN            NaN     NaN              NaN         NaN         NaN    NaN no feasible axial stage(s)
    1   1.5   NaN  4.5 75000     NaN     NaN          NaN                  NaN     NaN     NaN         NaN         NaN                 NaN            NaN                    NaN      NaN    NaN         NaN            NaN     NaN              NaN         NaN         NaN    NaN no feasible axial stage(s)
    1   1.3   NaN  4.5 85000     NaN     NaN          NaN                  NaN     NaN     NaN         NaN         NaN                 NaN            NaN                    NaN      NaN    NaN         NaN            NaN     NaN              NaN         NaN         NaN    NaN no feasible axial stage(s)
    1   1.4   NaN  4.5 85000     NaN     NaN          NaN                  NaN     NaN     NaN         NaN         NaN                 NaN            NaN                    NaN      NaN    NaN         NaN            NaN     NaN              NaN         NaN         NaN    NaN no feasible axial stage(s)
    1   1.5   NaN  4.5 85000     NaN     NaN          NaN                  NaN     NaN     NaN         NaN         NaN                 NaN            NaN                    NaN      NaN    NaN         NaN            NaN     NaN              NaN         NaN         NaN    NaN no feasible axial stage(s)
    1   1.3 3.846  5.0 65000   0.849   0.850        0.840                0.733 337.235 493.741     528.806     445.477             511.000          1.010                  0.881    0.947  False     144.930        201.849 145.073            1.250      70.079        0.40  170.0                        NaN
    1   1.4 3.571  5.0 65000   0.865   0.851        0.843                0.735 344.945 482.209     517.157     424.911             488.734          1.059                  0.921    0.917  False     144.424        197.274 141.685            1.266      68.413        0.40  170.0                        NaN
    1   1.5 3.333  5.0 65000   0.863   0.852        0.843                0.733 352.877 471.246     506.072     405.810             468.008          1.109                  0.962    0.890  False     139.578        192.926 138.464            1.285      59.516        0.45  200.0                        NaN
    1   1.3   NaN  5.0 75000     NaN     NaN          NaN                  NaN     NaN     NaN         NaN         NaN                 NaN            NaN                    NaN      NaN    NaN         NaN            NaN     NaN              NaN         NaN         NaN    NaN no feasible axial stage(s)
    1   1.4   NaN  5.0 75000     NaN     NaN          NaN                  NaN     NaN     NaN         NaN         NaN                 NaN            NaN                    NaN      NaN    NaN         NaN            NaN     NaN              NaN         NaN         NaN    NaN no feasible axial stage(s)
    1   1.5   NaN  5.0 75000     NaN     NaN          NaN                  NaN     NaN     NaN         NaN         NaN                 NaN            NaN                    NaN      NaN    NaN         NaN            NaN     NaN              NaN         NaN         NaN    NaN no feasible axial stage(s)
    1   1.3   NaN  5.0 85000     NaN     NaN          NaN                  NaN     NaN     NaN         NaN         NaN                 NaN            NaN                    NaN      NaN    NaN         NaN            NaN     NaN              NaN         NaN         NaN    NaN no feasible axial stage(s)
    1   1.4   NaN  5.0 85000     NaN     NaN          NaN                  NaN     NaN     NaN         NaN         NaN                 NaN            NaN                    NaN      NaN    NaN         NaN            NaN     NaN              NaN         NaN         NaN    NaN no feasible axial stage(s)
    1   1.5   NaN  5.0 85000     NaN     NaN          NaN                  NaN     NaN     NaN         NaN         NaN                 NaN            NaN                    NaN      NaN    NaN         NaN            NaN     NaN              NaN         NaN         NaN    NaN no feasible axial stage(s)
