--------------------------------------------------------------------------------
 Summary of operation points scheduled for simulation
--------------------------------------------------------------------------------
   Index    Fluid   angle_in        T0_in        p0_in mass_flow_rate        omega
                       [deg]       [degC]        [kPa]       [kg/s]        [RPM]
       1      air        0.0        35.75       101.74         1.07        75000
--------------------------------------------------------------------------------

 Computing operation point 1 of 1
--------------------------------------------------------------------------------
 Operating point: 
--------------------------------------------------------------------------------
 Fluid:                    air
 Flow angle in:            0.00 deg
 Total temperature in:     35.75 degC
 Total pressure in:        1.017 bar
 Mass flow rate:           1.075 kg/s
 Angular speed:            75000.0 RPM
--------------------------------------------------------------------------------

Generating heuristic inital guesses from latin hypercube sampling
Number of failures: 0 out of 30 samples
Least norm of residuals: 0.1885230117793488

--------------------------------------------------------------------------------
               Final summary of performance analysis calculations               
--------------------------------------------------------------------------------
 Simulation successful for 1 out of 1 points
 Average calculation time per operation point: 11.121 seconds
 Minimum calculation time of all operation points: 11.121 seconds
 Maximum calculation time of all operation points: 11.121 seconds
 Total calculation time for all operation points: 11.121 seconds
--------------------------------------------------------------------------------

DESIGN CHECK: {'N': 1.0, 'mdot': 1.0749496241168017, 'PR': 4.000211407168889, 'eta': 0.8103860933512428, 'choked': False, 'success': True} | design run PR 4.0002 eta 0.8104
--------------------------------------------------------------------------------
 Summary of operation points scheduled for simulation
--------------------------------------------------------------------------------
   Index    Fluid   angle_in        T0_in        p0_in mass_flow_rate        omega
                       [deg]       [degC]        [kPa]       [kg/s]        [RPM]
       1      air        0.0        35.75       101.74         0.51        26250
--------------------------------------------------------------------------------

 Computing operation point 1 of 1
--------------------------------------------------------------------------------
 Operating point: 
--------------------------------------------------------------------------------
 Fluid:                    air
 Flow angle in:            0.00 deg
 Total temperature in:     35.75 degC
 Total pressure in:        1.017 bar
 Mass flow rate:           0.508 kg/s
 Angular speed:            26250.0 RPM
--------------------------------------------------------------------------------

Generating heuristic inital guesses from latin hypercube sampling
Number of failures: 0 out of 30 samples
Least norm of residuals: 1.8135330827507947

--------------------------------------------------------------------------------
               Final summary of performance analysis calculations               
--------------------------------------------------------------------------------
 Simulation successful for 1 out of 1 points
 Average calculation time per operation point: 8.038 seconds
 Minimum calculation time of all operation points: 8.038 seconds
 Maximum calculation time of all operation points: 8.038 seconds
 Total calculation time for all operation points: 8.038 seconds
--------------------------------------------------------------------------------

--------------------------------------------------------------------------------
 Summary of operation points scheduled for simulation
--------------------------------------------------------------------------------
   Index    Fluid   angle_in        T0_in        p0_in mass_flow_rate        omega
                       [deg]       [degC]        [kPa]       [kg/s]        [RPM]
       1      air        0.0        35.75       101.74         0.49        26250
--------------------------------------------------------------------------------

 Computing operation point 1 of 1
--------------------------------------------------------------------------------
 Operating point: 
--------------------------------------------------------------------------------
 Fluid:                    air
 Flow angle in:            0.00 deg
 Total temperature in:     35.75 degC
 Total pressure in:        1.017 bar
 Mass flow rate:           0.489 kg/s
 Angular speed:            26250.0 RPM
--------------------------------------------------------------------------------

Generating heuristic inital guesses from latin hypercube sampling
Number of failures: 0 out of 30 samples
Least norm of residuals: 1.8087584442416136

--------------------------------------------------------------------------------
               Final summary of performance analysis calculations               
--------------------------------------------------------------------------------
 Simulation successful for 1 out of 1 points
 Average calculation time per operation point: 17.468 seconds
 Minimum calculation time of all operation points: 17.468 seconds
 Maximum calculation time of all operation points: 17.468 seconds
 Total calculation time for all operation points: 17.468 seconds
--------------------------------------------------------------------------------

--------------------------------------------------------------------------------
 Summary of operation points scheduled for simulation
--------------------------------------------------------------------------------
   Index    Fluid   angle_in        T0_in        p0_in mass_flow_rate        omega
                       [deg]       [degC]        [kPa]       [kg/s]        [RPM]
       1      air        0.0        35.75       101.74         0.47        26250
--------------------------------------------------------------------------------

 Computing operation point 1 of 1
--------------------------------------------------------------------------------
 Operating point: 
--------------------------------------------------------------------------------
 Fluid:                    air
 Flow angle in:            0.00 deg
 Total temperature in:     35.75 degC
 Total pressure in:        1.017 bar
 Mass flow rate:           0.470 kg/s
 Angular speed:            26250.0 RPM
--------------------------------------------------------------------------------

Generating heuristic inital guesses from latin hypercube sampling
Number of failures: 0 out of 30 samples
Least norm of residuals: 1.804047016706132

--------------------------------------------------------------------------------
               Final summary of performance analysis calculations               
--------------------------------------------------------------------------------
 Simulation successful for 1 out of 1 points
 Average calculation time per operation point: 10.130 seconds
 Minimum calculation time of all operation points: 10.130 seconds
 Maximum calculation time of all operation points: 10.130 seconds
 Total calculation time for all operation points: 10.130 seconds
--------------------------------------------------------------------------------

--------------------------------------------------------------------------------
 Summary of operation points scheduled for simulation
--------------------------------------------------------------------------------
   Index    Fluid   angle_in        T0_in        p0_in mass_flow_rate        omega
                       [deg]       [degC]        [kPa]       [kg/s]        [RPM]
       1      air        0.0        35.75       101.74         0.45        26250
--------------------------------------------------------------------------------

 Computing operation point 1 of 1
--------------------------------------------------------------------------------
 Operating point: 
--------------------------------------------------------------------------------
 Fluid:                    air
 Flow angle in:            0.00 deg
 Total temperature in:     35.75 degC
 Total pressure in:        1.017 bar
 Mass flow rate:           0.451 kg/s
 Angular speed:            26250.0 RPM
--------------------------------------------------------------------------------

Generating heuristic inital guesses from latin hypercube sampling
Number of failures: 0 out of 30 samples
Least norm of residuals: 1.7994664595384704

--------------------------------------------------------------------------------
               Final summary of performance analysis calculations               
--------------------------------------------------------------------------------
 Simulation successful for 1 out of 1 points
 Average calculation time per operation point: 14.298 seconds
 Minimum calculation time of all operation points: 14.298 seconds
 Maximum calculation time of all operation points: 14.298 seconds
 Total calculation time for all operation points: 14.298 seconds
--------------------------------------------------------------------------------

--------------------------------------------------------------------------------
 Summary of operation points scheduled for simulation
--------------------------------------------------------------------------------
   Index    Fluid   angle_in        T0_in        p0_in mass_flow_rate        omega
                       [deg]       [degC]        [kPa]       [kg/s]        [RPM]
       1      air        0.0        35.75       101.74         0.43        26250
--------------------------------------------------------------------------------

 Computing operation point 1 of 1
--------------------------------------------------------------------------------
 Operating point: 
--------------------------------------------------------------------------------
 Fluid:                    air
 Flow angle in:            0.00 deg
 Total temperature in:     35.75 degC
 Total pressure in:        1.017 bar
 Mass flow rate:           0.433 kg/s
 Angular speed:            26250.0 RPM
--------------------------------------------------------------------------------

Generating heuristic inital guesses from latin hypercube sampling
Number of failures: 0 out of 30 samples
Least norm of residuals: 1.7951076601794083

--------------------------------------------------------------------------------
               Final summary of performance analysis calculations               
--------------------------------------------------------------------------------
 Simulation successful for 1 out of 1 points
 Average calculation time per operation point: 19.200 seconds
 Minimum calculation time of all operation points: 19.200 seconds
 Maximum calculation time of all operation points: 19.200 seconds
 Total calculation time for all operation points: 19.200 seconds
--------------------------------------------------------------------------------

--------------------------------------------------------------------------------
 Summary of operation points scheduled for simulation
--------------------------------------------------------------------------------
   Index    Fluid   angle_in        T0_in        p0_in mass_flow_rate        omega
                       [deg]       [degC]        [kPa]       [kg/s]        [RPM]
       1      air        0.0        35.75       101.74         0.41        26250
--------------------------------------------------------------------------------

 Computing operation point 1 of 1
--------------------------------------------------------------------------------
 Operating point: 
--------------------------------------------------------------------------------
 Fluid:                    air
 Flow angle in:            0.00 deg
 Total temperature in:     35.75 degC
 Total pressure in:        1.017 bar
 Mass flow rate:           0.414 kg/s
 Angular speed:            26250.0 RPM
--------------------------------------------------------------------------------

Generating heuristic inital guesses from latin hypercube sampling
Number of failures: 0 out of 30 samples
Least norm of residuals: 1.7910926994165735

--------------------------------------------------------------------------------
               Final summary of performance analysis calculations               
--------------------------------------------------------------------------------
 Simulation successful for 1 out of 1 points
 Average calculation time per operation point: 6.800 seconds
 Minimum calculation time of all operation points: 6.800 seconds
 Maximum calculation time of all operation points: 6.800 seconds
 Total calculation time for all operation points: 6.800 seconds
--------------------------------------------------------------------------------

--------------------------------------------------------------------------------
 Summary of operation points scheduled for simulation
--------------------------------------------------------------------------------
   Index    Fluid   angle_in        T0_in        p0_in mass_flow_rate        omega
                       [deg]       [degC]        [kPa]       [kg/s]        [RPM]
       1      air        0.0        35.75       101.74         0.40        26250
--------------------------------------------------------------------------------

 Computing operation point 1 of 1
--------------------------------------------------------------------------------
 Operating point: 
--------------------------------------------------------------------------------
 Fluid:                    air
 Flow angle in:            0.00 deg
 Total temperature in:     35.75 degC
 Total pressure in:        1.017 bar
 Mass flow rate:           0.395 kg/s
 Angular speed:            26250.0 RPM
--------------------------------------------------------------------------------

Generating heuristic inital guesses from latin hypercube sampling
Number of failures: 0 out of 30 samples
Least norm of residuals: 1.7875858163039002

--------------------------------------------------------------------------------
               Final summary of performance analysis calculations               
--------------------------------------------------------------------------------
 Simulation successful for 1 out of 1 points
 Average calculation time per operation point: 7.695 seconds
 Minimum calculation time of all operation points: 7.695 seconds
 Maximum calculation time of all operation points: 7.695 seconds
 Total calculation time for all operation points: 7.695 seconds
--------------------------------------------------------------------------------

--------------------------------------------------------------------------------
 Summary of operation points scheduled for simulation
--------------------------------------------------------------------------------
   Index    Fluid   angle_in        T0_in        p0_in mass_flow_rate        omega
                       [deg]       [degC]        [kPa]       [kg/s]        [RPM]
       1      air        0.0        35.75       101.74         0.38        26250
--------------------------------------------------------------------------------

 Computing operation point 1 of 1
--------------------------------------------------------------------------------
 Operating point: 
--------------------------------------------------------------------------------
 Fluid:                    air
 Flow angle in:            0.00 deg
 Total temperature in:     35.75 degC
 Total pressure in:        1.017 bar
 Mass flow rate:           0.376 kg/s
 Angular speed:            26250.0 RPM
--------------------------------------------------------------------------------

Generating heuristic inital guesses from latin hypercube sampling
Number of failures: 0 out of 30 samples
Least norm of residuals: 1.7848086266625922

--------------------------------------------------------------------------------
               Final summary of performance analysis calculations               
--------------------------------------------------------------------------------
 Simulation successful for 1 out of 1 points
 Average calculation time per operation point: 12.347 seconds
 Minimum calculation time of all operation points: 12.347 seconds
 Maximum calculation time of all operation points: 12.347 seconds
 Total calculation time for all operation points: 12.347 seconds
--------------------------------------------------------------------------------

--------------------------------------------------------------------------------
 Summary of operation points scheduled for simulation
--------------------------------------------------------------------------------
   Index    Fluid   angle_in        T0_in        p0_in mass_flow_rate        omega
                       [deg]       [degC]        [kPa]       [kg/s]        [RPM]
       1      air        0.0        35.75       101.74         0.36        26250
--------------------------------------------------------------------------------

 Computing operation point 1 of 1
--------------------------------------------------------------------------------
 Operating point: 
--------------------------------------------------------------------------------
 Fluid:                    air
 Flow angle in:            0.00 deg
 Total temperature in:     35.75 degC
 Total pressure in:        1.017 bar
 Mass flow rate:           0.357 kg/s
 Angular speed:            26250.0 RPM
--------------------------------------------------------------------------------

Generating heuristic inital guesses from latin hypercube sampling
Number of failures: 0 out of 30 samples
Least norm of residuals: 1.7830614250245542

--------------------------------------------------------------------------------
               Final summary of performance analysis calculations               
--------------------------------------------------------------------------------
 Simulation successful for 1 out of 1 points
 Average calculation time per operation point: 6.532 seconds
 Minimum calculation time of all operation points: 6.532 seconds
 Maximum calculation time of all operation points: 6.532 seconds
 Total calculation time for all operation points: 6.532 seconds
--------------------------------------------------------------------------------

--------------------------------------------------------------------------------
 Summary of operation points scheduled for simulation
--------------------------------------------------------------------------------
   Index    Fluid   angle_in        T0_in        p0_in mass_flow_rate        omega
                       [deg]       [degC]        [kPa]       [kg/s]        [RPM]
       1      air        0.0        35.75       101.74         0.34        26250
--------------------------------------------------------------------------------

 Computing operation point 1 of 1
--------------------------------------------------------------------------------
 Operating point: 
--------------------------------------------------------------------------------
 Fluid:                    air
 Flow angle in:            0.00 deg
 Total temperature in:     35.75 degC
 Total pressure in:        1.017 bar
 Mass flow rate:           0.339 kg/s
 Angular speed:            26250.0 RPM
--------------------------------------------------------------------------------

Generating heuristic inital guesses from latin hypercube sampling
Number of failures: 0 out of 30 samples
Least norm of residuals: 1.7827532792676772

--------------------------------------------------------------------------------
               Final summary of performance analysis calculations               
--------------------------------------------------------------------------------
 Simulation successful for 1 out of 1 points
 Average calculation time per operation point: 6.455 seconds
 Minimum calculation time of all operation points: 6.455 seconds
 Maximum calculation time of all operation points: 6.455 seconds
 Total calculation time for all operation points: 6.455 seconds
--------------------------------------------------------------------------------

--------------------------------------------------------------------------------
 Summary of operation points scheduled for simulation
--------------------------------------------------------------------------------
   Index    Fluid   angle_in        T0_in        p0_in mass_flow_rate        omega
                       [deg]       [degC]        [kPa]       [kg/s]        [RPM]
       1      air        0.0        35.75       101.74         0.32        26250
--------------------------------------------------------------------------------

 Computing operation point 1 of 1
--------------------------------------------------------------------------------
 Operating point: 
--------------------------------------------------------------------------------
 Fluid:                    air
 Flow angle in:            0.00 deg
 Total temperature in:     35.75 degC
 Total pressure in:        1.017 bar
 Mass flow rate:           0.320 kg/s
 Angular speed:            26250.0 RPM
--------------------------------------------------------------------------------

Generating heuristic inital guesses from latin hypercube sampling
Number of failures: 0 out of 30 samples
Least norm of residuals: 1.7844449100294137

--------------------------------------------------------------------------------
               Final summary of performance analysis calculations               
--------------------------------------------------------------------------------
 Simulation successful for 1 out of 1 points
 Average calculation time per operation point: 7.899 seconds
 Minimum calculation time of all operation points: 7.899 seconds
 Maximum calculation time of all operation points: 7.899 seconds
 Total calculation time for all operation points: 7.899 seconds
--------------------------------------------------------------------------------

--------------------------------------------------------------------------------
 Summary of operation points scheduled for simulation
--------------------------------------------------------------------------------
   Index    Fluid   angle_in        T0_in        p0_in mass_flow_rate        omega
                       [deg]       [degC]        [kPa]       [kg/s]        [RPM]
       1      air        0.0        35.75       101.74         0.30        26250
--------------------------------------------------------------------------------

 Computing operation point 1 of 1
--------------------------------------------------------------------------------
 Operating point: 
--------------------------------------------------------------------------------
 Fluid:                    air
 Flow angle in:            0.00 deg
 Total temperature in:     35.75 degC
 Total pressure in:        1.017 bar
 Mass flow rate:           0.301 kg/s
 Angular speed:            26250.0 RPM
--------------------------------------------------------------------------------

Generating heuristic inital guesses from latin hypercube sampling
Number of failures: 0 out of 30 samples
Least norm of residuals: 1.7889103713710075

--------------------------------------------------------------------------------
               Final summary of performance analysis calculations               
--------------------------------------------------------------------------------
 Simulation successful for 1 out of 1 points
 Average calculation time per operation point: 7.895 seconds
 Minimum calculation time of all operation points: 7.895 seconds
 Maximum calculation time of all operation points: 7.895 seconds
 Total calculation time for all operation points: 7.895 seconds
--------------------------------------------------------------------------------

--------------------------------------------------------------------------------
 Summary of operation points scheduled for simulation
--------------------------------------------------------------------------------
   Index    Fluid   angle_in        T0_in        p0_in mass_flow_rate        omega
                       [deg]       [degC]        [kPa]       [kg/s]        [RPM]
       1      air        0.0        35.75       101.74         0.28        26250
--------------------------------------------------------------------------------

 Computing operation point 1 of 1
--------------------------------------------------------------------------------
 Operating point: 
--------------------------------------------------------------------------------
 Fluid:                    air
 Flow angle in:            0.00 deg
 Total temperature in:     35.75 degC
 Total pressure in:        1.017 bar
 Mass flow rate:           0.282 kg/s
 Angular speed:            26250.0 RPM
--------------------------------------------------------------------------------

Generating heuristic inital guesses from latin hypercube sampling
Number of failures: 0 out of 30 samples
Least norm of residuals: 1.7972265069034306

--------------------------------------------------------------------------------
               Final summary of performance analysis calculations               
--------------------------------------------------------------------------------
 Simulation successful for 1 out of 1 points
 Average calculation time per operation point: 6.979 seconds
 Minimum calculation time of all operation points: 6.979 seconds
 Maximum calculation time of all operation points: 6.979 seconds
 Total calculation time for all operation points: 6.979 seconds
--------------------------------------------------------------------------------

--------------------------------------------------------------------------------
 Summary of operation points scheduled for simulation
--------------------------------------------------------------------------------
   Index    Fluid   angle_in        T0_in        p0_in mass_flow_rate        omega
                       [deg]       [degC]        [kPa]       [kg/s]        [RPM]
       1      air        0.0        35.75       101.74         0.26        26250
--------------------------------------------------------------------------------

 Computing operation point 1 of 1
--------------------------------------------------------------------------------
 Operating point: 
--------------------------------------------------------------------------------
 Fluid:                    air
 Flow angle in:            0.00 deg
 Total temperature in:     35.75 degC
 Total pressure in:        1.017 bar
 Mass flow rate:           0.263 kg/s
 Angular speed:            26250.0 RPM
--------------------------------------------------------------------------------

Generating heuristic inital guesses from latin hypercube sampling
Number of failures: 0 out of 30 samples
Least norm of residuals: 1.8109038022099524

--------------------------------------------------------------------------------
               Final summary of performance analysis calculations               
--------------------------------------------------------------------------------
 Simulation successful for 1 out of 1 points
 Average calculation time per operation point: 7.134 seconds
 Minimum calculation time of all operation points: 7.134 seconds
 Maximum calculation time of all operation points: 7.134 seconds
 Total calculation time for all operation points: 7.134 seconds
--------------------------------------------------------------------------------

--------------------------------------------------------------------------------
 Summary of operation points scheduled for simulation
--------------------------------------------------------------------------------
   Index    Fluid   angle_in        T0_in        p0_in mass_flow_rate        omega
                       [deg]       [degC]        [kPa]       [kg/s]        [RPM]
       1      air        0.0        35.75       101.74         0.24        26250
--------------------------------------------------------------------------------

 Computing operation point 1 of 1
--------------------------------------------------------------------------------
 Operating point: 
--------------------------------------------------------------------------------
 Fluid:                    air
 Flow angle in:            0.00 deg
 Total temperature in:     35.75 degC
 Total pressure in:        1.017 bar
 Mass flow rate:           0.245 kg/s
 Angular speed:            26250.0 RPM
--------------------------------------------------------------------------------

Generating heuristic inital guesses from latin hypercube sampling
Number of failures: 0 out of 30 samples
Least norm of residuals: 1.8320792298021225

--------------------------------------------------------------------------------
               Final summary of performance analysis calculations               
--------------------------------------------------------------------------------
 Simulation successful for 1 out of 1 points
 Average calculation time per operation point: 7.936 seconds
 Minimum calculation time of all operation points: 7.936 seconds
 Maximum calculation time of all operation points: 7.936 seconds
 Total calculation time for all operation points: 7.936 seconds
--------------------------------------------------------------------------------

--------------------------------------------------------------------------------
 Summary of operation points scheduled for simulation
--------------------------------------------------------------------------------
   Index    Fluid   angle_in        T0_in        p0_in mass_flow_rate        omega
                       [deg]       [degC]        [kPa]       [kg/s]        [RPM]
       1      air        0.0        35.75       101.74         0.23        26250
--------------------------------------------------------------------------------

 Computing operation point 1 of 1
--------------------------------------------------------------------------------
 Operating point: 
--------------------------------------------------------------------------------
 Fluid:                    air
 Flow angle in:            0.00 deg
 Total temperature in:     35.75 degC
 Total pressure in:        1.017 bar
 Mass flow rate:           0.226 kg/s
 Angular speed:            26250.0 RPM
--------------------------------------------------------------------------------

Generating heuristic inital guesses from latin hypercube sampling
Number of failures: 0 out of 30 samples
Least norm of residuals: 1.8638026171668323

--------------------------------------------------------------------------------
               Final summary of performance analysis calculations               
--------------------------------------------------------------------------------
 Simulation successful for 1 out of 1 points
 Average calculation time per operation point: 7.596 seconds
 Minimum calculation time of all operation points: 7.596 seconds
 Maximum calculation time of all operation points: 7.596 seconds
 Total calculation time for all operation points: 7.596 seconds
--------------------------------------------------------------------------------

--------------------------------------------------------------------------------
 Summary of operation points scheduled for simulation
--------------------------------------------------------------------------------
   Index    Fluid   angle_in        T0_in        p0_in mass_flow_rate        omega
                       [deg]       [degC]        [kPa]       [kg/s]        [RPM]
       1      air        0.0        35.75       101.74         0.21        26250
--------------------------------------------------------------------------------

 Computing operation point 1 of 1
--------------------------------------------------------------------------------
 Operating point: 
--------------------------------------------------------------------------------
 Fluid:                    air
 Flow angle in:            0.00 deg
 Total temperature in:     35.75 degC
 Total pressure in:        1.017 bar
 Mass flow rate:           0.207 kg/s
 Angular speed:            26250.0 RPM
--------------------------------------------------------------------------------

Generating heuristic inital guesses from latin hypercube sampling
Number of failures: 0 out of 30 samples
Least norm of residuals: 1.9104656199695615

--------------------------------------------------------------------------------
               Final summary of performance analysis calculations               
--------------------------------------------------------------------------------
 Simulation successful for 1 out of 1 points
 Average calculation time per operation point: 19.698 seconds
 Minimum calculation time of all operation points: 19.698 seconds
 Maximum calculation time of all operation points: 19.698 seconds
 Total calculation time for all operation points: 19.698 seconds
--------------------------------------------------------------------------------

--------------------------------------------------------------------------------
 Summary of operation points scheduled for simulation
--------------------------------------------------------------------------------
   Index    Fluid   angle_in        T0_in        p0_in mass_flow_rate        omega
                       [deg]       [degC]        [kPa]       [kg/s]        [RPM]
       1      air        0.0        35.75       101.74         0.19        26250
--------------------------------------------------------------------------------

 Computing operation point 1 of 1
--------------------------------------------------------------------------------
 Operating point: 
--------------------------------------------------------------------------------
 Fluid:                    air
 Flow angle in:            0.00 deg
 Total temperature in:     35.75 degC
 Total pressure in:        1.017 bar
 Mass flow rate:           0.188 kg/s
 Angular speed:            26250.0 RPM
--------------------------------------------------------------------------------

Generating heuristic inital guesses from latin hypercube sampling
Number of failures: 0 out of 30 samples
Least norm of residuals: 1.9784538479394989

--------------------------------------------------------------------------------
               Final summary of performance analysis calculations               
--------------------------------------------------------------------------------
 Simulation successful for 1 out of 1 points
 Average calculation time per operation point: 54.886 seconds
 Minimum calculation time of all operation points: 54.886 seconds
 Maximum calculation time of all operation points: 54.886 seconds
 Total calculation time for all operation points: 54.886 seconds
--------------------------------------------------------------------------------

--------------------------------------------------------------------------------
 Summary of operation points scheduled for simulation
--------------------------------------------------------------------------------
   Index    Fluid   angle_in        T0_in        p0_in mass_flow_rate        omega
                       [deg]       [degC]        [kPa]       [kg/s]        [RPM]
       1      air        0.0        35.75       101.74         0.17        26250
--------------------------------------------------------------------------------

 Computing operation point 1 of 1
--------------------------------------------------------------------------------
 Operating point: 
--------------------------------------------------------------------------------
 Fluid:                    air
 Flow angle in:            0.00 deg
 Total temperature in:     35.75 degC
 Total pressure in:        1.017 bar
 Mass flow rate:           0.169 kg/s
 Angular speed:            26250.0 RPM
--------------------------------------------------------------------------------

Generating heuristic inital guesses from latin hypercube sampling
Number of failures: 0 out of 30 samples
Least norm of residuals: 2.0771713117423736
 Error during solving: Inputs in Brent [59.750000,2020.000000] do not bracket the root.  Function values are [6961.988747,73725.523150]

--------------------------------------------------------------------------------
               Final summary of performance analysis calculations               
--------------------------------------------------------------------------------
 Simulation successful for 1 out of 1 points
 Average calculation time per operation point: 64.256 seconds
 Minimum calculation time of all operation points: 64.256 seconds
 Maximum calculation time of all operation points: 64.256 seconds
 Total calculation time for all operation points: 64.256 seconds
--------------------------------------------------------------------------------

--------------------------------------------------------------------------------
 Summary of operation points scheduled for simulation
--------------------------------------------------------------------------------
   Index    Fluid   angle_in        T0_in        p0_in mass_flow_rate        omega
                       [deg]       [degC]        [kPa]       [kg/s]        [RPM]
       1      air        0.0        35.75       101.74         0.15        26250
--------------------------------------------------------------------------------

 Computing operation point 1 of 1
--------------------------------------------------------------------------------
 Operating point: 
--------------------------------------------------------------------------------
 Fluid:                    air
 Flow angle in:            0.00 deg
 Total temperature in:     35.75 degC
 Total pressure in:        1.017 bar
 Mass flow rate:           0.150 kg/s
 Angular speed:            26250.0 RPM
--------------------------------------------------------------------------------

Generating heuristic inital guesses from latin hypercube sampling
Number of failures: 0 out of 30 samples
Least norm of residuals: 2.220781733901591
 Error during solving: Inputs in Brent [59.750000,2020.000000] do not bracket the root.  Function values are [3242.940403,69273.220868]

--------------------------------------------------------------------------------
               Final summary of performance analysis calculations               
--------------------------------------------------------------------------------
 Simulation successful for 1 out of 1 points
 Average calculation time per operation point: 84.568 seconds
 Minimum calculation time of all operation points: 84.568 seconds
 Maximum calculation time of all operation points: 84.568 seconds
 Total calculation time for all operation points: 84.568 seconds
--------------------------------------------------------------------------------

--------------------------------------------------------------------------------
 Summary of operation points scheduled for simulation
--------------------------------------------------------------------------------
   Index    Fluid   angle_in        T0_in        p0_in mass_flow_rate        omega
                       [deg]       [degC]        [kPa]       [kg/s]        [RPM]
       1      air        0.0        35.75       101.74         0.13        26250
--------------------------------------------------------------------------------

 Computing operation point 1 of 1
--------------------------------------------------------------------------------
 Operating point: 
--------------------------------------------------------------------------------
 Fluid:                    air
 Flow angle in:            0.00 deg
 Total temperature in:     35.75 degC
 Total pressure in:        1.017 bar
 Mass flow rate:           0.132 kg/s
 Angular speed:            26250.0 RPM
--------------------------------------------------------------------------------

Generating heuristic inital guesses from latin hypercube sampling
Number of failures: 0 out of 30 samples
Least norm of residuals: 2.43173036526717
 Error during solving: Inputs in Brent [59.750000,2020.000000] do not bracket the root.  Function values are [809.638735,66354.388202]

--------------------------------------------------------------------------------
               Final summary of performance analysis calculations               
--------------------------------------------------------------------------------
 Simulation successful for 1 out of 1 points
 Average calculation time per operation point: 156.721 seconds
 Minimum calculation time of all operation points: 156.721 seconds
 Maximum calculation time of all operation points: 156.721 seconds
 Total calculation time for all operation points: 156.721 seconds
--------------------------------------------------------------------------------

N 0.35: 21/21 converged; mdot 0.132-0.508, PR max 1.234
--------------------------------------------------------------------------------
 Summary of operation points scheduled for simulation
--------------------------------------------------------------------------------
   Index    Fluid   angle_in        T0_in        p0_in mass_flow_rate        omega
                       [deg]       [degC]        [kPa]       [kg/s]        [RPM]
       1      air        0.0        35.75       101.74         0.44        22500
--------------------------------------------------------------------------------

 Computing operation point 1 of 1
--------------------------------------------------------------------------------
 Operating point: 
--------------------------------------------------------------------------------
 Fluid:                    air
 Flow angle in:            0.00 deg
 Total temperature in:     35.75 degC
 Total pressure in:        1.017 bar
 Mass flow rate:           0.435 kg/s
 Angular speed:            22500.0 RPM
--------------------------------------------------------------------------------

Generating heuristic inital guesses from latin hypercube sampling
Number of failures: 0 out of 30 samples
Least norm of residuals: 3.7407251021938754

--------------------------------------------------------------------------------
               Final summary of performance analysis calculations               
--------------------------------------------------------------------------------
 Simulation successful for 1 out of 1 points
 Average calculation time per operation point: 7.096 seconds
 Minimum calculation time of all operation points: 7.096 seconds
 Maximum calculation time of all operation points: 7.096 seconds
 Total calculation time for all operation points: 7.096 seconds
--------------------------------------------------------------------------------

--------------------------------------------------------------------------------
 Summary of operation points scheduled for simulation
--------------------------------------------------------------------------------
   Index    Fluid   angle_in        T0_in        p0_in mass_flow_rate        omega
                       [deg]       [degC]        [kPa]       [kg/s]        [RPM]
       1      air        0.0        35.75       101.74         0.42        22500
--------------------------------------------------------------------------------

 Computing operation point 1 of 1
--------------------------------------------------------------------------------
 Operating point: 
--------------------------------------------------------------------------------
 Fluid:                    air
 Flow angle in:            0.00 deg
 Total temperature in:     35.75 degC
 Total pressure in:        1.017 bar
 Mass flow rate:           0.419 kg/s
 Angular speed:            22500.0 RPM
--------------------------------------------------------------------------------

Generating heuristic inital guesses from latin hypercube sampling
Number of failures: 0 out of 30 samples
Least norm of residuals: 3.7380106847206998

--------------------------------------------------------------------------------
               Final summary of performance analysis calculations               
--------------------------------------------------------------------------------
 Simulation successful for 1 out of 1 points
 Average calculation time per operation point: 7.038 seconds
 Minimum calculation time of all operation points: 7.038 seconds
 Maximum calculation time of all operation points: 7.038 seconds
 Total calculation time for all operation points: 7.038 seconds
--------------------------------------------------------------------------------

--------------------------------------------------------------------------------
 Summary of operation points scheduled for simulation
--------------------------------------------------------------------------------
   Index    Fluid   angle_in        T0_in        p0_in mass_flow_rate        omega
                       [deg]       [degC]        [kPa]       [kg/s]        [RPM]
       1      air        0.0        35.75       101.74         0.40        22500
--------------------------------------------------------------------------------

 Computing operation point 1 of 1
--------------------------------------------------------------------------------
 Operating point: 
--------------------------------------------------------------------------------
 Fluid:                    air
 Flow angle in:            0.00 deg
 Total temperature in:     35.75 degC
 Total pressure in:        1.017 bar
 Mass flow rate:           0.403 kg/s
 Angular speed:            22500.0 RPM
--------------------------------------------------------------------------------

Generating heuristic inital guesses from latin hypercube sampling
Number of failures: 0 out of 30 samples
Least norm of residuals: 3.7353249917290006

--------------------------------------------------------------------------------
               Final summary of performance analysis calculations               
--------------------------------------------------------------------------------
 Simulation successful for 1 out of 1 points
 Average calculation time per operation point: 6.596 seconds
 Minimum calculation time of all operation points: 6.596 seconds
 Maximum calculation time of all operation points: 6.596 seconds
 Total calculation time for all operation points: 6.596 seconds
--------------------------------------------------------------------------------

--------------------------------------------------------------------------------
 Summary of operation points scheduled for simulation
--------------------------------------------------------------------------------
   Index    Fluid   angle_in        T0_in        p0_in mass_flow_rate        omega
                       [deg]       [degC]        [kPa]       [kg/s]        [RPM]
       1      air        0.0        35.75       101.74         0.39        22500
--------------------------------------------------------------------------------

 Computing operation point 1 of 1
--------------------------------------------------------------------------------
 Operating point: 
--------------------------------------------------------------------------------
 Fluid:                    air
 Flow angle in:            0.00 deg
 Total temperature in:     35.75 degC
 Total pressure in:        1.017 bar
 Mass flow rate:           0.387 kg/s
 Angular speed:            22500.0 RPM
--------------------------------------------------------------------------------

Generating heuristic inital guesses from latin hypercube sampling
Number of failures: 0 out of 30 samples
Least norm of residuals: 3.7326994225794925

--------------------------------------------------------------------------------
               Final summary of performance analysis calculations               
--------------------------------------------------------------------------------
 Simulation successful for 1 out of 1 points
 Average calculation time per operation point: 7.274 seconds
 Minimum calculation time of all operation points: 7.274 seconds
 Maximum calculation time of all operation points: 7.274 seconds
 Total calculation time for all operation points: 7.274 seconds
--------------------------------------------------------------------------------

--------------------------------------------------------------------------------
 Summary of operation points scheduled for simulation
--------------------------------------------------------------------------------
   Index    Fluid   angle_in        T0_in        p0_in mass_flow_rate        omega
                       [deg]       [degC]        [kPa]       [kg/s]        [RPM]
       1      air        0.0        35.75       101.74         0.37        22500
--------------------------------------------------------------------------------

 Computing operation point 1 of 1
--------------------------------------------------------------------------------
 Operating point: 
--------------------------------------------------------------------------------
 Fluid:                    air
 Flow angle in:            0.00 deg
 Total temperature in:     35.75 degC
 Total pressure in:        1.017 bar
 Mass flow rate:           0.371 kg/s
 Angular speed:            22500.0 RPM
--------------------------------------------------------------------------------

Generating heuristic inital guesses from latin hypercube sampling
Number of failures: 0 out of 30 samples
Least norm of residuals: 3.73017613209386

--------------------------------------------------------------------------------
               Final summary of performance analysis calculations               
--------------------------------------------------------------------------------
 Simulation successful for 1 out of 1 points
 Average calculation time per operation point: 6.527 seconds
 Minimum calculation time of all operation points: 6.527 seconds
 Maximum calculation time of all operation points: 6.527 seconds
 Total calculation time for all operation points: 6.527 seconds
--------------------------------------------------------------------------------

--------------------------------------------------------------------------------
 Summary of operation points scheduled for simulation
--------------------------------------------------------------------------------
   Index    Fluid   angle_in        T0_in        p0_in mass_flow_rate        omega
                       [deg]       [degC]        [kPa]       [kg/s]        [RPM]
       1      air        0.0        35.75       101.74         0.35        22500
--------------------------------------------------------------------------------

 Computing operation point 1 of 1
--------------------------------------------------------------------------------
 Operating point: 
--------------------------------------------------------------------------------
 Fluid:                    air
 Flow angle in:            0.00 deg
 Total temperature in:     35.75 degC
 Total pressure in:        1.017 bar
 Mass flow rate:           0.355 kg/s
 Angular speed:            22500.0 RPM
--------------------------------------------------------------------------------

Generating heuristic inital guesses from latin hypercube sampling
Number of failures: 0 out of 30 samples
Least norm of residuals: 3.7278117527836123

--------------------------------------------------------------------------------
               Final summary of performance analysis calculations               
--------------------------------------------------------------------------------
 Simulation successful for 1 out of 1 points
 Average calculation time per operation point: 6.507 seconds
 Minimum calculation time of all operation points: 6.507 seconds
 Maximum calculation time of all operation points: 6.507 seconds
 Total calculation time for all operation points: 6.507 seconds
--------------------------------------------------------------------------------

--------------------------------------------------------------------------------
 Summary of operation points scheduled for simulation
--------------------------------------------------------------------------------
   Index    Fluid   angle_in        T0_in        p0_in mass_flow_rate        omega
                       [deg]       [degC]        [kPa]       [kg/s]        [RPM]
       1      air        0.0        35.75       101.74         0.34        22500
--------------------------------------------------------------------------------

 Computing operation point 1 of 1
--------------------------------------------------------------------------------
 Operating point: 
--------------------------------------------------------------------------------
 Fluid:                    air
 Flow angle in:            0.00 deg
 Total temperature in:     35.75 degC
 Total pressure in:        1.017 bar
 Mass flow rate:           0.339 kg/s
 Angular speed:            22500.0 RPM
--------------------------------------------------------------------------------

Generating heuristic inital guesses from latin hypercube sampling
Number of failures: 0 out of 30 samples
Least norm of residuals: 3.7256825596588024

--------------------------------------------------------------------------------
               Final summary of performance analysis calculations               
--------------------------------------------------------------------------------
 Simulation successful for 1 out of 1 points
 Average calculation time per operation point: 7.015 seconds
 Minimum calculation time of all operation points: 7.015 seconds
 Maximum calculation time of all operation points: 7.015 seconds
 Total calculation time for all operation points: 7.015 seconds
--------------------------------------------------------------------------------

--------------------------------------------------------------------------------
 Summary of operation points scheduled for simulation
--------------------------------------------------------------------------------
   Index    Fluid   angle_in        T0_in        p0_in mass_flow_rate        omega
                       [deg]       [degC]        [kPa]       [kg/s]        [RPM]
       1      air        0.0        35.75       101.74         0.32        22500
--------------------------------------------------------------------------------

 Computing operation point 1 of 1
--------------------------------------------------------------------------------
 Operating point: 
--------------------------------------------------------------------------------
 Fluid:                    air
 Flow angle in:            0.00 deg
 Total temperature in:     35.75 degC
 Total pressure in:        1.017 bar
 Mass flow rate:           0.322 kg/s
 Angular speed:            22500.0 RPM
--------------------------------------------------------------------------------

Generating heuristic inital guesses from latin hypercube sampling
Number of failures: 0 out of 30 samples
Least norm of residuals: 3.7238916971934604

--------------------------------------------------------------------------------
               Final summary of performance analysis calculations               
--------------------------------------------------------------------------------
 Simulation successful for 1 out of 1 points
 Average calculation time per operation point: 6.188 seconds
 Minimum calculation time of all operation points: 6.188 seconds
 Maximum calculation time of all operation points: 6.188 seconds
 Total calculation time for all operation points: 6.188 seconds
--------------------------------------------------------------------------------

--------------------------------------------------------------------------------
 Summary of operation points scheduled for simulation
--------------------------------------------------------------------------------
   Index    Fluid   angle_in        T0_in        p0_in mass_flow_rate        omega
                       [deg]       [degC]        [kPa]       [kg/s]        [RPM]
       1      air        0.0        35.75       101.74         0.31        22500
--------------------------------------------------------------------------------

 Computing operation point 1 of 1
--------------------------------------------------------------------------------
 Operating point: 
--------------------------------------------------------------------------------
 Fluid:                    air
 Flow angle in:            0.00 deg
 Total temperature in:     35.75 degC
 Total pressure in:        1.017 bar
 Mass flow rate:           0.306 kg/s
 Angular speed:            22500.0 RPM
--------------------------------------------------------------------------------

Generating heuristic inital guesses from latin hypercube sampling
Number of failures: 0 out of 30 samples
Least norm of residuals: 3.722579434929561

--------------------------------------------------------------------------------
               Final summary of performance analysis calculations               
--------------------------------------------------------------------------------
 Simulation successful for 1 out of 1 points
 Average calculation time per operation point: 6.287 seconds
 Minimum calculation time of all operation points: 6.287 seconds
 Maximum calculation time of all operation points: 6.287 seconds
 Total calculation time for all operation points: 6.287 seconds
--------------------------------------------------------------------------------

--------------------------------------------------------------------------------
 Summary of operation points scheduled for simulation
--------------------------------------------------------------------------------
   Index    Fluid   angle_in        T0_in        p0_in mass_flow_rate        omega
                       [deg]       [degC]        [kPa]       [kg/s]        [RPM]
       1      air        0.0        35.75       101.74         0.29        22500
--------------------------------------------------------------------------------

 Computing operation point 1 of 1
--------------------------------------------------------------------------------
 Operating point: 
--------------------------------------------------------------------------------
 Fluid:                    air
 Flow angle in:            0.00 deg
 Total temperature in:     35.75 degC
 Total pressure in:        1.017 bar
 Mass flow rate:           0.290 kg/s
 Angular speed:            22500.0 RPM
--------------------------------------------------------------------------------

Generating heuristic inital guesses from latin hypercube sampling
Number of failures: 0 out of 30 samples
Least norm of residuals: 3.72193787657601

--------------------------------------------------------------------------------
               Final summary of performance analysis calculations               
--------------------------------------------------------------------------------
 Simulation successful for 1 out of 1 points
 Average calculation time per operation point: 5.721 seconds
 Minimum calculation time of all operation points: 5.721 seconds
 Maximum calculation time of all operation points: 5.721 seconds
 Total calculation time for all operation points: 5.721 seconds
--------------------------------------------------------------------------------

--------------------------------------------------------------------------------
 Summary of operation points scheduled for simulation
--------------------------------------------------------------------------------
   Index    Fluid   angle_in        T0_in        p0_in mass_flow_rate        omega
                       [deg]       [degC]        [kPa]       [kg/s]        [RPM]
       1      air        0.0        35.75       101.74         0.27        22500
--------------------------------------------------------------------------------

 Computing operation point 1 of 1
--------------------------------------------------------------------------------
 Operating point: 
--------------------------------------------------------------------------------
 Fluid:                    air
 Flow angle in:            0.00 deg
 Total temperature in:     35.75 degC
 Total pressure in:        1.017 bar
 Mass flow rate:           0.274 kg/s
 Angular speed:            22500.0 RPM
--------------------------------------------------------------------------------

Generating heuristic inital guesses from latin hypercube sampling
Number of failures: 0 out of 30 samples
Least norm of residuals: 3.7222323595938334

--------------------------------------------------------------------------------
               Final summary of performance analysis calculations               
--------------------------------------------------------------------------------
 Simulation successful for 1 out of 1 points
 Average calculation time per operation point: 6.145 seconds
 Minimum calculation time of all operation points: 6.145 seconds
 Maximum calculation time of all operation points: 6.145 seconds
 Total calculation time for all operation points: 6.145 seconds
--------------------------------------------------------------------------------

--------------------------------------------------------------------------------
 Summary of operation points scheduled for simulation
--------------------------------------------------------------------------------
   Index    Fluid   angle_in        T0_in        p0_in mass_flow_rate        omega
                       [deg]       [degC]        [kPa]       [kg/s]        [RPM]
       1      air        0.0        35.75       101.74         0.26        22500
--------------------------------------------------------------------------------

 Computing operation point 1 of 1
--------------------------------------------------------------------------------
 Operating point: 
--------------------------------------------------------------------------------
 Fluid:                    air
 Flow angle in:            0.00 deg
 Total temperature in:     35.75 degC
 Total pressure in:        1.017 bar
 Mass flow rate:           0.258 kg/s
 Angular speed:            22500.0 RPM
--------------------------------------------------------------------------------

Generating heuristic inital guesses from latin hypercube sampling
Number of failures: 0 out of 30 samples
Least norm of residuals: 3.7238330358808547

--------------------------------------------------------------------------------
               Final summary of performance analysis calculations               
--------------------------------------------------------------------------------
 Simulation successful for 1 out of 1 points
 Average calculation time per operation point: 6.448 seconds
 Minimum calculation time of all operation points: 6.448 seconds
 Maximum calculation time of all operation points: 6.448 seconds
 Total calculation time for all operation points: 6.448 seconds
--------------------------------------------------------------------------------

--------------------------------------------------------------------------------
 Summary of operation points scheduled for simulation
--------------------------------------------------------------------------------
   Index    Fluid   angle_in        T0_in        p0_in mass_flow_rate        omega
                       [deg]       [degC]        [kPa]       [kg/s]        [RPM]
       1      air        0.0        35.75       101.74         0.24        22500
--------------------------------------------------------------------------------

 Computing operation point 1 of 1
--------------------------------------------------------------------------------
 Operating point: 
--------------------------------------------------------------------------------
 Fluid:                    air
 Flow angle in:            0.00 deg
 Total temperature in:     35.75 degC
 Total pressure in:        1.017 bar
 Mass flow rate:           0.242 kg/s
 Angular speed:            22500.0 RPM
--------------------------------------------------------------------------------

Generating heuristic inital guesses from latin hypercube sampling
Number of failures: 0 out of 30 samples
Least norm of residuals: 3.7272622067310457

--------------------------------------------------------------------------------
               Final summary of performance analysis calculations               
--------------------------------------------------------------------------------
 Simulation successful for 1 out of 1 points
 Average calculation time per operation point: 6.492 seconds
 Minimum calculation time of all operation points: 6.492 seconds
 Maximum calculation time of all operation points: 6.492 seconds
 Total calculation time for all operation points: 6.492 seconds
--------------------------------------------------------------------------------

--------------------------------------------------------------------------------
 Summary of operation points scheduled for simulation
--------------------------------------------------------------------------------
   Index    Fluid   angle_in        T0_in        p0_in mass_flow_rate        omega
                       [deg]       [degC]        [kPa]       [kg/s]        [RPM]
       1      air        0.0        35.75       101.74         0.23        22500
--------------------------------------------------------------------------------

 Computing operation point 1 of 1
--------------------------------------------------------------------------------
 Operating point: 
--------------------------------------------------------------------------------
 Fluid:                    air
 Flow angle in:            0.00 deg
 Total temperature in:     35.75 degC
 Total pressure in:        1.017 bar
 Mass flow rate:           0.226 kg/s
 Angular speed:            22500.0 RPM
--------------------------------------------------------------------------------

Generating heuristic inital guesses from latin hypercube sampling
Number of failures: 0 out of 30 samples
Least norm of residuals: 3.733266474169108

--------------------------------------------------------------------------------
               Final summary of performance analysis calculations               
--------------------------------------------------------------------------------
 Simulation successful for 1 out of 1 points
 Average calculation time per operation point: 7.854 seconds
 Minimum calculation time of all operation points: 7.854 seconds
 Maximum calculation time of all operation points: 7.854 seconds
 Total calculation time for all operation points: 7.854 seconds
--------------------------------------------------------------------------------

--------------------------------------------------------------------------------
 Summary of operation points scheduled for simulation
--------------------------------------------------------------------------------
   Index    Fluid   angle_in        T0_in        p0_in mass_flow_rate        omega
                       [deg]       [degC]        [kPa]       [kg/s]        [RPM]
       1      air        0.0        35.75       101.74         0.21        22500
--------------------------------------------------------------------------------

 Computing operation point 1 of 1
--------------------------------------------------------------------------------
 Operating point: 
--------------------------------------------------------------------------------
 Fluid:                    air
 Flow angle in:            0.00 deg
 Total temperature in:     35.75 degC
 Total pressure in:        1.017 bar
 Mass flow rate:           0.210 kg/s
 Angular speed:            22500.0 RPM
--------------------------------------------------------------------------------

Generating heuristic inital guesses from latin hypercube sampling
Number of failures: 0 out of 30 samples
Least norm of residuals: 3.7429286421999732

--------------------------------------------------------------------------------
               Final summary of performance analysis calculations               
--------------------------------------------------------------------------------
 Simulation successful for 1 out of 1 points
 Average calculation time per operation point: 9.152 seconds
 Minimum calculation time of all operation points: 9.152 seconds
 Maximum calculation time of all operation points: 9.152 seconds
 Total calculation time for all operation points: 9.152 seconds
--------------------------------------------------------------------------------

--------------------------------------------------------------------------------
 Summary of operation points scheduled for simulation
--------------------------------------------------------------------------------
   Index    Fluid   angle_in        T0_in        p0_in mass_flow_rate        omega
                       [deg]       [degC]        [kPa]       [kg/s]        [RPM]
       1      air        0.0        35.75       101.74         0.19        22500
--------------------------------------------------------------------------------

 Computing operation point 1 of 1
--------------------------------------------------------------------------------
 Operating point: 
--------------------------------------------------------------------------------
 Fluid:                    air
 Flow angle in:            0.00 deg
 Total temperature in:     35.75 degC
 Total pressure in:        1.017 bar
 Mass flow rate:           0.193 kg/s
 Angular speed:            22500.0 RPM
--------------------------------------------------------------------------------

Generating heuristic inital guesses from latin hypercube sampling
Number of failures: 0 out of 30 samples
Least norm of residuals: 3.757844625555432

--------------------------------------------------------------------------------
               Final summary of performance analysis calculations               
--------------------------------------------------------------------------------
 Simulation successful for 1 out of 1 points
 Average calculation time per operation point: 7.999 seconds
 Minimum calculation time of all operation points: 7.999 seconds
 Maximum calculation time of all operation points: 7.999 seconds
 Total calculation time for all operation points: 7.999 seconds
--------------------------------------------------------------------------------

--------------------------------------------------------------------------------
 Summary of operation points scheduled for simulation
--------------------------------------------------------------------------------
   Index    Fluid   angle_in        T0_in        p0_in mass_flow_rate        omega
                       [deg]       [degC]        [kPa]       [kg/s]        [RPM]
       1      air        0.0        35.75       101.74         0.18        22500
--------------------------------------------------------------------------------

 Computing operation point 1 of 1
--------------------------------------------------------------------------------
 Operating point: 
--------------------------------------------------------------------------------
 Fluid:                    air
 Flow angle in:            0.00 deg
 Total temperature in:     35.75 degC
 Total pressure in:        1.017 bar
 Mass flow rate:           0.177 kg/s
 Angular speed:            22500.0 RPM
--------------------------------------------------------------------------------

Generating heuristic inital guesses from latin hypercube sampling
Number of failures: 0 out of 30 samples
Least norm of residuals: 3.7804088318317235

--------------------------------------------------------------------------------
               Final summary of performance analysis calculations               
--------------------------------------------------------------------------------
 Simulation successful for 1 out of 1 points
 Average calculation time per operation point: 7.633 seconds
 Minimum calculation time of all operation points: 7.633 seconds
 Maximum calculation time of all operation points: 7.633 seconds
 Total calculation time for all operation points: 7.633 seconds
--------------------------------------------------------------------------------

--------------------------------------------------------------------------------
 Summary of operation points scheduled for simulation
--------------------------------------------------------------------------------
   Index    Fluid   angle_in        T0_in        p0_in mass_flow_rate        omega
                       [deg]       [degC]        [kPa]       [kg/s]        [RPM]
       1      air        0.0        35.75       101.74         0.16        22500
--------------------------------------------------------------------------------

 Computing operation point 1 of 1
--------------------------------------------------------------------------------
 Operating point: 
--------------------------------------------------------------------------------
 Fluid:                    air
 Flow angle in:            0.00 deg
 Total temperature in:     35.75 degC
 Total pressure in:        1.017 bar
 Mass flow rate:           0.161 kg/s
 Angular speed:            22500.0 RPM
--------------------------------------------------------------------------------

Generating heuristic inital guesses from latin hypercube sampling
Number of failures: 0 out of 30 samples
Least norm of residuals: 3.8142851850259656

--------------------------------------------------------------------------------
               Final summary of performance analysis calculations               
--------------------------------------------------------------------------------
 Simulation successful for 1 out of 1 points
 Average calculation time per operation point: 17.881 seconds
 Minimum calculation time of all operation points: 17.881 seconds
 Maximum calculation time of all operation points: 17.881 seconds
 Total calculation time for all operation points: 17.881 seconds
--------------------------------------------------------------------------------

--------------------------------------------------------------------------------
 Summary of operation points scheduled for simulation
--------------------------------------------------------------------------------
   Index    Fluid   angle_in        T0_in        p0_in mass_flow_rate        omega
                       [deg]       [degC]        [kPa]       [kg/s]        [RPM]
       1      air        0.0        35.75       101.74         0.15        22500
--------------------------------------------------------------------------------

 Computing operation point 1 of 1
--------------------------------------------------------------------------------
 Operating point: 
--------------------------------------------------------------------------------
 Fluid:                    air
 Flow angle in:            0.00 deg
 Total temperature in:     35.75 degC
 Total pressure in:        1.017 bar
 Mass flow rate:           0.145 kg/s
 Angular speed:            22500.0 RPM
--------------------------------------------------------------------------------

Generating heuristic inital guesses from latin hypercube sampling
Number of failures: 0 out of 30 samples
Least norm of residuals: 3.8652078875523603

--------------------------------------------------------------------------------
               Final summary of performance analysis calculations               
--------------------------------------------------------------------------------
 Simulation successful for 1 out of 1 points
 Average calculation time per operation point: 69.168 seconds
 Minimum calculation time of all operation points: 69.168 seconds
 Maximum calculation time of all operation points: 69.168 seconds
 Total calculation time for all operation points: 69.168 seconds
--------------------------------------------------------------------------------

--------------------------------------------------------------------------------
 Summary of operation points scheduled for simulation
--------------------------------------------------------------------------------
   Index    Fluid   angle_in        T0_in        p0_in mass_flow_rate        omega
                       [deg]       [degC]        [kPa]       [kg/s]        [RPM]
       1      air        0.0        35.75       101.74         0.13        22500
--------------------------------------------------------------------------------

 Computing operation point 1 of 1
--------------------------------------------------------------------------------
 Operating point: 
--------------------------------------------------------------------------------
 Fluid:                    air
 Flow angle in:            0.00 deg
 Total temperature in:     35.75 degC
 Total pressure in:        1.017 bar
 Mass flow rate:           0.129 kg/s
 Angular speed:            22500.0 RPM
--------------------------------------------------------------------------------

Generating heuristic inital guesses from latin hypercube sampling
Number of failures: 0 out of 30 samples
Least norm of residuals: 3.942410653599493
 Error during solving: Inputs in Brent [59.750000,2020.000000] do not bracket the root.  Function values are [3839.240734,69644.311849]

--------------------------------------------------------------------------------
               Final summary of performance analysis calculations               
--------------------------------------------------------------------------------
 Simulation successful for 1 out of 1 points
 Average calculation time per operation point: 81.090 seconds
 Minimum calculation time of all operation points: 81.090 seconds
 Maximum calculation time of all operation points: 81.090 seconds
 Total calculation time for all operation points: 81.090 seconds
--------------------------------------------------------------------------------

--------------------------------------------------------------------------------
 Summary of operation points scheduled for simulation
--------------------------------------------------------------------------------
   Index    Fluid   angle_in        T0_in        p0_in mass_flow_rate        omega
                       [deg]       [degC]        [kPa]       [kg/s]        [RPM]
       1      air        0.0        35.75       101.74         0.11        22500
--------------------------------------------------------------------------------

 Computing operation point 1 of 1
--------------------------------------------------------------------------------
 Operating point: 
--------------------------------------------------------------------------------
 Fluid:                    air
 Flow angle in:            0.00 deg
 Total temperature in:     35.75 degC
 Total pressure in:        1.017 bar
 Mass flow rate:           0.113 kg/s
 Angular speed:            22500.0 RPM
--------------------------------------------------------------------------------

Generating heuristic inital guesses from latin hypercube sampling
Number of failures: 0 out of 30 samples
Least norm of residuals: 4.0614597069845875
 Error during solving: Inputs in Brent [59.750000,2020.000000] do not bracket the root.  Function values are [6147.538526,71636.101037]

--------------------------------------------------------------------------------
               Final summary of performance analysis calculations               
--------------------------------------------------------------------------------
 Simulation successful for 1 out of 1 points
 Average calculation time per operation point: 165.287 seconds
 Minimum calculation time of all operation points: 165.287 seconds
 Maximum calculation time of all operation points: 165.287 seconds
 Total calculation time for all operation points: 165.287 seconds
--------------------------------------------------------------------------------

N 0.30: 21/21 converged; mdot 0.113-0.435, PR max 1.169
