--------------------------------------------------------------------------------
 Summary of operation points scheduled for simulation
--------------------------------------------------------------------------------
   Index    Fluid   angle_in        T0_in        p0_in mass_flow_rate        omega
                       [deg]       [degC]        [kPa]       [kg/s]        [RPM]
       1      air        0.0        35.75       101.73         1.07        75000
--------------------------------------------------------------------------------

 Computing operation point 1 of 1
--------------------------------------------------------------------------------
 Operating point: 
--------------------------------------------------------------------------------
 Fluid:                    air
 Flow angle in:            0.00 deg
 Total temperature in:     35.75 degC
 Total pressure in:        1.017 bar
 Mass flow rate:           1.067 kg/s
 Angular speed:            75000.0 RPM
--------------------------------------------------------------------------------

Generating heuristic inital guesses from latin hypercube sampling
Number of failures: 0 out of 30 samples
Least norm of residuals: 0.1267765406851065

--------------------------------------------------------------------------------
               Final summary of performance analysis calculations               
--------------------------------------------------------------------------------
 Simulation successful for 1 out of 1 points
 Average calculation time per operation point: 5.638 seconds
 Minimum calculation time of all operation points: 5.638 seconds
 Maximum calculation time of all operation points: 5.638 seconds
 Total calculation time for all operation points: 5.638 seconds
--------------------------------------------------------------------------------

DESIGN CHECK: {'N': 1.0, 'mdot': 1.067190554328577, 'PR': 4.000807640407079, 'eta': 0.8190120072984723, 'choked': False, 'success': True} | design run PR 4.0008 eta 0.819
C:\Users\MEO\Desktop\Projects\JetEngine\boomsonic_v0\.venv-np1\Lib\site-packages\turboflow\centrifugal_compressor\performance_analysis.py:588: RuntimeWarning: All-NaN slice encountered
  print(f"Least norm of residuals: {np.nanmin(norm_residuals)}")
--------------------------------------------------------------------------------
 Summary of operation points scheduled for simulation
--------------------------------------------------------------------------------
   Index    Fluid   angle_in        T0_in        p0_in mass_flow_rate        omega
                       [deg]       [degC]        [kPa]       [kg/s]        [RPM]
       1      air        0.0        35.75       101.73         1.30        67500
--------------------------------------------------------------------------------

 Computing operation point 1 of 1
--------------------------------------------------------------------------------
 Operating point: 
--------------------------------------------------------------------------------
 Fluid:                    air
 Flow angle in:            0.00 deg
 Total temperature in:     35.75 degC
 Total pressure in:        1.017 bar
 Mass flow rate:           1.297 kg/s
 Angular speed:            67500.0 RPM
--------------------------------------------------------------------------------

Generating heuristic inital guesses from latin hypercube sampling
Number of failures: 30 out of 30 samples
Least norm of residuals: nan
--------------------------------------------------------------------------------
 Summary of operation points scheduled for simulation
--------------------------------------------------------------------------------
   Index    Fluid   angle_in        T0_in        p0_in mass_flow_rate        omega
                       [deg]       [degC]        [kPa]       [kg/s]        [RPM]
       1      air        0.0        35.75       101.73         1.25        67500
--------------------------------------------------------------------------------

 Computing operation point 1 of 1
--------------------------------------------------------------------------------
 Operating point: 
--------------------------------------------------------------------------------
 Fluid:                    air
 Flow angle in:            0.00 deg
 Total temperature in:     35.75 degC
 Total pressure in:        1.017 bar
 Mass flow rate:           1.249 kg/s
 Angular speed:            67500.0 RPM
--------------------------------------------------------------------------------

Generating heuristic inital guesses from latin hypercube sampling
Number of failures: 0 out of 30 samples
Least norm of residuals: 0.36049797710801423
WARNING: All attempts failed to converge

--------------------------------------------------------------------------------
               Final summary of performance analysis calculations               
--------------------------------------------------------------------------------
 Simulation successful for 0 out of 1 points
Failed operation points: 0
 No valid calculation times available.
--------------------------------------------------------------------------------

--------------------------------------------------------------------------------
 Summary of operation points scheduled for simulation
--------------------------------------------------------------------------------
   Index    Fluid   angle_in        T0_in        p0_in mass_flow_rate        omega
                       [deg]       [degC]        [kPa]       [kg/s]        [RPM]
       1      air        0.0        35.75       101.73         1.20        67500
--------------------------------------------------------------------------------

 Computing operation point 1 of 1
--------------------------------------------------------------------------------
 Operating point: 
--------------------------------------------------------------------------------
 Fluid:                    air
 Flow angle in:            0.00 deg
 Total temperature in:     35.75 degC
 Total pressure in:        1.017 bar
 Mass flow rate:           1.201 kg/s
 Angular speed:            67500.0 RPM
--------------------------------------------------------------------------------

Generating heuristic inital guesses from latin hypercube sampling
Number of failures: 0 out of 30 samples
Least norm of residuals: 0.33583807399313675

--------------------------------------------------------------------------------
               Final summary of performance analysis calculations               
--------------------------------------------------------------------------------
 Simulation successful for 1 out of 1 points
 Average calculation time per operation point: 19.246 seconds
 Minimum calculation time of all operation points: 19.246 seconds
 Maximum calculation time of all operation points: 19.246 seconds
 Total calculation time for all operation points: 19.246 seconds
--------------------------------------------------------------------------------

--------------------------------------------------------------------------------
 Summary of operation points scheduled for simulation
--------------------------------------------------------------------------------
   Index    Fluid   angle_in        T0_in        p0_in mass_flow_rate        omega
                       [deg]       [degC]        [kPa]       [kg/s]        [RPM]
       1      air        0.0        35.75       101.73         1.15        67500
--------------------------------------------------------------------------------

 Computing operation point 1 of 1
--------------------------------------------------------------------------------
 Operating point: 
--------------------------------------------------------------------------------
 Fluid:                    air
 Flow angle in:            0.00 deg
 Total temperature in:     35.75 degC
 Total pressure in:        1.017 bar
 Mass flow rate:           1.153 kg/s
 Angular speed:            67500.0 RPM
--------------------------------------------------------------------------------

Generating heuristic inital guesses from latin hypercube sampling
Number of failures: 0 out of 30 samples
Least norm of residuals: 0.30924058691074563

--------------------------------------------------------------------------------
               Final summary of performance analysis calculations               
--------------------------------------------------------------------------------
 Simulation successful for 1 out of 1 points
 Average calculation time per operation point: 14.754 seconds
 Minimum calculation time of all operation points: 14.754 seconds
 Maximum calculation time of all operation points: 14.754 seconds
 Total calculation time for all operation points: 14.754 seconds
--------------------------------------------------------------------------------

--------------------------------------------------------------------------------
 Summary of operation points scheduled for simulation
--------------------------------------------------------------------------------
   Index    Fluid   angle_in        T0_in        p0_in mass_flow_rate        omega
                       [deg]       [degC]        [kPa]       [kg/s]        [RPM]
       1      air        0.0        35.75       101.73         1.10        67500
--------------------------------------------------------------------------------

 Computing operation point 1 of 1
--------------------------------------------------------------------------------
 Operating point: 
--------------------------------------------------------------------------------
 Fluid:                    air
 Flow angle in:            0.00 deg
 Total temperature in:     35.75 degC
 Total pressure in:        1.017 bar
 Mass flow rate:           1.105 kg/s
 Angular speed:            67500.0 RPM
--------------------------------------------------------------------------------

Generating heuristic inital guesses from latin hypercube sampling
Number of failures: 0 out of 30 samples
Least norm of residuals: 0.2806793403170374

--------------------------------------------------------------------------------
               Final summary of performance analysis calculations               
--------------------------------------------------------------------------------
 Simulation successful for 1 out of 1 points
 Average calculation time per operation point: 17.702 seconds
 Minimum calculation time of all operation points: 17.702 seconds
 Maximum calculation time of all operation points: 17.702 seconds
 Total calculation time for all operation points: 17.702 seconds
--------------------------------------------------------------------------------

--------------------------------------------------------------------------------
 Summary of operation points scheduled for simulation
--------------------------------------------------------------------------------
   Index    Fluid   angle_in        T0_in        p0_in mass_flow_rate        omega
                       [deg]       [degC]        [kPa]       [kg/s]        [RPM]
       1      air        0.0        35.75       101.73         1.06        67500
--------------------------------------------------------------------------------

 Computing operation point 1 of 1
--------------------------------------------------------------------------------
 Operating point: 
--------------------------------------------------------------------------------
 Fluid:                    air
 Flow angle in:            0.00 deg
 Total temperature in:     35.75 degC
 Total pressure in:        1.017 bar
 Mass flow rate:           1.057 kg/s
 Angular speed:            67500.0 RPM
--------------------------------------------------------------------------------

Generating heuristic inital guesses from latin hypercube sampling
Number of failures: 0 out of 30 samples
Least norm of residuals: 0.2501991670853573

--------------------------------------------------------------------------------
               Final summary of performance analysis calculations               
--------------------------------------------------------------------------------
 Simulation successful for 1 out of 1 points
 Average calculation time per operation point: 6.767 seconds
 Minimum calculation time of all operation points: 6.767 seconds
 Maximum calculation time of all operation points: 6.767 seconds
 Total calculation time for all operation points: 6.767 seconds
--------------------------------------------------------------------------------

--------------------------------------------------------------------------------
 Summary of operation points scheduled for simulation
--------------------------------------------------------------------------------
   Index    Fluid   angle_in        T0_in        p0_in mass_flow_rate        omega
                       [deg]       [degC]        [kPa]       [kg/s]        [RPM]
       1      air        0.0        35.75       101.73         1.01        67500
--------------------------------------------------------------------------------

 Computing operation point 1 of 1
--------------------------------------------------------------------------------
 Operating point: 
--------------------------------------------------------------------------------
 Fluid:                    air
 Flow angle in:            0.00 deg
 Total temperature in:     35.75 degC
 Total pressure in:        1.017 bar
 Mass flow rate:           1.008 kg/s
 Angular speed:            67500.0 RPM
--------------------------------------------------------------------------------

Generating heuristic inital guesses from latin hypercube sampling
Number of failures: 0 out of 30 samples
Least norm of residuals: 0.21809411835608622

--------------------------------------------------------------------------------
               Final summary of performance analysis calculations               
--------------------------------------------------------------------------------
 Simulation successful for 1 out of 1 points
 Average calculation time per operation point: 7.072 seconds
 Minimum calculation time of all operation points: 7.072 seconds
 Maximum calculation time of all operation points: 7.072 seconds
 Total calculation time for all operation points: 7.072 seconds
--------------------------------------------------------------------------------

--------------------------------------------------------------------------------
 Summary of operation points scheduled for simulation
--------------------------------------------------------------------------------
   Index    Fluid   angle_in        T0_in        p0_in mass_flow_rate        omega
                       [deg]       [degC]        [kPa]       [kg/s]        [RPM]
       1      air        0.0        35.75       101.73         0.96        67500
--------------------------------------------------------------------------------

 Computing operation point 1 of 1
--------------------------------------------------------------------------------
 Operating point: 
--------------------------------------------------------------------------------
 Fluid:                    air
 Flow angle in:            0.00 deg
 Total temperature in:     35.75 degC
 Total pressure in:        1.017 bar
 Mass flow rate:           0.960 kg/s
 Angular speed:            67500.0 RPM
--------------------------------------------------------------------------------

Generating heuristic inital guesses from latin hypercube sampling
Number of failures: 0 out of 30 samples
Least norm of residuals: 0.18528323385937176

--------------------------------------------------------------------------------
               Final summary of performance analysis calculations               
--------------------------------------------------------------------------------
 Simulation successful for 1 out of 1 points
 Average calculation time per operation point: 5.757 seconds
 Minimum calculation time of all operation points: 5.757 seconds
 Maximum calculation time of all operation points: 5.757 seconds
 Total calculation time for all operation points: 5.757 seconds
--------------------------------------------------------------------------------

--------------------------------------------------------------------------------
 Summary of operation points scheduled for simulation
--------------------------------------------------------------------------------
   Index    Fluid   angle_in        T0_in        p0_in mass_flow_rate        omega
                       [deg]       [degC]        [kPa]       [kg/s]        [RPM]
       1      air        0.0        35.75       101.73         0.91        67500
--------------------------------------------------------------------------------

 Computing operation point 1 of 1
--------------------------------------------------------------------------------
 Operating point: 
--------------------------------------------------------------------------------
 Fluid:                    air
 Flow angle in:            0.00 deg
 Total temperature in:     35.75 degC
 Total pressure in:        1.017 bar
 Mass flow rate:           0.912 kg/s
 Angular speed:            67500.0 RPM
--------------------------------------------------------------------------------

Generating heuristic inital guesses from latin hypercube sampling
Number of failures: 0 out of 30 samples
Least norm of residuals: 0.15424563613409284

--------------------------------------------------------------------------------
               Final summary of performance analysis calculations               
--------------------------------------------------------------------------------
 Simulation successful for 1 out of 1 points
 Average calculation time per operation point: 5.618 seconds
 Minimum calculation time of all operation points: 5.618 seconds
 Maximum calculation time of all operation points: 5.618 seconds
 Total calculation time for all operation points: 5.618 seconds
--------------------------------------------------------------------------------

--------------------------------------------------------------------------------
 Summary of operation points scheduled for simulation
--------------------------------------------------------------------------------
   Index    Fluid   angle_in        T0_in        p0_in mass_flow_rate        omega
                       [deg]       [degC]        [kPa]       [kg/s]        [RPM]
       1      air        0.0        35.75       101.73         0.86        67500
--------------------------------------------------------------------------------

 Computing operation point 1 of 1
--------------------------------------------------------------------------------
 Operating point: 
--------------------------------------------------------------------------------
 Fluid:                    air
 Flow angle in:            0.00 deg
 Total temperature in:     35.75 degC
 Total pressure in:        1.017 bar
 Mass flow rate:           0.864 kg/s
 Angular speed:            67500.0 RPM
--------------------------------------------------------------------------------

Generating heuristic inital guesses from latin hypercube sampling
Number of failures: 0 out of 30 samples
Least norm of residuals: 0.1311272858368487

--------------------------------------------------------------------------------
               Final summary of performance analysis calculations               
--------------------------------------------------------------------------------
 Simulation successful for 1 out of 1 points
 Average calculation time per operation point: 5.110 seconds
 Minimum calculation time of all operation points: 5.110 seconds
 Maximum calculation time of all operation points: 5.110 seconds
 Total calculation time for all operation points: 5.110 seconds
--------------------------------------------------------------------------------

--------------------------------------------------------------------------------
 Summary of operation points scheduled for simulation
--------------------------------------------------------------------------------
   Index    Fluid   angle_in        T0_in        p0_in mass_flow_rate        omega
                       [deg]       [degC]        [kPa]       [kg/s]        [RPM]
       1      air        0.0        35.75       101.73         0.82        67500
--------------------------------------------------------------------------------

 Computing operation point 1 of 1
--------------------------------------------------------------------------------
 Operating point: 
--------------------------------------------------------------------------------
 Fluid:                    air
 Flow angle in:            0.00 deg
 Total temperature in:     35.75 degC
 Total pressure in:        1.017 bar
 Mass flow rate:           0.816 kg/s
 Angular speed:            67500.0 RPM
--------------------------------------------------------------------------------

Generating heuristic inital guesses from latin hypercube sampling
Number of failures: 0 out of 30 samples
Least norm of residuals: 0.12757560127122408

--------------------------------------------------------------------------------
               Final summary of performance analysis calculations               
--------------------------------------------------------------------------------
 Simulation successful for 1 out of 1 points
 Average calculation time per operation point: 4.846 seconds
 Minimum calculation time of all operation points: 4.846 seconds
 Maximum calculation time of all operation points: 4.846 seconds
 Total calculation time for all operation points: 4.846 seconds
--------------------------------------------------------------------------------

--------------------------------------------------------------------------------
 Summary of operation points scheduled for simulation
--------------------------------------------------------------------------------
   Index    Fluid   angle_in        T0_in        p0_in mass_flow_rate        omega
                       [deg]       [degC]        [kPa]       [kg/s]        [RPM]
       1      air        0.0        35.75       101.73         0.77        67500
--------------------------------------------------------------------------------

 Computing operation point 1 of 1
--------------------------------------------------------------------------------
 Operating point: 
--------------------------------------------------------------------------------
 Fluid:                    air
 Flow angle in:            0.00 deg
 Total temperature in:     35.75 degC
 Total pressure in:        1.017 bar
 Mass flow rate:           0.768 kg/s
 Angular speed:            67500.0 RPM
--------------------------------------------------------------------------------

Generating heuristic inital guesses from latin hypercube sampling
Number of failures: 0 out of 30 samples
Least norm of residuals: 0.15325127648006476

--------------------------------------------------------------------------------
               Final summary of performance analysis calculations               
--------------------------------------------------------------------------------
 Simulation successful for 1 out of 1 points
 Average calculation time per operation point: 4.832 seconds
 Minimum calculation time of all operation points: 4.832 seconds
 Maximum calculation time of all operation points: 4.832 seconds
 Total calculation time for all operation points: 4.832 seconds
--------------------------------------------------------------------------------

--------------------------------------------------------------------------------
 Summary of operation points scheduled for simulation
--------------------------------------------------------------------------------
   Index    Fluid   angle_in        T0_in        p0_in mass_flow_rate        omega
                       [deg]       [degC]        [kPa]       [kg/s]        [RPM]
       1      air        0.0        35.75       101.73         0.72        67500
--------------------------------------------------------------------------------

 Computing operation point 1 of 1
--------------------------------------------------------------------------------
 Operating point: 
--------------------------------------------------------------------------------
 Fluid:                    air
 Flow angle in:            0.00 deg
 Total temperature in:     35.75 degC
 Total pressure in:        1.017 bar
 Mass flow rate:           0.720 kg/s
 Angular speed:            67500.0 RPM
--------------------------------------------------------------------------------

Generating heuristic inital guesses from latin hypercube sampling
Number of failures: 0 out of 30 samples
Least norm of residuals: 0.2057178257254235

--------------------------------------------------------------------------------
               Final summary of performance analysis calculations               
--------------------------------------------------------------------------------
 Simulation successful for 1 out of 1 points
 Average calculation time per operation point: 5.586 seconds
 Minimum calculation time of all operation points: 5.586 seconds
 Maximum calculation time of all operation points: 5.586 seconds
 Total calculation time for all operation points: 5.586 seconds
--------------------------------------------------------------------------------

--------------------------------------------------------------------------------
 Summary of operation points scheduled for simulation
--------------------------------------------------------------------------------
   Index    Fluid   angle_in        T0_in        p0_in mass_flow_rate        omega
                       [deg]       [degC]        [kPa]       [kg/s]        [RPM]
       1      air        0.0        35.75       101.73         0.67        67500
--------------------------------------------------------------------------------

 Computing operation point 1 of 1
--------------------------------------------------------------------------------
 Operating point: 
--------------------------------------------------------------------------------
 Fluid:                    air
 Flow angle in:            0.00 deg
 Total temperature in:     35.75 degC
 Total pressure in:        1.017 bar
 Mass flow rate:           0.672 kg/s
 Angular speed:            67500.0 RPM
--------------------------------------------------------------------------------

Generating heuristic inital guesses from latin hypercube sampling
Number of failures: 0 out of 30 samples
Least norm of residuals: 0.2789653665124564

--------------------------------------------------------------------------------
               Final summary of performance analysis calculations               
--------------------------------------------------------------------------------
 Simulation successful for 1 out of 1 points
 Average calculation time per operation point: 5.468 seconds
 Minimum calculation time of all operation points: 5.468 seconds
 Maximum calculation time of all operation points: 5.468 seconds
 Total calculation time for all operation points: 5.468 seconds
--------------------------------------------------------------------------------

--------------------------------------------------------------------------------
 Summary of operation points scheduled for simulation
--------------------------------------------------------------------------------
   Index    Fluid   angle_in        T0_in        p0_in mass_flow_rate        omega
                       [deg]       [degC]        [kPa]       [kg/s]        [RPM]
       1      air        0.0        35.75       101.73         0.62        67500
--------------------------------------------------------------------------------

 Computing operation point 1 of 1
--------------------------------------------------------------------------------
 Operating point: 
--------------------------------------------------------------------------------
 Fluid:                    air
 Flow angle in:            0.00 deg
 Total temperature in:     35.75 degC
 Total pressure in:        1.017 bar
 Mass flow rate:           0.624 kg/s
 Angular speed:            67500.0 RPM
--------------------------------------------------------------------------------

Generating heuristic inital guesses from latin hypercube sampling
Number of failures: 0 out of 30 samples
Least norm of residuals: 0.37064503670030713

--------------------------------------------------------------------------------
               Final summary of performance analysis calculations               
--------------------------------------------------------------------------------
 Simulation successful for 1 out of 1 points
 Average calculation time per operation point: 6.156 seconds
 Minimum calculation time of all operation points: 6.156 seconds
 Maximum calculation time of all operation points: 6.156 seconds
 Total calculation time for all operation points: 6.156 seconds
--------------------------------------------------------------------------------

--------------------------------------------------------------------------------
 Summary of operation points scheduled for simulation
--------------------------------------------------------------------------------
   Index    Fluid   angle_in        T0_in        p0_in mass_flow_rate        omega
                       [deg]       [degC]        [kPa]       [kg/s]        [RPM]
       1      air        0.0        35.75       101.73         0.58        67500
--------------------------------------------------------------------------------

 Computing operation point 1 of 1
--------------------------------------------------------------------------------
 Operating point: 
--------------------------------------------------------------------------------
 Fluid:                    air
 Flow angle in:            0.00 deg
 Total temperature in:     35.75 degC
 Total pressure in:        1.017 bar
 Mass flow rate:           0.576 kg/s
 Angular speed:            67500.0 RPM
--------------------------------------------------------------------------------

Generating heuristic inital guesses from latin hypercube sampling
Number of failures: 0 out of 30 samples
Least norm of residuals: 0.48163771638198477

--------------------------------------------------------------------------------
               Final summary of performance analysis calculations               
--------------------------------------------------------------------------------
 Simulation successful for 1 out of 1 points
 Average calculation time per operation point: 6.384 seconds
 Minimum calculation time of all operation points: 6.384 seconds
 Maximum calculation time of all operation points: 6.384 seconds
 Total calculation time for all operation points: 6.384 seconds
--------------------------------------------------------------------------------

--------------------------------------------------------------------------------
 Summary of operation points scheduled for simulation
--------------------------------------------------------------------------------
   Index    Fluid   angle_in        T0_in        p0_in mass_flow_rate        omega
                       [deg]       [degC]        [kPa]       [kg/s]        [RPM]
       1      air        0.0        35.75       101.73         0.53        67500
--------------------------------------------------------------------------------

 Computing operation point 1 of 1
--------------------------------------------------------------------------------
 Operating point: 
--------------------------------------------------------------------------------
 Fluid:                    air
 Flow angle in:            0.00 deg
 Total temperature in:     35.75 degC
 Total pressure in:        1.017 bar
 Mass flow rate:           0.528 kg/s
 Angular speed:            67500.0 RPM
--------------------------------------------------------------------------------

Generating heuristic inital guesses from latin hypercube sampling
Number of failures: 0 out of 30 samples
Least norm of residuals: 0.6150153900434364

--------------------------------------------------------------------------------
               Final summary of performance analysis calculations               
--------------------------------------------------------------------------------
 Simulation successful for 1 out of 1 points
 Average calculation time per operation point: 52.999 seconds
 Minimum calculation time of all operation points: 52.999 seconds
 Maximum calculation time of all operation points: 52.999 seconds
 Total calculation time for all operation points: 52.999 seconds
--------------------------------------------------------------------------------

--------------------------------------------------------------------------------
 Summary of operation points scheduled for simulation
--------------------------------------------------------------------------------
   Index    Fluid   angle_in        T0_in        p0_in mass_flow_rate        omega
                       [deg]       [degC]        [kPa]       [kg/s]        [RPM]
       1      air        0.0        35.75       101.73         0.48        67500
--------------------------------------------------------------------------------

 Computing operation point 1 of 1
--------------------------------------------------------------------------------
 Operating point: 
--------------------------------------------------------------------------------
 Fluid:                    air
 Flow angle in:            0.00 deg
 Total temperature in:     35.75 degC
 Total pressure in:        1.017 bar
 Mass flow rate:           0.480 kg/s
 Angular speed:            67500.0 RPM
--------------------------------------------------------------------------------

Generating heuristic inital guesses from latin hypercube sampling
Number of failures: 0 out of 30 samples
Least norm of residuals: 0.775432812979455

--------------------------------------------------------------------------------
               Final summary of performance analysis calculations               
--------------------------------------------------------------------------------
 Simulation successful for 1 out of 1 points
 Average calculation time per operation point: 5.352 seconds
 Minimum calculation time of all operation points: 5.352 seconds
 Maximum calculation time of all operation points: 5.352 seconds
 Total calculation time for all operation points: 5.352 seconds
--------------------------------------------------------------------------------

--------------------------------------------------------------------------------
 Summary of operation points scheduled for simulation
--------------------------------------------------------------------------------
   Index    Fluid   angle_in        T0_in        p0_in mass_flow_rate        omega
                       [deg]       [degC]        [kPa]       [kg/s]        [RPM]
       1      air        0.0        35.75       101.73         0.43        67500
--------------------------------------------------------------------------------

 Computing operation point 1 of 1
--------------------------------------------------------------------------------
 Operating point: 
--------------------------------------------------------------------------------
 Fluid:                    air
 Flow angle in:            0.00 deg
 Total temperature in:     35.75 degC
 Total pressure in:        1.017 bar
 Mass flow rate:           0.432 kg/s
 Angular speed:            67500.0 RPM
--------------------------------------------------------------------------------

Generating heuristic inital guesses from latin hypercube sampling
Number of failures: 0 out of 30 samples
Least norm of residuals: 0.8351473031960116
 Error during solving: Inputs in Brent [59.750000,2020.000000] do not bracket the root.  Function values are [29958.000084,98352.831546]

--------------------------------------------------------------------------------
               Final summary of performance analysis calculations               
--------------------------------------------------------------------------------
 Simulation successful for 1 out of 1 points
 Average calculation time per operation point: 73.918 seconds
 Minimum calculation time of all operation points: 73.918 seconds
 Maximum calculation time of all operation points: 73.918 seconds
 Total calculation time for all operation points: 73.918 seconds
--------------------------------------------------------------------------------

--------------------------------------------------------------------------------
 Summary of operation points scheduled for simulation
--------------------------------------------------------------------------------
   Index    Fluid   angle_in        T0_in        p0_in mass_flow_rate        omega
                       [deg]       [degC]        [kPa]       [kg/s]        [RPM]
       1      air        0.0        35.75       101.73         0.38        67500
--------------------------------------------------------------------------------

 Computing operation point 1 of 1
--------------------------------------------------------------------------------
 Operating point: 
--------------------------------------------------------------------------------
 Fluid:                    air
 Flow angle in:            0.00 deg
 Total temperature in:     35.75 degC
 Total pressure in:        1.017 bar
 Mass flow rate:           0.384 kg/s
 Angular speed:            67500.0 RPM
--------------------------------------------------------------------------------

Generating heuristic inital guesses from latin hypercube sampling
Number of failures: 0 out of 30 samples
Least norm of residuals: 0.9455139421191692

--------------------------------------------------------------------------------
               Final summary of performance analysis calculations               
--------------------------------------------------------------------------------
 Simulation successful for 1 out of 1 points
 Average calculation time per operation point: 97.845 seconds
 Minimum calculation time of all operation points: 97.845 seconds
 Maximum calculation time of all operation points: 97.845 seconds
 Total calculation time for all operation points: 97.845 seconds
--------------------------------------------------------------------------------

--------------------------------------------------------------------------------
 Summary of operation points scheduled for simulation
--------------------------------------------------------------------------------
   Index    Fluid   angle_in        T0_in        p0_in mass_flow_rate        omega
                       [deg]       [degC]        [kPa]       [kg/s]        [RPM]
       1      air        0.0        35.75       101.73         0.34        67500
--------------------------------------------------------------------------------

 Computing operation point 1 of 1
--------------------------------------------------------------------------------
 Operating point: 
--------------------------------------------------------------------------------
 Fluid:                    air
 Flow angle in:            0.00 deg
 Total temperature in:     35.75 degC
 Total pressure in:        1.017 bar
 Mass flow rate:           0.336 kg/s
 Angular speed:            67500.0 RPM
--------------------------------------------------------------------------------

Generating heuristic inital guesses from latin hypercube sampling
Number of failures: 0 out of 30 samples
Least norm of residuals: 1.1427158059665963

--------------------------------------------------------------------------------
               Final summary of performance analysis calculations               
--------------------------------------------------------------------------------
 Simulation successful for 1 out of 1 points
 Average calculation time per operation point: 115.955 seconds
 Minimum calculation time of all operation points: 115.955 seconds
 Maximum calculation time of all operation points: 115.955 seconds
 Total calculation time for all operation points: 115.955 seconds
--------------------------------------------------------------------------------

N 0.90: 19/21 converged; mdot 0.336-1.201, PR max 3.343
--------------------------------------------------------------------------------
 Summary of operation points scheduled for simulation
--------------------------------------------------------------------------------
   Index    Fluid   angle_in        T0_in        p0_in mass_flow_rate        omega
                       [deg]       [degC]        [kPa]       [kg/s]        [RPM]
       1      air        0.0        35.75       101.73         1.01        52500
--------------------------------------------------------------------------------

 Computing operation point 1 of 1
--------------------------------------------------------------------------------
 Operating point: 
--------------------------------------------------------------------------------
 Fluid:                    air
 Flow angle in:            0.00 deg
 Total temperature in:     35.75 degC
 Total pressure in:        1.017 bar
 Mass flow rate:           1.008 kg/s
 Angular speed:            52500.0 RPM
--------------------------------------------------------------------------------

Generating heuristic inital guesses from latin hypercube sampling
Number of failures: 0 out of 30 samples
Least norm of residuals: 0.4484076465368767
WARNING: All attempts failed to converge

--------------------------------------------------------------------------------
               Final summary of performance analysis calculations               
--------------------------------------------------------------------------------
 Simulation successful for 0 out of 1 points
Failed operation points: 0
 No valid calculation times available.
--------------------------------------------------------------------------------

--------------------------------------------------------------------------------
 Summary of operation points scheduled for simulation
--------------------------------------------------------------------------------
   Index    Fluid   angle_in        T0_in        p0_in mass_flow_rate        omega
                       [deg]       [degC]        [kPa]       [kg/s]        [RPM]
       1      air        0.0        35.75       101.73         0.97        52500
--------------------------------------------------------------------------------

 Computing operation point 1 of 1
--------------------------------------------------------------------------------
 Operating point: 
--------------------------------------------------------------------------------
 Fluid:                    air
 Flow angle in:            0.00 deg
 Total temperature in:     35.75 degC
 Total pressure in:        1.017 bar
 Mass flow rate:           0.971 kg/s
 Angular speed:            52500.0 RPM
--------------------------------------------------------------------------------

Generating heuristic inital guesses from latin hypercube sampling
Number of failures: 0 out of 30 samples
Least norm of residuals: 0.4323203542000972
WARNING: All attempts failed to converge

--------------------------------------------------------------------------------
               Final summary of performance analysis calculations               
--------------------------------------------------------------------------------
 Simulation successful for 0 out of 1 points
Failed operation points: 0
 No valid calculation times available.
--------------------------------------------------------------------------------

--------------------------------------------------------------------------------
 Summary of operation points scheduled for simulation
--------------------------------------------------------------------------------
   Index    Fluid   angle_in        T0_in        p0_in mass_flow_rate        omega
                       [deg]       [degC]        [kPa]       [kg/s]        [RPM]
       1      air        0.0        35.75       101.73         0.93        52500
--------------------------------------------------------------------------------

 Computing operation point 1 of 1
--------------------------------------------------------------------------------
 Operating point: 
--------------------------------------------------------------------------------
 Fluid:                    air
 Flow angle in:            0.00 deg
 Total temperature in:     35.75 degC
 Total pressure in:        1.017 bar
 Mass flow rate:           0.934 kg/s
 Angular speed:            52500.0 RPM
--------------------------------------------------------------------------------

Generating heuristic inital guesses from latin hypercube sampling
Number of failures: 0 out of 30 samples
Least norm of residuals: 0.4159117453526234

--------------------------------------------------------------------------------
               Final summary of performance analysis calculations               
--------------------------------------------------------------------------------
 Simulation successful for 1 out of 1 points
 Average calculation time per operation point: 10.203 seconds
 Minimum calculation time of all operation points: 10.203 seconds
 Maximum calculation time of all operation points: 10.203 seconds
 Total calculation time for all operation points: 10.203 seconds
--------------------------------------------------------------------------------

--------------------------------------------------------------------------------
 Summary of operation points scheduled for simulation
--------------------------------------------------------------------------------
   Index    Fluid   angle_in        T0_in        p0_in mass_flow_rate        omega
                       [deg]       [degC]        [kPa]       [kg/s]        [RPM]
       1      air        0.0        35.75       101.73         0.90        52500
--------------------------------------------------------------------------------

 Computing operation point 1 of 1
--------------------------------------------------------------------------------
 Operating point: 
--------------------------------------------------------------------------------
 Fluid:                    air
 Flow angle in:            0.00 deg
 Total temperature in:     35.75 degC
 Total pressure in:        1.017 bar
 Mass flow rate:           0.896 kg/s
 Angular speed:            52500.0 RPM
--------------------------------------------------------------------------------

Generating heuristic inital guesses from latin hypercube sampling
Number of failures: 0 out of 30 samples
Least norm of residuals: 0.3994512130453801

--------------------------------------------------------------------------------
               Final summary of performance analysis calculations               
--------------------------------------------------------------------------------
 Simulation successful for 1 out of 1 points
 Average calculation time per operation point: 11.273 seconds
 Minimum calculation time of all operation points: 11.273 seconds
 Maximum calculation time of all operation points: 11.273 seconds
 Total calculation time for all operation points: 11.273 seconds
--------------------------------------------------------------------------------

--------------------------------------------------------------------------------
 Summary of operation points scheduled for simulation
--------------------------------------------------------------------------------
   Index    Fluid   angle_in        T0_in        p0_in mass_flow_rate        omega
                       [deg]       [degC]        [kPa]       [kg/s]        [RPM]
       1      air        0.0        35.75       101.73         0.86        52500
--------------------------------------------------------------------------------

 Computing operation point 1 of 1
--------------------------------------------------------------------------------
 Operating point: 
--------------------------------------------------------------------------------
 Fluid:                    air
 Flow angle in:            0.00 deg
 Total temperature in:     35.75 degC
 Total pressure in:        1.017 bar
 Mass flow rate:           0.859 kg/s
 Angular speed:            52500.0 RPM
--------------------------------------------------------------------------------

Generating heuristic inital guesses from latin hypercube sampling
Number of failures: 0 out of 30 samples
Least norm of residuals: 0.3801029722698493

--------------------------------------------------------------------------------
               Final summary of performance analysis calculations               
--------------------------------------------------------------------------------
 Simulation successful for 1 out of 1 points
 Average calculation time per operation point: 9.135 seconds
 Minimum calculation time of all operation points: 9.135 seconds
 Maximum calculation time of all operation points: 9.135 seconds
 Total calculation time for all operation points: 9.135 seconds
--------------------------------------------------------------------------------

--------------------------------------------------------------------------------
 Summary of operation points scheduled for simulation
--------------------------------------------------------------------------------
   Index    Fluid   angle_in        T0_in        p0_in mass_flow_rate        omega
                       [deg]       [degC]        [kPa]       [kg/s]        [RPM]
       1      air        0.0        35.75       101.73         0.82        52500
--------------------------------------------------------------------------------

 Computing operation point 1 of 1
--------------------------------------------------------------------------------
 Operating point: 
--------------------------------------------------------------------------------
 Fluid:                    air
 Flow angle in:            0.00 deg
 Total temperature in:     35.75 degC
 Total pressure in:        1.017 bar
 Mass flow rate:           0.822 kg/s
 Angular speed:            52500.0 RPM
--------------------------------------------------------------------------------

Generating heuristic inital guesses from latin hypercube sampling
Number of failures: 0 out of 30 samples
Least norm of residuals: 0.35319374559184946

--------------------------------------------------------------------------------
               Final summary of performance analysis calculations               
--------------------------------------------------------------------------------
 Simulation successful for 1 out of 1 points
 Average calculation time per operation point: 6.556 seconds
 Minimum calculation time of all operation points: 6.556 seconds
 Maximum calculation time of all operation points: 6.556 seconds
 Total calculation time for all operation points: 6.556 seconds
--------------------------------------------------------------------------------

--------------------------------------------------------------------------------
 Summary of operation points scheduled for simulation
--------------------------------------------------------------------------------
   Index    Fluid   angle_in        T0_in        p0_in mass_flow_rate        omega
                       [deg]       [degC]        [kPa]       [kg/s]        [RPM]
       1      air        0.0        35.75       101.73         0.78        52500
--------------------------------------------------------------------------------

 Computing operation point 1 of 1
--------------------------------------------------------------------------------
 Operating point: 
--------------------------------------------------------------------------------
 Fluid:                    air
 Flow angle in:            0.00 deg
 Total temperature in:     35.75 degC
 Total pressure in:        1.017 bar
 Mass flow rate:           0.784 kg/s
 Angular speed:            52500.0 RPM
--------------------------------------------------------------------------------

Generating heuristic inital guesses from latin hypercube sampling
Number of failures: 0 out of 30 samples
Least norm of residuals: 0.3248089828228898

--------------------------------------------------------------------------------
               Final summary of performance analysis calculations               
--------------------------------------------------------------------------------
 Simulation successful for 1 out of 1 points
 Average calculation time per operation point: 9.043 seconds
 Minimum calculation time of all operation points: 9.043 seconds
 Maximum calculation time of all operation points: 9.043 seconds
 Total calculation time for all operation points: 9.043 seconds
--------------------------------------------------------------------------------

--------------------------------------------------------------------------------
 Summary of operation points scheduled for simulation
--------------------------------------------------------------------------------
   Index    Fluid   angle_in        T0_in        p0_in mass_flow_rate        omega
                       [deg]       [degC]        [kPa]       [kg/s]        [RPM]
       1      air        0.0        35.75       101.73         0.75        52500
--------------------------------------------------------------------------------

 Computing operation point 1 of 1
--------------------------------------------------------------------------------
 Operating point: 
--------------------------------------------------------------------------------
 Fluid:                    air
 Flow angle in:            0.00 deg
 Total temperature in:     35.75 degC
 Total pressure in:        1.017 bar
 Mass flow rate:           0.747 kg/s
 Angular speed:            52500.0 RPM
--------------------------------------------------------------------------------

Generating heuristic inital guesses from latin hypercube sampling
Number of failures: 0 out of 30 samples
Least norm of residuals: 0.29543895843434304

--------------------------------------------------------------------------------
               Final summary of performance analysis calculations               
--------------------------------------------------------------------------------
 Simulation successful for 1 out of 1 points
 Average calculation time per operation point: 5.923 seconds
 Minimum calculation time of all operation points: 5.923 seconds
 Maximum calculation time of all operation points: 5.923 seconds
 Total calculation time for all operation points: 5.923 seconds
--------------------------------------------------------------------------------

--------------------------------------------------------------------------------
 Summary of operation points scheduled for simulation
--------------------------------------------------------------------------------
   Index    Fluid   angle_in        T0_in        p0_in mass_flow_rate        omega
                       [deg]       [degC]        [kPa]       [kg/s]        [RPM]
       1      air        0.0        35.75       101.73         0.71        52500
--------------------------------------------------------------------------------

 Computing operation point 1 of 1
--------------------------------------------------------------------------------
 Operating point: 
--------------------------------------------------------------------------------
 Fluid:                    air
 Flow angle in:            0.00 deg
 Total temperature in:     35.75 degC
 Total pressure in:        1.017 bar
 Mass flow rate:           0.710 kg/s
 Angular speed:            52500.0 RPM
--------------------------------------------------------------------------------

Generating heuristic inital guesses from latin hypercube sampling
Number of failures: 0 out of 30 samples
Least norm of residuals: 0.2662178419358332

--------------------------------------------------------------------------------
               Final summary of performance analysis calculations               
--------------------------------------------------------------------------------
 Simulation successful for 1 out of 1 points
 Average calculation time per operation point: 6.801 seconds
 Minimum calculation time of all operation points: 6.801 seconds
 Maximum calculation time of all operation points: 6.801 seconds
 Total calculation time for all operation points: 6.801 seconds
--------------------------------------------------------------------------------

--------------------------------------------------------------------------------
 Summary of operation points scheduled for simulation
--------------------------------------------------------------------------------
   Index    Fluid   angle_in        T0_in        p0_in mass_flow_rate        omega
                       [deg]       [degC]        [kPa]       [kg/s]        [RPM]
       1      air        0.0        35.75       101.73         0.67        52500
--------------------------------------------------------------------------------

 Computing operation point 1 of 1
--------------------------------------------------------------------------------
 Operating point: 
--------------------------------------------------------------------------------
 Fluid:                    air
 Flow angle in:            0.00 deg
 Total temperature in:     35.75 degC
 Total pressure in:        1.017 bar
 Mass flow rate:           0.672 kg/s
 Angular speed:            52500.0 RPM
--------------------------------------------------------------------------------

Generating heuristic inital guesses from latin hypercube sampling
Number of failures: 0 out of 30 samples
Least norm of residuals: 0.23954201386159168

--------------------------------------------------------------------------------
               Final summary of performance analysis calculations               
--------------------------------------------------------------------------------
 Simulation successful for 1 out of 1 points
 Average calculation time per operation point: 5.431 seconds
 Minimum calculation time of all operation points: 5.431 seconds
 Maximum calculation time of all operation points: 5.431 seconds
 Total calculation time for all operation points: 5.431 seconds
--------------------------------------------------------------------------------

--------------------------------------------------------------------------------
 Summary of operation points scheduled for simulation
--------------------------------------------------------------------------------
   Index    Fluid   angle_in        T0_in        p0_in mass_flow_rate        omega
                       [deg]       [degC]        [kPa]       [kg/s]        [RPM]
       1      air        0.0        35.75       101.73         0.63        52500
--------------------------------------------------------------------------------

 Computing operation point 1 of 1
--------------------------------------------------------------------------------
 Operating point: 
--------------------------------------------------------------------------------
 Fluid:                    air
 Flow angle in:            0.00 deg
 Total temperature in:     35.75 degC
 Total pressure in:        1.017 bar
 Mass flow rate:           0.635 kg/s
 Angular speed:            52500.0 RPM
--------------------------------------------------------------------------------

Generating heuristic inital guesses from latin hypercube sampling
Number of failures: 0 out of 30 samples
Least norm of residuals: 0.22004995165712768

--------------------------------------------------------------------------------
               Final summary of performance analysis calculations               
--------------------------------------------------------------------------------
 Simulation successful for 1 out of 1 points
 Average calculation time per operation point: 4.528 seconds
 Minimum calculation time of all operation points: 4.528 seconds
 Maximum calculation time of all operation points: 4.528 seconds
 Total calculation time for all operation points: 4.528 seconds
--------------------------------------------------------------------------------

--------------------------------------------------------------------------------
 Summary of operation points scheduled for simulation
--------------------------------------------------------------------------------
   Index    Fluid   angle_in        T0_in        p0_in mass_flow_rate        omega
                       [deg]       [degC]        [kPa]       [kg/s]        [RPM]
       1      air        0.0        35.75       101.73         0.60        52500
--------------------------------------------------------------------------------

 Computing operation point 1 of 1
--------------------------------------------------------------------------------
 Operating point: 
--------------------------------------------------------------------------------
 Fluid:                    air
 Flow angle in:            0.00 deg
 Total temperature in:     35.75 degC
 Total pressure in:        1.017 bar
 Mass flow rate:           0.598 kg/s
 Angular speed:            52500.0 RPM
--------------------------------------------------------------------------------

Generating heuristic inital guesses from latin hypercube sampling
Number of failures: 0 out of 30 samples
Least norm of residuals: 0.2152727535294272

--------------------------------------------------------------------------------
               Final summary of performance analysis calculations               
--------------------------------------------------------------------------------
 Simulation successful for 1 out of 1 points
 Average calculation time per operation point: 4.823 seconds
 Minimum calculation time of all operation points: 4.823 seconds
 Maximum calculation time of all operation points: 4.823 seconds
 Total calculation time for all operation points: 4.823 seconds
--------------------------------------------------------------------------------

--------------------------------------------------------------------------------
 Summary of operation points scheduled for simulation
--------------------------------------------------------------------------------
   Index    Fluid   angle_in        T0_in        p0_in mass_flow_rate        omega
                       [deg]       [degC]        [kPa]       [kg/s]        [RPM]
       1      air        0.0        35.75       101.73         0.56        52500
--------------------------------------------------------------------------------

 Computing operation point 1 of 1
--------------------------------------------------------------------------------
 Operating point: 
--------------------------------------------------------------------------------
 Fluid:                    air
 Flow angle in:            0.00 deg
 Total temperature in:     35.75 degC
 Total pressure in:        1.017 bar
 Mass flow rate:           0.560 kg/s
 Angular speed:            52500.0 RPM
--------------------------------------------------------------------------------

Generating heuristic inital guesses from latin hypercube sampling
Number of failures: 0 out of 30 samples
Least norm of residuals: 0.23363314239267552

--------------------------------------------------------------------------------
               Final summary of performance analysis calculations               
--------------------------------------------------------------------------------
 Simulation successful for 1 out of 1 points
 Average calculation time per operation point: 4.512 seconds
 Minimum calculation time of all operation points: 4.512 seconds
 Maximum calculation time of all operation points: 4.512 seconds
 Total calculation time for all operation points: 4.512 seconds
--------------------------------------------------------------------------------

--------------------------------------------------------------------------------
 Summary of operation points scheduled for simulation
--------------------------------------------------------------------------------
   Index    Fluid   angle_in        T0_in        p0_in mass_flow_rate        omega
                       [deg]       [degC]        [kPa]       [kg/s]        [RPM]
       1      air        0.0        35.75       101.73         0.52        52500
--------------------------------------------------------------------------------

 Computing operation point 1 of 1
--------------------------------------------------------------------------------
 Operating point: 
--------------------------------------------------------------------------------
 Fluid:                    air
 Flow angle in:            0.00 deg
 Total temperature in:     35.75 degC
 Total pressure in:        1.017 bar
 Mass flow rate:           0.523 kg/s
 Angular speed:            52500.0 RPM
--------------------------------------------------------------------------------

Generating heuristic inital guesses from latin hypercube sampling
Number of failures: 0 out of 30 samples
Least norm of residuals: 0.27974454331068416

--------------------------------------------------------------------------------
               Final summary of performance analysis calculations               
--------------------------------------------------------------------------------
 Simulation successful for 1 out of 1 points
 Average calculation time per operation point: 4.787 seconds
 Minimum calculation time of all operation points: 4.787 seconds
 Maximum calculation time of all operation points: 4.787 seconds
 Total calculation time for all operation points: 4.787 seconds
--------------------------------------------------------------------------------

--------------------------------------------------------------------------------
 Summary of operation points scheduled for simulation
--------------------------------------------------------------------------------
   Index    Fluid   angle_in        T0_in        p0_in mass_flow_rate        omega
                       [deg]       [degC]        [kPa]       [kg/s]        [RPM]
       1      air        0.0        35.75       101.73         0.49        52500
--------------------------------------------------------------------------------

 Computing operation point 1 of 1
--------------------------------------------------------------------------------
 Operating point: 
--------------------------------------------------------------------------------
 Fluid:                    air
 Flow angle in:            0.00 deg
 Total temperature in:     35.75 degC
 Total pressure in:        1.017 bar
 Mass flow rate:           0.486 kg/s
 Angular speed:            52500.0 RPM
--------------------------------------------------------------------------------

Generating heuristic inital guesses from latin hypercube sampling
Number of failures: 0 out of 30 samples
Least norm of residuals: 0.3536027626519746

--------------------------------------------------------------------------------
               Final summary of performance analysis calculations               
--------------------------------------------------------------------------------
 Simulation successful for 1 out of 1 points
 Average calculation time per operation point: 4.972 seconds
 Minimum calculation time of all operation points: 4.972 seconds
 Maximum calculation time of all operation points: 4.972 seconds
 Total calculation time for all operation points: 4.972 seconds
--------------------------------------------------------------------------------

--------------------------------------------------------------------------------
 Summary of operation points scheduled for simulation
--------------------------------------------------------------------------------
   Index    Fluid   angle_in        T0_in        p0_in mass_flow_rate        omega
                       [deg]       [degC]        [kPa]       [kg/s]        [RPM]
       1      air        0.0        35.75       101.73         0.45        52500
--------------------------------------------------------------------------------

 Computing operation point 1 of 1
--------------------------------------------------------------------------------
 Operating point: 
--------------------------------------------------------------------------------
 Fluid:                    air
 Flow angle in:            0.00 deg
 Total temperature in:     35.75 degC
 Total pressure in:        1.017 bar
 Mass flow rate:           0.448 kg/s
 Angular speed:            52500.0 RPM
--------------------------------------------------------------------------------

Generating heuristic inital guesses from latin hypercube sampling
Number of failures: 0 out of 30 samples
Least norm of residuals: 0.45453595405333674

--------------------------------------------------------------------------------
               Final summary of performance analysis calculations               
--------------------------------------------------------------------------------
 Simulation successful for 1 out of 1 points
 Average calculation time per operation point: 5.334 seconds
 Minimum calculation time of all operation points: 5.334 seconds
 Maximum calculation time of all operation points: 5.334 seconds
 Total calculation time for all operation points: 5.334 seconds
--------------------------------------------------------------------------------

--------------------------------------------------------------------------------
 Summary of operation points scheduled for simulation
--------------------------------------------------------------------------------
   Index    Fluid   angle_in        T0_in        p0_in mass_flow_rate        omega
                       [deg]       [degC]        [kPa]       [kg/s]        [RPM]
       1      air        0.0        35.75       101.73         0.41        52500
--------------------------------------------------------------------------------

 Computing operation point 1 of 1
--------------------------------------------------------------------------------
 Operating point: 
--------------------------------------------------------------------------------
 Fluid:                    air
 Flow angle in:            0.00 deg
 Total temperature in:     35.75 degC
 Total pressure in:        1.017 bar
 Mass flow rate:           0.411 kg/s
 Angular speed:            52500.0 RPM
--------------------------------------------------------------------------------

Generating heuristic inital guesses from latin hypercube sampling
Number of failures: 0 out of 30 samples
Least norm of residuals: 0.5839436313498136

--------------------------------------------------------------------------------
               Final summary of performance analysis calculations               
--------------------------------------------------------------------------------
 Simulation successful for 1 out of 1 points
 Average calculation time per operation point: 5.473 seconds
 Minimum calculation time of all operation points: 5.473 seconds
 Maximum calculation time of all operation points: 5.473 seconds
 Total calculation time for all operation points: 5.473 seconds
--------------------------------------------------------------------------------

--------------------------------------------------------------------------------
 Summary of operation points scheduled for simulation
--------------------------------------------------------------------------------
   Index    Fluid   angle_in        T0_in        p0_in mass_flow_rate        omega
                       [deg]       [degC]        [kPa]       [kg/s]        [RPM]
       1      air        0.0        35.75       101.73         0.37        52500
--------------------------------------------------------------------------------

 Computing operation point 1 of 1
--------------------------------------------------------------------------------
 Operating point: 
--------------------------------------------------------------------------------
 Fluid:                    air
 Flow angle in:            0.00 deg
 Total temperature in:     35.75 degC
 Total pressure in:        1.017 bar
 Mass flow rate:           0.374 kg/s
 Angular speed:            52500.0 RPM
--------------------------------------------------------------------------------

Generating heuristic inital guesses from latin hypercube sampling
Number of failures: 0 out of 30 samples
Least norm of residuals: 0.745878818449555

--------------------------------------------------------------------------------
               Final summary of performance analysis calculations               
--------------------------------------------------------------------------------
 Simulation successful for 1 out of 1 points
 Average calculation time per operation point: 6.027 seconds
 Minimum calculation time of all operation points: 6.027 seconds
 Maximum calculation time of all operation points: 6.027 seconds
 Total calculation time for all operation points: 6.027 seconds
--------------------------------------------------------------------------------

--------------------------------------------------------------------------------
 Summary of operation points scheduled for simulation
--------------------------------------------------------------------------------
   Index    Fluid   angle_in        T0_in        p0_in mass_flow_rate        omega
                       [deg]       [degC]        [kPa]       [kg/s]        [RPM]
       1      air        0.0        35.75       101.73         0.34        52500
--------------------------------------------------------------------------------

 Computing operation point 1 of 1
--------------------------------------------------------------------------------
 Operating point: 
--------------------------------------------------------------------------------
 Fluid:                    air
 Flow angle in:            0.00 deg
 Total temperature in:     35.75 degC
 Total pressure in:        1.017 bar
 Mass flow rate:           0.336 kg/s
 Angular speed:            52500.0 RPM
--------------------------------------------------------------------------------

Generating heuristic inital guesses from latin hypercube sampling
Number of failures: 0 out of 30 samples
Least norm of residuals: 0.9469926578248434

--------------------------------------------------------------------------------
               Final summary of performance analysis calculations               
--------------------------------------------------------------------------------
 Simulation successful for 1 out of 1 points
 Average calculation time per operation point: 51.267 seconds
 Minimum calculation time of all operation points: 51.267 seconds
 Maximum calculation time of all operation points: 51.267 seconds
 Total calculation time for all operation points: 51.267 seconds
--------------------------------------------------------------------------------

--------------------------------------------------------------------------------
 Summary of operation points scheduled for simulation
--------------------------------------------------------------------------------
   Index    Fluid   angle_in        T0_in        p0_in mass_flow_rate        omega
                       [deg]       [degC]        [kPa]       [kg/s]        [RPM]
       1      air        0.0        35.75       101.73         0.30        52500
--------------------------------------------------------------------------------

 Computing operation point 1 of 1
--------------------------------------------------------------------------------
 Operating point: 
--------------------------------------------------------------------------------
 Fluid:                    air
 Flow angle in:            0.00 deg
 Total temperature in:     35.75 degC
 Total pressure in:        1.017 bar
 Mass flow rate:           0.299 kg/s
 Angular speed:            52500.0 RPM
--------------------------------------------------------------------------------

Generating heuristic inital guesses from latin hypercube sampling
Number of failures: 0 out of 30 samples
Least norm of residuals: 1.1962346978073666

--------------------------------------------------------------------------------
               Final summary of performance analysis calculations               
--------------------------------------------------------------------------------
 Simulation successful for 1 out of 1 points
 Average calculation time per operation point: 66.016 seconds
 Minimum calculation time of all operation points: 66.016 seconds
 Maximum calculation time of all operation points: 66.016 seconds
 Total calculation time for all operation points: 66.016 seconds
--------------------------------------------------------------------------------

--------------------------------------------------------------------------------
 Summary of operation points scheduled for simulation
--------------------------------------------------------------------------------
   Index    Fluid   angle_in        T0_in        p0_in mass_flow_rate        omega
                       [deg]       [degC]        [kPa]       [kg/s]        [RPM]
       1      air        0.0        35.75       101.73         0.26        52500
--------------------------------------------------------------------------------

 Computing operation point 1 of 1
--------------------------------------------------------------------------------
 Operating point: 
--------------------------------------------------------------------------------
 Fluid:                    air
 Flow angle in:            0.00 deg
 Total temperature in:     35.75 degC
 Total pressure in:        1.017 bar
 Mass flow rate:           0.261 kg/s
 Angular speed:            52500.0 RPM
--------------------------------------------------------------------------------

Generating heuristic inital guesses from latin hypercube sampling
Number of failures: 0 out of 30 samples
Least norm of residuals: 1.3492933619249778

--------------------------------------------------------------------------------
               Final summary of performance analysis calculations               
--------------------------------------------------------------------------------
 Simulation successful for 1 out of 1 points
 Average calculation time per operation point: 68.075 seconds
 Minimum calculation time of all operation points: 68.075 seconds
 Maximum calculation time of all operation points: 68.075 seconds
 Total calculation time for all operation points: 68.075 seconds
--------------------------------------------------------------------------------

N 0.70: 19/21 converged; mdot 0.261-0.934, PR max 2.196
