--------------------------------------------------------------------------------
 Summary of operation points scheduled for simulation
--------------------------------------------------------------------------------
   Index    Fluid   angle_in        T0_in        p0_in mass_flow_rate        omega
                       [deg]       [degC]        [kPa]       [kg/s]        [RPM]
       1      air        0.0        35.75       101.74         1.07        75000
--------------------------------------------------------------------------------

 Computing operation point 1 of 1
--------------------------------------------------------------------------------
 Operating point: 
--------------------------------------------------------------------------------
 Fluid:                    air
 Flow angle in:            0.00 deg
 Total temperature in:     35.75 degC
 Total pressure in:        1.017 bar
 Mass flow rate:           1.075 kg/s
 Angular speed:            75000.0 RPM
--------------------------------------------------------------------------------

Generating heuristic inital guesses from latin hypercube sampling
Number of failures: 0 out of 30 samples
Least norm of residuals: 0.1885230117793488

--------------------------------------------------------------------------------
               Final summary of performance analysis calculations               
--------------------------------------------------------------------------------
 Simulation successful for 1 out of 1 points
 Average calculation time per operation point: 7.039 seconds
 Minimum calculation time of all operation points: 7.039 seconds
 Maximum calculation time of all operation points: 7.039 seconds
 Total calculation time for all operation points: 7.039 seconds
--------------------------------------------------------------------------------

DESIGN CHECK: {'N': 1.0, 'mdot': 1.0749496241168017, 'PR': 4.000211407168889, 'eta': 0.8103860933512428, 'choked': False, 'success': True} | design run PR 4.0002 eta 0.8104
C:\Users\MEO\Desktop\Projects\JetEngine\boomsonic_v0\.venv-np1\Lib\site-packages\turboflow\centrifugal_compressor\performance_analysis.py:588: RuntimeWarning: All-NaN slice encountered
  print(f"Least norm of residuals: {np.nanmin(norm_residuals)}")
--------------------------------------------------------------------------------
 Summary of operation points scheduled for simulation
--------------------------------------------------------------------------------
   Index    Fluid   angle_in        T0_in        p0_in mass_flow_rate        omega
                       [deg]       [degC]        [kPa]       [kg/s]        [RPM]
       1      air        0.0        35.75       101.74         1.45        75000
--------------------------------------------------------------------------------

 Computing operation point 1 of 1
--------------------------------------------------------------------------------
 Operating point: 
--------------------------------------------------------------------------------
 Fluid:                    air
 Flow angle in:            0.00 deg
 Total temperature in:     35.75 degC
 Total pressure in:        1.017 bar
 Mass flow rate:           1.451 kg/s
 Angular speed:            75000.0 RPM
--------------------------------------------------------------------------------

Generating heuristic inital guesses from latin hypercube sampling
Number of failures: 30 out of 30 samples
Least norm of residuals: nan
--------------------------------------------------------------------------------
 Summary of operation points scheduled for simulation
--------------------------------------------------------------------------------
   Index    Fluid   angle_in        T0_in        p0_in mass_flow_rate        omega
                       [deg]       [degC]        [kPa]       [kg/s]        [RPM]
       1      air        0.0        35.75       101.74         1.40        75000
--------------------------------------------------------------------------------

 Computing operation point 1 of 1
--------------------------------------------------------------------------------
 Operating point: 
--------------------------------------------------------------------------------
 Fluid:                    air
 Flow angle in:            0.00 deg
 Total temperature in:     35.75 degC
 Total pressure in:        1.017 bar
 Mass flow rate:           1.397 kg/s
 Angular speed:            75000.0 RPM
--------------------------------------------------------------------------------

Generating heuristic inital guesses from latin hypercube sampling
Number of failures: 30 out of 30 samples
Least norm of residuals: nan
--------------------------------------------------------------------------------
 Summary of operation points scheduled for simulation
--------------------------------------------------------------------------------
   Index    Fluid   angle_in        T0_in        p0_in mass_flow_rate        omega
                       [deg]       [degC]        [kPa]       [kg/s]        [RPM]
       1      air        0.0        35.75       101.74         1.34        75000
--------------------------------------------------------------------------------

 Computing operation point 1 of 1
--------------------------------------------------------------------------------
 Operating point: 
--------------------------------------------------------------------------------
 Fluid:                    air
 Flow angle in:            0.00 deg
 Total temperature in:     35.75 degC
 Total pressure in:        1.017 bar
 Mass flow rate:           1.344 kg/s
 Angular speed:            75000.0 RPM
--------------------------------------------------------------------------------

Generating heuristic inital guesses from latin hypercube sampling
Number of failures: 30 out of 30 samples
Least norm of residuals: nan
--------------------------------------------------------------------------------
 Summary of operation points scheduled for simulation
--------------------------------------------------------------------------------
   Index    Fluid   angle_in        T0_in        p0_in mass_flow_rate        omega
                       [deg]       [degC]        [kPa]       [kg/s]        [RPM]
       1      air        0.0        35.75       101.74         1.29        75000
--------------------------------------------------------------------------------

 Computing operation point 1 of 1
--------------------------------------------------------------------------------
 Operating point: 
--------------------------------------------------------------------------------
 Fluid:                    air
 Flow angle in:            0.00 deg
 Total temperature in:     35.75 degC
 Total pressure in:        1.017 bar
 Mass flow rate:           1.290 kg/s
 Angular speed:            75000.0 RPM
--------------------------------------------------------------------------------

Generating heuristic inital guesses from latin hypercube sampling
Number of failures: 0 out of 30 samples
Least norm of residuals: 0.24344376611238153

--------------------------------------------------------------------------------
               Final summary of performance analysis calculations               
--------------------------------------------------------------------------------
 Simulation successful for 1 out of 1 points
 Average calculation time per operation point: 11.720 seconds
 Minimum calculation time of all operation points: 11.720 seconds
 Maximum calculation time of all operation points: 11.720 seconds
 Total calculation time for all operation points: 11.720 seconds
--------------------------------------------------------------------------------

--------------------------------------------------------------------------------
 Summary of operation points scheduled for simulation
--------------------------------------------------------------------------------
   Index    Fluid   angle_in        T0_in        p0_in mass_flow_rate        omega
                       [deg]       [degC]        [kPa]       [kg/s]        [RPM]
       1      air        0.0        35.75       101.74         1.24        75000
--------------------------------------------------------------------------------

 Computing operation point 1 of 1
--------------------------------------------------------------------------------
 Operating point: 
--------------------------------------------------------------------------------
 Fluid:                    air
 Flow angle in:            0.00 deg
 Total temperature in:     35.75 degC
 Total pressure in:        1.017 bar
 Mass flow rate:           1.236 kg/s
 Angular speed:            75000.0 RPM
--------------------------------------------------------------------------------

Generating heuristic inital guesses from latin hypercube sampling
Number of failures: 0 out of 30 samples
Least norm of residuals: 0.22647848616604038

--------------------------------------------------------------------------------
               Final summary of performance analysis calculations               
--------------------------------------------------------------------------------
 Simulation successful for 1 out of 1 points
 Average calculation time per operation point: 16.850 seconds
 Minimum calculation time of all operation points: 16.850 seconds
 Maximum calculation time of all operation points: 16.850 seconds
 Total calculation time for all operation points: 16.850 seconds
--------------------------------------------------------------------------------

--------------------------------------------------------------------------------
 Summary of operation points scheduled for simulation
--------------------------------------------------------------------------------
   Index    Fluid   angle_in        T0_in        p0_in mass_flow_rate        omega
                       [deg]       [degC]        [kPa]       [kg/s]        [RPM]
       1      air        0.0        35.75       101.74         1.18        75000
--------------------------------------------------------------------------------

 Computing operation point 1 of 1
--------------------------------------------------------------------------------
 Operating point: 
--------------------------------------------------------------------------------
 Fluid:                    air
 Flow angle in:            0.00 deg
 Total temperature in:     35.75 degC
 Total pressure in:        1.017 bar
 Mass flow rate:           1.182 kg/s
 Angular speed:            75000.0 RPM
--------------------------------------------------------------------------------

Generating heuristic inital guesses from latin hypercube sampling
Number of failures: 0 out of 30 samples
Least norm of residuals: 0.2088062984082036

--------------------------------------------------------------------------------
               Final summary of performance analysis calculations               
--------------------------------------------------------------------------------
 Simulation successful for 1 out of 1 points
 Average calculation time per operation point: 13.122 seconds
 Minimum calculation time of all operation points: 13.122 seconds
 Maximum calculation time of all operation points: 13.122 seconds
 Total calculation time for all operation points: 13.122 seconds
--------------------------------------------------------------------------------

--------------------------------------------------------------------------------
 Summary of operation points scheduled for simulation
--------------------------------------------------------------------------------
   Index    Fluid   angle_in        T0_in        p0_in mass_flow_rate        omega
                       [deg]       [degC]        [kPa]       [kg/s]        [RPM]
       1      air        0.0        35.75       101.74         1.13        75000
--------------------------------------------------------------------------------

 Computing operation point 1 of 1
--------------------------------------------------------------------------------
 Operating point: 
--------------------------------------------------------------------------------
 Fluid:                    air
 Flow angle in:            0.00 deg
 Total temperature in:     35.75 degC
 Total pressure in:        1.017 bar
 Mass flow rate:           1.129 kg/s
 Angular speed:            75000.0 RPM
--------------------------------------------------------------------------------

Generating heuristic inital guesses from latin hypercube sampling
Number of failures: 0 out of 30 samples
Least norm of residuals: 0.1948963690308354

--------------------------------------------------------------------------------
               Final summary of performance analysis calculations               
--------------------------------------------------------------------------------
 Simulation successful for 1 out of 1 points
 Average calculation time per operation point: 7.268 seconds
 Minimum calculation time of all operation points: 7.268 seconds
 Maximum calculation time of all operation points: 7.268 seconds
 Total calculation time for all operation points: 7.268 seconds
--------------------------------------------------------------------------------

--------------------------------------------------------------------------------
 Summary of operation points scheduled for simulation
--------------------------------------------------------------------------------
   Index    Fluid   angle_in        T0_in        p0_in mass_flow_rate        omega
                       [deg]       [degC]        [kPa]       [kg/s]        [RPM]
       1      air        0.0        35.75       101.74         1.07        75000
--------------------------------------------------------------------------------

 Computing operation point 1 of 1
--------------------------------------------------------------------------------
 Operating point: 
--------------------------------------------------------------------------------
 Fluid:                    air
 Flow angle in:            0.00 deg
 Total temperature in:     35.75 degC
 Total pressure in:        1.017 bar
 Mass flow rate:           1.075 kg/s
 Angular speed:            75000.0 RPM
--------------------------------------------------------------------------------

Generating heuristic inital guesses from latin hypercube sampling
Number of failures: 0 out of 30 samples
Least norm of residuals: 0.1885230117793488

--------------------------------------------------------------------------------
               Final summary of performance analysis calculations               
--------------------------------------------------------------------------------
 Simulation successful for 1 out of 1 points
 Average calculation time per operation point: 6.085 seconds
 Minimum calculation time of all operation points: 6.085 seconds
 Maximum calculation time of all operation points: 6.085 seconds
 Total calculation time for all operation points: 6.085 seconds
--------------------------------------------------------------------------------

--------------------------------------------------------------------------------
 Summary of operation points scheduled for simulation
--------------------------------------------------------------------------------
   Index    Fluid   angle_in        T0_in        p0_in mass_flow_rate        omega
                       [deg]       [degC]        [kPa]       [kg/s]        [RPM]
       1      air        0.0        35.75       101.74         1.02        75000
--------------------------------------------------------------------------------

 Computing operation point 1 of 1
--------------------------------------------------------------------------------
 Operating point: 
--------------------------------------------------------------------------------
 Fluid:                    air
 Flow angle in:            0.00 deg
 Total temperature in:     35.75 degC
 Total pressure in:        1.017 bar
 Mass flow rate:           1.021 kg/s
 Angular speed:            75000.0 RPM
--------------------------------------------------------------------------------

Generating heuristic inital guesses from latin hypercube sampling
Number of failures: 0 out of 30 samples
Least norm of residuals: 0.1732251151248277

--------------------------------------------------------------------------------
               Final summary of performance analysis calculations               
--------------------------------------------------------------------------------
 Simulation successful for 1 out of 1 points
 Average calculation time per operation point: 10.773 seconds
 Minimum calculation time of all operation points: 10.773 seconds
 Maximum calculation time of all operation points: 10.773 seconds
 Total calculation time for all operation points: 10.773 seconds
--------------------------------------------------------------------------------

--------------------------------------------------------------------------------
 Summary of operation points scheduled for simulation
--------------------------------------------------------------------------------
   Index    Fluid   angle_in        T0_in        p0_in mass_flow_rate        omega
                       [deg]       [degC]        [kPa]       [kg/s]        [RPM]
       1      air        0.0        35.75       101.74         0.97        75000
--------------------------------------------------------------------------------

 Computing operation point 1 of 1
--------------------------------------------------------------------------------
 Operating point: 
--------------------------------------------------------------------------------
 Fluid:                    air
 Flow angle in:            0.00 deg
 Total temperature in:     35.75 degC
 Total pressure in:        1.017 bar
 Mass flow rate:           0.967 kg/s
 Angular speed:            75000.0 RPM
--------------------------------------------------------------------------------

Generating heuristic inital guesses from latin hypercube sampling
Number of failures: 0 out of 30 samples
Least norm of residuals: 0.1649488175876913

--------------------------------------------------------------------------------
               Final summary of performance analysis calculations               
--------------------------------------------------------------------------------
 Simulation successful for 1 out of 1 points
 Average calculation time per operation point: 6.153 seconds
 Minimum calculation time of all operation points: 6.153 seconds
 Maximum calculation time of all operation points: 6.153 seconds
 Total calculation time for all operation points: 6.153 seconds
--------------------------------------------------------------------------------

--------------------------------------------------------------------------------
 Summary of operation points scheduled for simulation
--------------------------------------------------------------------------------
   Index    Fluid   angle_in        T0_in        p0_in mass_flow_rate        omega
                       [deg]       [degC]        [kPa]       [kg/s]        [RPM]
       1      air        0.0        35.75       101.74         0.91        75000
--------------------------------------------------------------------------------

 Computing operation point 1 of 1
--------------------------------------------------------------------------------
 Operating point: 
--------------------------------------------------------------------------------
 Fluid:                    air
 Flow angle in:            0.00 deg
 Total temperature in:     35.75 degC
 Total pressure in:        1.017 bar
 Mass flow rate:           0.914 kg/s
 Angular speed:            75000.0 RPM
--------------------------------------------------------------------------------

Generating heuristic inital guesses from latin hypercube sampling
Number of failures: 0 out of 30 samples
Least norm of residuals: 0.17447043396039535

--------------------------------------------------------------------------------
               Final summary of performance analysis calculations               
--------------------------------------------------------------------------------
 Simulation successful for 1 out of 1 points
 Average calculation time per operation point: 7.672 seconds
 Minimum calculation time of all operation points: 7.672 seconds
 Maximum calculation time of all operation points: 7.672 seconds
 Total calculation time for all operation points: 7.672 seconds
--------------------------------------------------------------------------------

--------------------------------------------------------------------------------
 Summary of operation points scheduled for simulation
--------------------------------------------------------------------------------
   Index    Fluid   angle_in        T0_in        p0_in mass_flow_rate        omega
                       [deg]       [degC]        [kPa]       [kg/s]        [RPM]
       1      air        0.0        35.75       101.74         0.86        75000
--------------------------------------------------------------------------------

 Computing operation point 1 of 1
--------------------------------------------------------------------------------
 Operating point: 
--------------------------------------------------------------------------------
 Fluid:                    air
 Flow angle in:            0.00 deg
 Total temperature in:     35.75 degC
 Total pressure in:        1.017 bar
 Mass flow rate:           0.860 kg/s
 Angular speed:            75000.0 RPM
--------------------------------------------------------------------------------

Generating heuristic inital guesses from latin hypercube sampling
Number of failures: 0 out of 30 samples
Least norm of residuals: 0.20540612236409284

--------------------------------------------------------------------------------
               Final summary of performance analysis calculations               
--------------------------------------------------------------------------------
 Simulation successful for 1 out of 1 points
 Average calculation time per operation point: 8.992 seconds
 Minimum calculation time of all operation points: 8.992 seconds
 Maximum calculation time of all operation points: 8.992 seconds
 Total calculation time for all operation points: 8.992 seconds
--------------------------------------------------------------------------------

--------------------------------------------------------------------------------
 Summary of operation points scheduled for simulation
--------------------------------------------------------------------------------
   Index    Fluid   angle_in        T0_in        p0_in mass_flow_rate        omega
                       [deg]       [degC]        [kPa]       [kg/s]        [RPM]
       1      air        0.0        35.75       101.74         0.81        75000
--------------------------------------------------------------------------------

 Computing operation point 1 of 1
--------------------------------------------------------------------------------
 Operating point: 
--------------------------------------------------------------------------------
 Fluid:                    air
 Flow angle in:            0.00 deg
 Total temperature in:     35.75 degC
 Total pressure in:        1.017 bar
 Mass flow rate:           0.806 kg/s
 Angular speed:            75000.0 RPM
--------------------------------------------------------------------------------

Generating heuristic inital guesses from latin hypercube sampling
Number of failures: 0 out of 30 samples
Least norm of residuals: 0.25690627234082664

--------------------------------------------------------------------------------
               Final summary of performance analysis calculations               
--------------------------------------------------------------------------------
 Simulation successful for 1 out of 1 points
 Average calculation time per operation point: 19.824 seconds
 Minimum calculation time of all operation points: 19.824 seconds
 Maximum calculation time of all operation points: 19.824 seconds
 Total calculation time for all operation points: 19.824 seconds
--------------------------------------------------------------------------------

--------------------------------------------------------------------------------
 Summary of operation points scheduled for simulation
--------------------------------------------------------------------------------
   Index    Fluid   angle_in        T0_in        p0_in mass_flow_rate        omega
                       [deg]       [degC]        [kPa]       [kg/s]        [RPM]
       1      air        0.0        35.75       101.74         0.75        75000
--------------------------------------------------------------------------------

 Computing operation point 1 of 1
--------------------------------------------------------------------------------
 Operating point: 
--------------------------------------------------------------------------------
 Fluid:                    air
 Flow angle in:            0.00 deg
 Total temperature in:     35.75 degC
 Total pressure in:        1.017 bar
 Mass flow rate:           0.752 kg/s
 Angular speed:            75000.0 RPM
--------------------------------------------------------------------------------

Generating heuristic inital guesses from latin hypercube sampling
Number of failures: 0 out of 30 samples
Least norm of residuals: 0.32707183878494506

--------------------------------------------------------------------------------
               Final summary of performance analysis calculations               
--------------------------------------------------------------------------------
 Simulation successful for 1 out of 1 points
 Average calculation time per operation point: 8.456 seconds
 Minimum calculation time of all operation points: 8.456 seconds
 Maximum calculation time of all operation points: 8.456 seconds
 Total calculation time for all operation points: 8.456 seconds
--------------------------------------------------------------------------------

--------------------------------------------------------------------------------
 Summary of operation points scheduled for simulation
--------------------------------------------------------------------------------
   Index    Fluid   angle_in        T0_in        p0_in mass_flow_rate        omega
                       [deg]       [degC]        [kPa]       [kg/s]        [RPM]
       1      air        0.0        35.75       101.74         0.70        75000
--------------------------------------------------------------------------------

 Computing operation point 1 of 1
--------------------------------------------------------------------------------
 Operating point: 
--------------------------------------------------------------------------------
 Fluid:                    air
 Flow angle in:            0.00 deg
 Total temperature in:     35.75 degC
 Total pressure in:        1.017 bar
 Mass flow rate:           0.699 kg/s
 Angular speed:            75000.0 RPM
--------------------------------------------------------------------------------

Generating heuristic inital guesses from latin hypercube sampling
Number of failures: 0 out of 30 samples
Least norm of residuals: 0.41548791990615924

--------------------------------------------------------------------------------
               Final summary of performance analysis calculations               
--------------------------------------------------------------------------------
 Simulation successful for 1 out of 1 points
 Average calculation time per operation point: 37.775 seconds
 Minimum calculation time of all operation points: 37.775 seconds
 Maximum calculation time of all operation points: 37.775 seconds
 Total calculation time for all operation points: 37.775 seconds
--------------------------------------------------------------------------------

--------------------------------------------------------------------------------
 Summary of operation points scheduled for simulation
--------------------------------------------------------------------------------
   Index    Fluid   angle_in        T0_in        p0_in mass_flow_rate        omega
                       [deg]       [degC]        [kPa]       [kg/s]        [RPM]
       1      air        0.0        35.75       101.74         0.64        75000
--------------------------------------------------------------------------------

 Computing operation point 1 of 1
--------------------------------------------------------------------------------
 Operating point: 
--------------------------------------------------------------------------------
 Fluid:                    air
 Flow angle in:            0.00 deg
 Total temperature in:     35.75 degC
 Total pressure in:        1.017 bar
 Mass flow rate:           0.645 kg/s
 Angular speed:            75000.0 RPM
--------------------------------------------------------------------------------

Generating heuristic inital guesses from latin hypercube sampling
Number of failures: 0 out of 30 samples
Least norm of residuals: 0.5236873779796404

--------------------------------------------------------------------------------
               Final summary of performance analysis calculations               
--------------------------------------------------------------------------------
 Simulation successful for 1 out of 1 points
 Average calculation time per operation point: 102.889 seconds
 Minimum calculation time of all operation points: 102.889 seconds
 Maximum calculation time of all operation points: 102.889 seconds
 Total calculation time for all operation points: 102.889 seconds
--------------------------------------------------------------------------------

--------------------------------------------------------------------------------
 Summary of operation points scheduled for simulation
--------------------------------------------------------------------------------
   Index    Fluid   angle_in        T0_in        p0_in mass_flow_rate        omega
                       [deg]       [degC]        [kPa]       [kg/s]        [RPM]
       1      air        0.0        35.75       101.74         0.59        75000
--------------------------------------------------------------------------------

 Computing operation point 1 of 1
--------------------------------------------------------------------------------
 Operating point: 
--------------------------------------------------------------------------------
 Fluid:                    air
 Flow angle in:            0.00 deg
 Total temperature in:     35.75 degC
 Total pressure in:        1.017 bar
 Mass flow rate:           0.591 kg/s
 Angular speed:            75000.0 RPM
--------------------------------------------------------------------------------

Generating heuristic inital guesses from latin hypercube sampling
Number of failures: 0 out of 30 samples
Least norm of residuals: 0.5845619711862737

--------------------------------------------------------------------------------
               Final summary of performance analysis calculations               
--------------------------------------------------------------------------------
 Simulation successful for 1 out of 1 points
 Average calculation time per operation point: 7.422 seconds
 Minimum calculation time of all operation points: 7.422 seconds
 Maximum calculation time of all operation points: 7.422 seconds
 Total calculation time for all operation points: 7.422 seconds
--------------------------------------------------------------------------------

--------------------------------------------------------------------------------
 Summary of operation points scheduled for simulation
--------------------------------------------------------------------------------
   Index    Fluid   angle_in        T0_in        p0_in mass_flow_rate        omega
                       [deg]       [degC]        [kPa]       [kg/s]        [RPM]
       1      air        0.0        35.75       101.74         0.54        75000
--------------------------------------------------------------------------------

 Computing operation point 1 of 1
--------------------------------------------------------------------------------
 Operating point: 
--------------------------------------------------------------------------------
 Fluid:                    air
 Flow angle in:            0.00 deg
 Total temperature in:     35.75 degC
 Total pressure in:        1.017 bar
 Mass flow rate:           0.537 kg/s
 Angular speed:            75000.0 RPM
--------------------------------------------------------------------------------

Generating heuristic inital guesses from latin hypercube sampling
Number of failures: 0 out of 30 samples
Least norm of residuals: 0.6649809862994956
 Error during solving: Inputs in Brent [59.750000,2020.000000] do not bracket the root.  Function values are [1632.450701,70027.823025]

--------------------------------------------------------------------------------
               Final summary of performance analysis calculations               
--------------------------------------------------------------------------------
 Simulation successful for 1 out of 1 points
 Average calculation time per operation point: 117.363 seconds
 Minimum calculation time of all operation points: 117.363 seconds
 Maximum calculation time of all operation points: 117.363 seconds
 Total calculation time for all operation points: 117.363 seconds
--------------------------------------------------------------------------------

--------------------------------------------------------------------------------
 Summary of operation points scheduled for simulation
--------------------------------------------------------------------------------
   Index    Fluid   angle_in        T0_in        p0_in mass_flow_rate        omega
                       [deg]       [degC]        [kPa]       [kg/s]        [RPM]
       1      air        0.0        35.75       101.74         0.48        75000
--------------------------------------------------------------------------------

 Computing operation point 1 of 1
--------------------------------------------------------------------------------
 Operating point: 
--------------------------------------------------------------------------------
 Fluid:                    air
 Flow angle in:            0.00 deg
 Total temperature in:     35.75 degC
 Total pressure in:        1.017 bar
 Mass flow rate:           0.484 kg/s
 Angular speed:            75000.0 RPM
--------------------------------------------------------------------------------

Generating heuristic inital guesses from latin hypercube sampling
Number of failures: 0 out of 30 samples
Least norm of residuals: 0.7840188184227791
 Error during solving: Inputs in Brent [59.750000,2020.000000] do not bracket the root.  Function values are [8232.403704,72744.033900]

--------------------------------------------------------------------------------
               Final summary of performance analysis calculations               
--------------------------------------------------------------------------------
 Simulation successful for 1 out of 1 points
 Average calculation time per operation point: 144.741 seconds
 Minimum calculation time of all operation points: 144.741 seconds
 Maximum calculation time of all operation points: 144.741 seconds
 Total calculation time for all operation points: 144.741 seconds
--------------------------------------------------------------------------------

--------------------------------------------------------------------------------
 Summary of operation points scheduled for simulation
--------------------------------------------------------------------------------
   Index    Fluid   angle_in        T0_in        p0_in mass_flow_rate        omega
                       [deg]       [degC]        [kPa]       [kg/s]        [RPM]
       1      air        0.0        35.75       101.74         0.43        75000
--------------------------------------------------------------------------------

 Computing operation point 1 of 1
--------------------------------------------------------------------------------
 Operating point: 
--------------------------------------------------------------------------------
 Fluid:                    air
 Flow angle in:            0.00 deg
 Total temperature in:     35.75 degC
 Total pressure in:        1.017 bar
 Mass flow rate:           0.430 kg/s
 Angular speed:            75000.0 RPM
--------------------------------------------------------------------------------

Generating heuristic inital guesses from latin hypercube sampling
Number of failures: 0 out of 30 samples
Least norm of residuals: 0.9537496545388039
WARNING: All attempts failed to converge

--------------------------------------------------------------------------------
               Final summary of performance analysis calculations               
--------------------------------------------------------------------------------
 Simulation successful for 0 out of 1 points
Failed operation points: 0
 No valid calculation times available.
--------------------------------------------------------------------------------

--------------------------------------------------------------------------------
 Summary of operation points scheduled for simulation
--------------------------------------------------------------------------------
   Index    Fluid   angle_in        T0_in        p0_in mass_flow_rate        omega
                       [deg]       [degC]        [kPa]       [kg/s]        [RPM]
       1      air        0.0        35.75       101.74         0.38        75000
--------------------------------------------------------------------------------

 Computing operation point 1 of 1
--------------------------------------------------------------------------------
 Operating point: 
--------------------------------------------------------------------------------
 Fluid:                    air
 Flow angle in:            0.00 deg
 Total temperature in:     35.75 degC
 Total pressure in:        1.017 bar
 Mass flow rate:           0.376 kg/s
 Angular speed:            75000.0 RPM
--------------------------------------------------------------------------------

Generating heuristic inital guesses from latin hypercube sampling
Number of failures: 0 out of 30 samples
Least norm of residuals: 1.1945901661716016
WARNING: All attempts failed to converge

--------------------------------------------------------------------------------
               Final summary of performance analysis calculations               
--------------------------------------------------------------------------------
 Simulation successful for 0 out of 1 points
Failed operation points: 0
 No valid calculation times available.
--------------------------------------------------------------------------------

N 1.00: 16/21 converged; mdot 0.484-1.290, PR max 4.000
--------------------------------------------------------------------------------
 Summary of operation points scheduled for simulation
--------------------------------------------------------------------------------
   Index    Fluid   angle_in        T0_in        p0_in mass_flow_rate        omega
                       [deg]       [degC]        [kPa]       [kg/s]        [RPM]
       1      air        0.0        35.75       101.74         0.87        45000
--------------------------------------------------------------------------------

 Computing operation point 1 of 1
--------------------------------------------------------------------------------
 Operating point: 
--------------------------------------------------------------------------------
 Fluid:                    air
 Flow angle in:            0.00 deg
 Total temperature in:     35.75 degC
 Total pressure in:        1.017 bar
 Mass flow rate:           0.871 kg/s
 Angular speed:            45000.0 RPM
--------------------------------------------------------------------------------

Generating heuristic inital guesses from latin hypercube sampling
Number of failures: 0 out of 30 samples
Least norm of residuals: 0.4107566697646262

--------------------------------------------------------------------------------
               Final summary of performance analysis calculations               
--------------------------------------------------------------------------------
 Simulation successful for 1 out of 1 points
 Average calculation time per operation point: 7.828 seconds
 Minimum calculation time of all operation points: 7.828 seconds
 Maximum calculation time of all operation points: 7.828 seconds
 Total calculation time for all operation points: 7.828 seconds
--------------------------------------------------------------------------------

--------------------------------------------------------------------------------
 Summary of operation points scheduled for simulation
--------------------------------------------------------------------------------
   Index    Fluid   angle_in        T0_in        p0_in mass_flow_rate        omega
                       [deg]       [degC]        [kPa]       [kg/s]        [RPM]
       1      air        0.0        35.75       101.74         0.84        45000
--------------------------------------------------------------------------------

 Computing operation point 1 of 1
--------------------------------------------------------------------------------
 Operating point: 
--------------------------------------------------------------------------------
 Fluid:                    air
 Flow angle in:            0.00 deg
 Total temperature in:     35.75 degC
 Total pressure in:        1.017 bar
 Mass flow rate:           0.838 kg/s
 Angular speed:            45000.0 RPM
--------------------------------------------------------------------------------

Generating heuristic inital guesses from latin hypercube sampling
Number of failures: 0 out of 30 samples
Least norm of residuals: 0.39682366528828894

--------------------------------------------------------------------------------
               Final summary of performance analysis calculations               
--------------------------------------------------------------------------------
 Simulation successful for 1 out of 1 points
 Average calculation time per operation point: 8.411 seconds
 Minimum calculation time of all operation points: 8.411 seconds
 Maximum calculation time of all operation points: 8.411 seconds
 Total calculation time for all operation points: 8.411 seconds
--------------------------------------------------------------------------------

--------------------------------------------------------------------------------
 Summary of operation points scheduled for simulation
--------------------------------------------------------------------------------
   Index    Fluid   angle_in        T0_in        p0_in mass_flow_rate        omega
                       [deg]       [degC]        [kPa]       [kg/s]        [RPM]
       1      air        0.0        35.75       101.74         0.81        45000
--------------------------------------------------------------------------------

 Computing operation point 1 of 1
--------------------------------------------------------------------------------
 Operating point: 
--------------------------------------------------------------------------------
 Fluid:                    air
 Flow angle in:            0.00 deg
 Total temperature in:     35.75 degC
 Total pressure in:        1.017 bar
 Mass flow rate:           0.806 kg/s
 Angular speed:            45000.0 RPM
--------------------------------------------------------------------------------

Generating heuristic inital guesses from latin hypercube sampling
Number of failures: 0 out of 30 samples
Least norm of residuals: 0.3837100419752358

--------------------------------------------------------------------------------
               Final summary of performance analysis calculations               
--------------------------------------------------------------------------------
 Simulation successful for 1 out of 1 points
 Average calculation time per operation point: 8.221 seconds
 Minimum calculation time of all operation points: 8.221 seconds
 Maximum calculation time of all operation points: 8.221 seconds
 Total calculation time for all operation points: 8.221 seconds
--------------------------------------------------------------------------------

--------------------------------------------------------------------------------
 Summary of operation points scheduled for simulation
--------------------------------------------------------------------------------
   Index    Fluid   angle_in        T0_in        p0_in mass_flow_rate        omega
                       [deg]       [degC]        [kPa]       [kg/s]        [RPM]
       1      air        0.0        35.75       101.74         0.77        45000
--------------------------------------------------------------------------------

 Computing operation point 1 of 1
--------------------------------------------------------------------------------
 Operating point: 
--------------------------------------------------------------------------------
 Fluid:                    air
 Flow angle in:            0.00 deg
 Total temperature in:     35.75 degC
 Total pressure in:        1.017 bar
 Mass flow rate:           0.774 kg/s
 Angular speed:            45000.0 RPM
--------------------------------------------------------------------------------

Generating heuristic inital guesses from latin hypercube sampling
Number of failures: 0 out of 30 samples
Least norm of residuals: 0.3720448739117964

--------------------------------------------------------------------------------
               Final summary of performance analysis calculations               
--------------------------------------------------------------------------------
 Simulation successful for 1 out of 1 points
 Average calculation time per operation point: 7.302 seconds
 Minimum calculation time of all operation points: 7.302 seconds
 Maximum calculation time of all operation points: 7.302 seconds
 Total calculation time for all operation points: 7.302 seconds
--------------------------------------------------------------------------------

--------------------------------------------------------------------------------
 Summary of operation points scheduled for simulation
--------------------------------------------------------------------------------
   Index    Fluid   angle_in        T0_in        p0_in mass_flow_rate        omega
                       [deg]       [degC]        [kPa]       [kg/s]        [RPM]
       1      air        0.0        35.75       101.74         0.74        45000
--------------------------------------------------------------------------------

 Computing operation point 1 of 1
--------------------------------------------------------------------------------
 Operating point: 
--------------------------------------------------------------------------------
 Fluid:                    air
 Flow angle in:            0.00 deg
 Total temperature in:     35.75 degC
 Total pressure in:        1.017 bar
 Mass flow rate:           0.742 kg/s
 Angular speed:            45000.0 RPM
--------------------------------------------------------------------------------

Generating heuristic inital guesses from latin hypercube sampling
Number of failures: 0 out of 30 samples
Least norm of residuals: 0.3626994571809305

--------------------------------------------------------------------------------
               Final summary of performance analysis calculations               
--------------------------------------------------------------------------------
 Simulation successful for 1 out of 1 points
 Average calculation time per operation point: 7.212 seconds
 Minimum calculation time of all operation points: 7.212 seconds
 Maximum calculation time of all operation points: 7.212 seconds
 Total calculation time for all operation points: 7.212 seconds
--------------------------------------------------------------------------------

--------------------------------------------------------------------------------
 Summary of operation points scheduled for simulation
--------------------------------------------------------------------------------
   Index    Fluid   angle_in        T0_in        p0_in mass_flow_rate        omega
                       [deg]       [degC]        [kPa]       [kg/s]        [RPM]
       1      air        0.0        35.75       101.74         0.71        45000
--------------------------------------------------------------------------------

 Computing operation point 1 of 1
--------------------------------------------------------------------------------
 Operating point: 
--------------------------------------------------------------------------------
 Fluid:                    air
 Flow angle in:            0.00 deg
 Total temperature in:     35.75 degC
 Total pressure in:        1.017 bar
 Mass flow rate:           0.709 kg/s
 Angular speed:            45000.0 RPM
--------------------------------------------------------------------------------

Generating heuristic inital guesses from latin hypercube sampling
Number of failures: 0 out of 30 samples
Least norm of residuals: 0.35684037571757743

--------------------------------------------------------------------------------
               Final summary of performance analysis calculations               
--------------------------------------------------------------------------------
 Simulation successful for 1 out of 1 points
 Average calculation time per operation point: 7.003 seconds
 Minimum calculation time of all operation points: 7.003 seconds
 Maximum calculation time of all operation points: 7.003 seconds
 Total calculation time for all operation points: 7.003 seconds
--------------------------------------------------------------------------------

--------------------------------------------------------------------------------
 Summary of operation points scheduled for simulation
--------------------------------------------------------------------------------
   Index    Fluid   angle_in        T0_in        p0_in mass_flow_rate        omega
                       [deg]       [degC]        [kPa]       [kg/s]        [RPM]
       1      air        0.0        35.75       101.74         0.68        45000
--------------------------------------------------------------------------------

 Computing operation point 1 of 1
--------------------------------------------------------------------------------
 Operating point: 
--------------------------------------------------------------------------------
 Fluid:                    air
 Flow angle in:            0.00 deg
 Total temperature in:     35.75 degC
 Total pressure in:        1.017 bar
 Mass flow rate:           0.677 kg/s
 Angular speed:            45000.0 RPM
--------------------------------------------------------------------------------

Generating heuristic inital guesses from latin hypercube sampling
Number of failures: 0 out of 30 samples
Least norm of residuals: 0.35595665404166943

--------------------------------------------------------------------------------
               Final summary of performance analysis calculations               
--------------------------------------------------------------------------------
 Simulation successful for 1 out of 1 points
 Average calculation time per operation point: 6.424 seconds
 Minimum calculation time of all operation points: 6.424 seconds
 Maximum calculation time of all operation points: 6.424 seconds
 Total calculation time for all operation points: 6.424 seconds
--------------------------------------------------------------------------------

--------------------------------------------------------------------------------
 Summary of operation points scheduled for simulation
--------------------------------------------------------------------------------
   Index    Fluid   angle_in        T0_in        p0_in mass_flow_rate        omega
                       [deg]       [degC]        [kPa]       [kg/s]        [RPM]
       1      air        0.0        35.75       101.74         0.64        45000
--------------------------------------------------------------------------------

 Computing operation point 1 of 1
--------------------------------------------------------------------------------
 Operating point: 
--------------------------------------------------------------------------------
 Fluid:                    air
 Flow angle in:            0.00 deg
 Total temperature in:     35.75 degC
 Total pressure in:        1.017 bar
 Mass flow rate:           0.645 kg/s
 Angular speed:            45000.0 RPM
--------------------------------------------------------------------------------

Generating heuristic inital guesses from latin hypercube sampling
Number of failures: 0 out of 30 samples
Least norm of residuals: 0.3618298244438073

--------------------------------------------------------------------------------
               Final summary of performance analysis calculations               
--------------------------------------------------------------------------------
 Simulation successful for 1 out of 1 points
 Average calculation time per operation point: 6.398 seconds
 Minimum calculation time of all operation points: 6.398 seconds
 Maximum calculation time of all operation points: 6.398 seconds
 Total calculation time for all operation points: 6.398 seconds
--------------------------------------------------------------------------------

--------------------------------------------------------------------------------
 Summary of operation points scheduled for simulation
--------------------------------------------------------------------------------
   Index    Fluid   angle_in        T0_in        p0_in mass_flow_rate        omega
                       [deg]       [degC]        [kPa]       [kg/s]        [RPM]
       1      air        0.0        35.75       101.74         0.61        45000
--------------------------------------------------------------------------------

 Computing operation point 1 of 1
--------------------------------------------------------------------------------
 Operating point: 
--------------------------------------------------------------------------------
 Fluid:                    air
 Flow angle in:            0.00 deg
 Total temperature in:     35.75 degC
 Total pressure in:        1.017 bar
 Mass flow rate:           0.613 kg/s
 Angular speed:            45000.0 RPM
--------------------------------------------------------------------------------

Generating heuristic inital guesses from latin hypercube sampling
Number of failures: 0 out of 30 samples
Least norm of residuals: 0.37642783553515535

--------------------------------------------------------------------------------
               Final summary of performance analysis calculations               
--------------------------------------------------------------------------------
 Simulation successful for 1 out of 1 points
 Average calculation time per operation point: 6.137 seconds
 Minimum calculation time of all operation points: 6.137 seconds
 Maximum calculation time of all operation points: 6.137 seconds
 Total calculation time for all operation points: 6.137 seconds
--------------------------------------------------------------------------------

--------------------------------------------------------------------------------
 Summary of operation points scheduled for simulation
--------------------------------------------------------------------------------
   Index    Fluid   angle_in        T0_in        p0_in mass_flow_rate        omega
                       [deg]       [degC]        [kPa]       [kg/s]        [RPM]
       1      air        0.0        35.75       101.74         0.58        45000
--------------------------------------------------------------------------------

 Computing operation point 1 of 1
--------------------------------------------------------------------------------
 Operating point: 
--------------------------------------------------------------------------------
 Fluid:                    air
 Flow angle in:            0.00 deg
 Total temperature in:     35.75 degC
 Total pressure in:        1.017 bar
 Mass flow rate:           0.580 kg/s
 Angular speed:            45000.0 RPM
--------------------------------------------------------------------------------

Generating heuristic inital guesses from latin hypercube sampling
Number of failures: 0 out of 30 samples
Least norm of residuals: 0.40175191942147076

--------------------------------------------------------------------------------
               Final summary of performance analysis calculations               
--------------------------------------------------------------------------------
 Simulation successful for 1 out of 1 points
 Average calculation time per operation point: 6.032 seconds
 Minimum calculation time of all operation points: 6.032 seconds
 Maximum calculation time of all operation points: 6.032 seconds
 Total calculation time for all operation points: 6.032 seconds
--------------------------------------------------------------------------------

--------------------------------------------------------------------------------
 Summary of operation points scheduled for simulation
--------------------------------------------------------------------------------
   Index    Fluid   angle_in        T0_in        p0_in mass_flow_rate        omega
                       [deg]       [degC]        [kPa]       [kg/s]        [RPM]
       1      air        0.0        35.75       101.74         0.55        45000
--------------------------------------------------------------------------------

 Computing operation point 1 of 1
--------------------------------------------------------------------------------
 Operating point: 
--------------------------------------------------------------------------------
 Fluid:                    air
 Flow angle in:            0.00 deg
 Total temperature in:     35.75 degC
 Total pressure in:        1.017 bar
 Mass flow rate:           0.548 kg/s
 Angular speed:            45000.0 RPM
--------------------------------------------------------------------------------

Generating heuristic inital guesses from latin hypercube sampling
Number of failures: 0 out of 30 samples
Least norm of residuals: 0.43972754324927643

--------------------------------------------------------------------------------
               Final summary of performance analysis calculations               
--------------------------------------------------------------------------------
 Simulation successful for 1 out of 1 points
 Average calculation time per operation point: 5.853 seconds
 Minimum calculation time of all operation points: 5.853 seconds
 Maximum calculation time of all operation points: 5.853 seconds
 Total calculation time for all operation points: 5.853 seconds
--------------------------------------------------------------------------------

--------------------------------------------------------------------------------
 Summary of operation points scheduled for simulation
--------------------------------------------------------------------------------
   Index    Fluid   angle_in        T0_in        p0_in mass_flow_rate        omega
                       [deg]       [degC]        [kPa]       [kg/s]        [RPM]
       1      air        0.0        35.75       101.74         0.52        45000
--------------------------------------------------------------------------------

 Computing operation point 1 of 1
--------------------------------------------------------------------------------
 Operating point: 
--------------------------------------------------------------------------------
 Fluid:                    air
 Flow angle in:            0.00 deg
 Total temperature in:     35.75 degC
 Total pressure in:        1.017 bar
 Mass flow rate:           0.516 kg/s
 Angular speed:            45000.0 RPM
--------------------------------------------------------------------------------

Generating heuristic inital guesses from latin hypercube sampling
Number of failures: 0 out of 30 samples
Least norm of residuals: 0.4922425074936023

--------------------------------------------------------------------------------
               Final summary of performance analysis calculations               
--------------------------------------------------------------------------------
 Simulation successful for 1 out of 1 points
 Average calculation time per operation point: 5.956 seconds
 Minimum calculation time of all operation points: 5.956 seconds
 Maximum calculation time of all operation points: 5.956 seconds
 Total calculation time for all operation points: 5.956 seconds
--------------------------------------------------------------------------------

--------------------------------------------------------------------------------
 Summary of operation points scheduled for simulation
--------------------------------------------------------------------------------
   Index    Fluid   angle_in        T0_in        p0_in mass_flow_rate        omega
                       [deg]       [degC]        [kPa]       [kg/s]        [RPM]
       1      air        0.0        35.75       101.74         0.48        45000
--------------------------------------------------------------------------------

 Computing operation point 1 of 1
--------------------------------------------------------------------------------
 Operating point: 
--------------------------------------------------------------------------------
 Fluid:                    air
 Flow angle in:            0.00 deg
 Total temperature in:     35.75 degC
 Total pressure in:        1.017 bar
 Mass flow rate:           0.484 kg/s
 Angular speed:            45000.0 RPM
--------------------------------------------------------------------------------

Generating heuristic inital guesses from latin hypercube sampling
Number of failures: 0 out of 30 samples
Least norm of residuals: 0.5510841292241998

--------------------------------------------------------------------------------
               Final summary of performance analysis calculations               
--------------------------------------------------------------------------------
 Simulation successful for 1 out of 1 points
 Average calculation time per operation point: 6.043 seconds
 Minimum calculation time of all operation points: 6.043 seconds
 Maximum calculation time of all operation points: 6.043 seconds
 Total calculation time for all operation points: 6.043 seconds
--------------------------------------------------------------------------------

--------------------------------------------------------------------------------
 Summary of operation points scheduled for simulation
--------------------------------------------------------------------------------
   Index    Fluid   angle_in        T0_in        p0_in mass_flow_rate        omega
                       [deg]       [degC]        [kPa]       [kg/s]        [RPM]
       1      air        0.0        35.75       101.74         0.45        45000
--------------------------------------------------------------------------------

 Computing operation point 1 of 1
--------------------------------------------------------------------------------
 Operating point: 
--------------------------------------------------------------------------------
 Fluid:                    air
 Flow angle in:            0.00 deg
 Total temperature in:     35.75 degC
 Total pressure in:        1.017 bar
 Mass flow rate:           0.451 kg/s
 Angular speed:            45000.0 RPM
--------------------------------------------------------------------------------

Generating heuristic inital guesses from latin hypercube sampling
Number of failures: 0 out of 30 samples
Least norm of residuals: 0.6195504077430114

--------------------------------------------------------------------------------
               Final summary of performance analysis calculations               
--------------------------------------------------------------------------------
 Simulation successful for 1 out of 1 points
 Average calculation time per operation point: 6.344 seconds
 Minimum calculation time of all operation points: 6.344 seconds
 Maximum calculation time of all operation points: 6.344 seconds
 Total calculation time for all operation points: 6.344 seconds
--------------------------------------------------------------------------------

--------------------------------------------------------------------------------
 Summary of operation points scheduled for simulation
--------------------------------------------------------------------------------
   Index    Fluid   angle_in        T0_in        p0_in mass_flow_rate        omega
                       [deg]       [degC]        [kPa]       [kg/s]        [RPM]
       1      air        0.0        35.75       101.74         0.42        45000
--------------------------------------------------------------------------------

 Computing operation point 1 of 1
--------------------------------------------------------------------------------
 Operating point: 
--------------------------------------------------------------------------------
 Fluid:                    air
 Flow angle in:            0.00 deg
 Total temperature in:     35.75 degC
 Total pressure in:        1.017 bar
 Mass flow rate:           0.419 kg/s
 Angular speed:            45000.0 RPM
--------------------------------------------------------------------------------

Generating heuristic inital guesses from latin hypercube sampling
Number of failures: 0 out of 30 samples
Least norm of residuals: 0.7080597324422537

--------------------------------------------------------------------------------
               Final summary of performance analysis calculations               
--------------------------------------------------------------------------------
 Simulation successful for 1 out of 1 points
 Average calculation time per operation point: 6.799 seconds
 Minimum calculation time of all operation points: 6.799 seconds
 Maximum calculation time of all operation points: 6.799 seconds
 Total calculation time for all operation points: 6.799 seconds
--------------------------------------------------------------------------------

--------------------------------------------------------------------------------
 Summary of operation points scheduled for simulation
--------------------------------------------------------------------------------
   Index    Fluid   angle_in        T0_in        p0_in mass_flow_rate        omega
                       [deg]       [degC]        [kPa]       [kg/s]        [RPM]
       1      air        0.0        35.75       101.74         0.39        45000
--------------------------------------------------------------------------------

 Computing operation point 1 of 1
--------------------------------------------------------------------------------
 Operating point: 
--------------------------------------------------------------------------------
 Fluid:                    air
 Flow angle in:            0.00 deg
 Total temperature in:     35.75 degC
 Total pressure in:        1.017 bar
 Mass flow rate:           0.387 kg/s
 Angular speed:            45000.0 RPM
--------------------------------------------------------------------------------

Generating heuristic inital guesses from latin hypercube sampling
Number of failures: 0 out of 30 samples
Least norm of residuals: 0.7762752718066205

--------------------------------------------------------------------------------
               Final summary of performance analysis calculations               
--------------------------------------------------------------------------------
 Simulation successful for 1 out of 1 points
 Average calculation time per operation point: 6.127 seconds
 Minimum calculation time of all operation points: 6.127 seconds
 Maximum calculation time of all operation points: 6.127 seconds
 Total calculation time for all operation points: 6.127 seconds
--------------------------------------------------------------------------------

--------------------------------------------------------------------------------
 Summary of operation points scheduled for simulation
--------------------------------------------------------------------------------
   Index    Fluid   angle_in        T0_in        p0_in mass_flow_rate        omega
                       [deg]       [degC]        [kPa]       [kg/s]        [RPM]
       1      air        0.0        35.75       101.74         0.35        45000
--------------------------------------------------------------------------------

 Computing operation point 1 of 1
--------------------------------------------------------------------------------
 Operating point: 
--------------------------------------------------------------------------------
 Fluid:                    air
 Flow angle in:            0.00 deg
 Total temperature in:     35.75 degC
 Total pressure in:        1.017 bar
 Mass flow rate:           0.355 kg/s
 Angular speed:            45000.0 RPM
--------------------------------------------------------------------------------

Generating heuristic inital guesses from latin hypercube sampling
Number of failures: 0 out of 30 samples
Least norm of residuals: 0.8273795215394937

--------------------------------------------------------------------------------
               Final summary of performance analysis calculations               
--------------------------------------------------------------------------------
 Simulation successful for 1 out of 1 points
 Average calculation time per operation point: 6.933 seconds
 Minimum calculation time of all operation points: 6.933 seconds
 Maximum calculation time of all operation points: 6.933 seconds
 Total calculation time for all operation points: 6.933 seconds
--------------------------------------------------------------------------------

--------------------------------------------------------------------------------
 Summary of operation points scheduled for simulation
--------------------------------------------------------------------------------
   Index    Fluid   angle_in        T0_in        p0_in mass_flow_rate        omega
                       [deg]       [degC]        [kPa]       [kg/s]        [RPM]
       1      air        0.0        35.75       101.74         0.32        45000
--------------------------------------------------------------------------------

 Computing operation point 1 of 1
--------------------------------------------------------------------------------
 Operating point: 
--------------------------------------------------------------------------------
 Fluid:                    air
 Flow angle in:            0.00 deg
 Total temperature in:     35.75 degC
 Total pressure in:        1.017 bar
 Mass flow rate:           0.322 kg/s
 Angular speed:            45000.0 RPM
--------------------------------------------------------------------------------

Generating heuristic inital guesses from latin hypercube sampling
Number of failures: 0 out of 30 samples
Least norm of residuals: 0.9088587211924891

--------------------------------------------------------------------------------
               Final summary of performance analysis calculations               
--------------------------------------------------------------------------------
 Simulation successful for 1 out of 1 points
 Average calculation time per operation point: 7.290 seconds
 Minimum calculation time of all operation points: 7.290 seconds
 Maximum calculation time of all operation points: 7.290 seconds
 Total calculation time for all operation points: 7.290 seconds
--------------------------------------------------------------------------------

--------------------------------------------------------------------------------
 Summary of operation points scheduled for simulation
--------------------------------------------------------------------------------
   Index    Fluid   angle_in        T0_in        p0_in mass_flow_rate        omega
                       [deg]       [degC]        [kPa]       [kg/s]        [RPM]
       1      air        0.0        35.75       101.74         0.29        45000
--------------------------------------------------------------------------------

 Computing operation point 1 of 1
--------------------------------------------------------------------------------
 Operating point: 
--------------------------------------------------------------------------------
 Fluid:                    air
 Flow angle in:            0.00 deg
 Total temperature in:     35.75 degC
 Total pressure in:        1.017 bar
 Mass flow rate:           0.290 kg/s
 Angular speed:            45000.0 RPM
--------------------------------------------------------------------------------

Generating heuristic inital guesses from latin hypercube sampling
Number of failures: 0 out of 30 samples
Least norm of residuals: 1.0309487785065867

--------------------------------------------------------------------------------
               Final summary of performance analysis calculations               
--------------------------------------------------------------------------------
 Simulation successful for 1 out of 1 points
 Average calculation time per operation point: 70.149 seconds
 Minimum calculation time of all operation points: 70.149 seconds
 Maximum calculation time of all operation points: 70.149 seconds
 Total calculation time for all operation points: 70.149 seconds
--------------------------------------------------------------------------------

--------------------------------------------------------------------------------
 Summary of operation points scheduled for simulation
--------------------------------------------------------------------------------
   Index    Fluid   angle_in        T0_in        p0_in mass_flow_rate        omega
                       [deg]       [degC]        [kPa]       [kg/s]        [RPM]
       1      air        0.0        35.75       101.74         0.26        45000
--------------------------------------------------------------------------------

 Computing operation point 1 of 1
--------------------------------------------------------------------------------
 Operating point: 
--------------------------------------------------------------------------------
 Fluid:                    air
 Flow angle in:            0.00 deg
 Total temperature in:     35.75 degC
 Total pressure in:        1.017 bar
 Mass flow rate:           0.258 kg/s
 Angular speed:            45000.0 RPM
--------------------------------------------------------------------------------

Generating heuristic inital guesses from latin hypercube sampling
Number of failures: 0 out of 30 samples
Least norm of residuals: 1.2062525340587011

--------------------------------------------------------------------------------
               Final summary of performance analysis calculations               
--------------------------------------------------------------------------------
 Simulation successful for 1 out of 1 points
 Average calculation time per operation point: 84.962 seconds
 Minimum calculation time of all operation points: 84.962 seconds
 Maximum calculation time of all operation points: 84.962 seconds
 Total calculation time for all operation points: 84.962 seconds
--------------------------------------------------------------------------------

--------------------------------------------------------------------------------
 Summary of operation points scheduled for simulation
--------------------------------------------------------------------------------
   Index    Fluid   angle_in        T0_in        p0_in mass_flow_rate        omega
                       [deg]       [degC]        [kPa]       [kg/s]        [RPM]
       1      air        0.0        35.75       101.74         0.23        45000
--------------------------------------------------------------------------------

 Computing operation point 1 of 1
--------------------------------------------------------------------------------
 Operating point: 
--------------------------------------------------------------------------------
 Fluid:                    air
 Flow angle in:            0.00 deg
 Total temperature in:     35.75 degC
 Total pressure in:        1.017 bar
 Mass flow rate:           0.226 kg/s
 Angular speed:            45000.0 RPM
--------------------------------------------------------------------------------

Generating heuristic inital guesses from latin hypercube sampling
Number of failures: 0 out of 30 samples
Least norm of residuals: 1.4504138623130767

--------------------------------------------------------------------------------
               Final summary of performance analysis calculations               
--------------------------------------------------------------------------------
 Simulation successful for 1 out of 1 points
 Average calculation time per operation point: 128.506 seconds
 Minimum calculation time of all operation points: 128.506 seconds
 Maximum calculation time of all operation points: 128.506 seconds
 Total calculation time for all operation points: 128.506 seconds
--------------------------------------------------------------------------------

N 0.60: 21/21 converged; mdot 0.226-0.871, PR max 1.785
