--------------------------------------------------------------------------------
 Summary of operation points scheduled for simulation
--------------------------------------------------------------------------------
   Index    Fluid   angle_in        T0_in        p0_in mass_flow_rate        omega
                       [deg]       [degC]        [kPa]       [kg/s]        [RPM]
       1      air        0.0        35.75       101.73         1.07        75000
--------------------------------------------------------------------------------

 Computing operation point 1 of 1
--------------------------------------------------------------------------------
 Operating point: 
--------------------------------------------------------------------------------
 Fluid:                    air
 Flow angle in:            0.00 deg
 Total temperature in:     35.75 degC
 Total pressure in:        1.017 bar
 Mass flow rate:           1.068 kg/s
 Angular speed:            75000.0 RPM
--------------------------------------------------------------------------------

Generating heuristic inital guesses from latin hypercube sampling
Number of failures: 0 out of 30 samples
Least norm of residuals: 0.1085873440071579

--------------------------------------------------------------------------------
               Final summary of performance analysis calculations               
--------------------------------------------------------------------------------
 Simulation successful for 1 out of 1 points
 Average calculation time per operation point: 6.385 seconds
 Minimum calculation time of all operation points: 6.385 seconds
 Maximum calculation time of all operation points: 6.385 seconds
 Total calculation time for all operation points: 6.385 seconds
--------------------------------------------------------------------------------

DESIGN CHECK: {'N': 1.0, 'mdot': 1.0683935899944073, 'PR': 4.009316544549479, 'eta': 0.8174628663842539, 'choked': False, 'success': True} | design run PR 4.0093 eta 0.8175
C:\Users\MEO\Desktop\Projects\JetEngine\boomsonic_v0\.venv-np1\Lib\site-packages\turboflow\centrifugal_compressor\performance_analysis.py:588: RuntimeWarning: All-NaN slice encountered
  print(f"Least norm of residuals: {np.nanmin(norm_residuals)}")
--------------------------------------------------------------------------------
 Summary of operation points scheduled for simulation
--------------------------------------------------------------------------------
   Index    Fluid   angle_in        T0_in        p0_in mass_flow_rate        omega
                       [deg]       [degC]        [kPa]       [kg/s]        [RPM]
       1      air        0.0        35.75       101.73         1.44        75000
--------------------------------------------------------------------------------

 Computing operation point 1 of 1
--------------------------------------------------------------------------------
 Operating point: 
--------------------------------------------------------------------------------
 Fluid:                    air
 Flow angle in:            0.00 deg
 Total temperature in:     35.75 degC
 Total pressure in:        1.017 bar
 Mass flow rate:           1.442 kg/s
 Angular speed:            75000.0 RPM
--------------------------------------------------------------------------------

Generating heuristic inital guesses from latin hypercube sampling
Number of failures: 30 out of 30 samples
Least norm of residuals: nan
--------------------------------------------------------------------------------
 Summary of operation points scheduled for simulation
--------------------------------------------------------------------------------
   Index    Fluid   angle_in        T0_in        p0_in mass_flow_rate        omega
                       [deg]       [degC]        [kPa]       [kg/s]        [RPM]
       1      air        0.0        35.75       101.73         1.39        75000
--------------------------------------------------------------------------------

 Computing operation point 1 of 1
--------------------------------------------------------------------------------
 Operating point: 
--------------------------------------------------------------------------------
 Fluid:                    air
 Flow angle in:            0.00 deg
 Total temperature in:     35.75 degC
 Total pressure in:        1.017 bar
 Mass flow rate:           1.389 kg/s
 Angular speed:            75000.0 RPM
--------------------------------------------------------------------------------

Generating heuristic inital guesses from latin hypercube sampling
Number of failures: 30 out of 30 samples
Least norm of residuals: nan
--------------------------------------------------------------------------------
 Summary of operation points scheduled for simulation
--------------------------------------------------------------------------------
   Index    Fluid   angle_in        T0_in        p0_in mass_flow_rate        omega
                       [deg]       [degC]        [kPa]       [kg/s]        [RPM]
       1      air        0.0        35.75       101.73         1.34        75000
--------------------------------------------------------------------------------

 Computing operation point 1 of 1
--------------------------------------------------------------------------------
 Operating point: 
--------------------------------------------------------------------------------
 Fluid:                    air
 Flow angle in:            0.00 deg
 Total temperature in:     35.75 degC
 Total pressure in:        1.017 bar
 Mass flow rate:           1.335 kg/s
 Angular speed:            75000.0 RPM
--------------------------------------------------------------------------------

Generating heuristic inital guesses from latin hypercube sampling
Number of failures: 30 out of 30 samples
Least norm of residuals: nan
--------------------------------------------------------------------------------
 Summary of operation points scheduled for simulation
--------------------------------------------------------------------------------
   Index    Fluid   angle_in        T0_in        p0_in mass_flow_rate        omega
                       [deg]       [degC]        [kPa]       [kg/s]        [RPM]
       1      air        0.0        35.75       101.73         1.28        75000
--------------------------------------------------------------------------------

 Computing operation point 1 of 1
--------------------------------------------------------------------------------
 Operating point: 
--------------------------------------------------------------------------------
 Fluid:                    air
 Flow angle in:            0.00 deg
 Total temperature in:     35.75 degC
 Total pressure in:        1.017 bar
 Mass flow rate:           1.282 kg/s
 Angular speed:            75000.0 RPM
--------------------------------------------------------------------------------

Generating heuristic inital guesses from latin hypercube sampling
Number of failures: 30 out of 30 samples
Least norm of residuals: nan
--------------------------------------------------------------------------------
 Summary of operation points scheduled for simulation
--------------------------------------------------------------------------------
   Index    Fluid   angle_in        T0_in        p0_in mass_flow_rate        omega
                       [deg]       [degC]        [kPa]       [kg/s]        [RPM]
       1      air        0.0        35.75       101.73         1.23        75000
--------------------------------------------------------------------------------

 Computing operation point 1 of 1
--------------------------------------------------------------------------------
 Operating point: 
--------------------------------------------------------------------------------
 Fluid:                    air
 Flow angle in:            0.00 deg
 Total temperature in:     35.75 degC
 Total pressure in:        1.017 bar
 Mass flow rate:           1.229 kg/s
 Angular speed:            75000.0 RPM
--------------------------------------------------------------------------------

Generating heuristic inital guesses from latin hypercube sampling
Number of failures: 0 out of 30 samples
Least norm of residuals: 0.21789247843053117

--------------------------------------------------------------------------------
               Final summary of performance analysis calculations               
--------------------------------------------------------------------------------
 Simulation successful for 1 out of 1 points
 Average calculation time per operation point: 21.937 seconds
 Minimum calculation time of all operation points: 21.937 seconds
 Maximum calculation time of all operation points: 21.937 seconds
 Total calculation time for all operation points: 21.937 seconds
--------------------------------------------------------------------------------

--------------------------------------------------------------------------------
 Summary of operation points scheduled for simulation
--------------------------------------------------------------------------------
   Index    Fluid   angle_in        T0_in        p0_in mass_flow_rate        omega
                       [deg]       [degC]        [kPa]       [kg/s]        [RPM]
       1      air        0.0        35.75       101.73         1.18        75000
--------------------------------------------------------------------------------

 Computing operation point 1 of 1
--------------------------------------------------------------------------------
 Operating point: 
--------------------------------------------------------------------------------
 Fluid:                    air
 Flow angle in:            0.00 deg
 Total temperature in:     35.75 degC
 Total pressure in:        1.017 bar
 Mass flow rate:           1.175 kg/s
 Angular speed:            75000.0 RPM
--------------------------------------------------------------------------------

Generating heuristic inital guesses from latin hypercube sampling
Number of failures: 0 out of 30 samples
Least norm of residuals: 0.18876986981758961

--------------------------------------------------------------------------------
               Final summary of performance analysis calculations               
--------------------------------------------------------------------------------
 Simulation successful for 1 out of 1 points
 Average calculation time per operation point: 8.565 seconds
 Minimum calculation time of all operation points: 8.565 seconds
 Maximum calculation time of all operation points: 8.565 seconds
 Total calculation time for all operation points: 8.565 seconds
--------------------------------------------------------------------------------

--------------------------------------------------------------------------------
 Summary of operation points scheduled for simulation
--------------------------------------------------------------------------------
   Index    Fluid   angle_in        T0_in        p0_in mass_flow_rate        omega
                       [deg]       [degC]        [kPa]       [kg/s]        [RPM]
       1      air        0.0        35.75       101.73         1.12        75000
--------------------------------------------------------------------------------

 Computing operation point 1 of 1
--------------------------------------------------------------------------------
 Operating point: 
--------------------------------------------------------------------------------
 Fluid:                    air
 Flow angle in:            0.00 deg
 Total temperature in:     35.75 degC
 Total pressure in:        1.017 bar
 Mass flow rate:           1.122 kg/s
 Angular speed:            75000.0 RPM
--------------------------------------------------------------------------------

Generating heuristic inital guesses from latin hypercube sampling
Number of failures: 0 out of 30 samples
Least norm of residuals: 0.14991558753672785

--------------------------------------------------------------------------------
               Final summary of performance analysis calculations               
--------------------------------------------------------------------------------
 Simulation successful for 1 out of 1 points
 Average calculation time per operation point: 7.426 seconds
 Minimum calculation time of all operation points: 7.426 seconds
 Maximum calculation time of all operation points: 7.426 seconds
 Total calculation time for all operation points: 7.426 seconds
--------------------------------------------------------------------------------

--------------------------------------------------------------------------------
 Summary of operation points scheduled for simulation
--------------------------------------------------------------------------------
   Index    Fluid   angle_in        T0_in        p0_in mass_flow_rate        omega
                       [deg]       [degC]        [kPa]       [kg/s]        [RPM]
       1      air        0.0        35.75       101.73         1.07        75000
--------------------------------------------------------------------------------

 Computing operation point 1 of 1
--------------------------------------------------------------------------------
 Operating point: 
--------------------------------------------------------------------------------
 Fluid:                    air
 Flow angle in:            0.00 deg
 Total temperature in:     35.75 degC
 Total pressure in:        1.017 bar
 Mass flow rate:           1.068 kg/s
 Angular speed:            75000.0 RPM
--------------------------------------------------------------------------------

Generating heuristic inital guesses from latin hypercube sampling
Number of failures: 0 out of 30 samples
Least norm of residuals: 0.1085873440071579

--------------------------------------------------------------------------------
               Final summary of performance analysis calculations               
--------------------------------------------------------------------------------
 Simulation successful for 1 out of 1 points
 Average calculation time per operation point: 6.335 seconds
 Minimum calculation time of all operation points: 6.335 seconds
 Maximum calculation time of all operation points: 6.335 seconds
 Total calculation time for all operation points: 6.335 seconds
--------------------------------------------------------------------------------

--------------------------------------------------------------------------------
 Summary of operation points scheduled for simulation
--------------------------------------------------------------------------------
   Index    Fluid   angle_in        T0_in        p0_in mass_flow_rate        omega
                       [deg]       [degC]        [kPa]       [kg/s]        [RPM]
       1      air        0.0        35.75       101.73         1.01        75000
--------------------------------------------------------------------------------

 Computing operation point 1 of 1
--------------------------------------------------------------------------------
 Operating point: 
--------------------------------------------------------------------------------
 Fluid:                    air
 Flow angle in:            0.00 deg
 Total temperature in:     35.75 degC
 Total pressure in:        1.017 bar
 Mass flow rate:           1.015 kg/s
 Angular speed:            75000.0 RPM
--------------------------------------------------------------------------------

Generating heuristic inital guesses from latin hypercube sampling
Number of failures: 0 out of 30 samples
Least norm of residuals: 0.06872902557367472

--------------------------------------------------------------------------------
               Final summary of performance analysis calculations               
--------------------------------------------------------------------------------
 Simulation successful for 1 out of 1 points
 Average calculation time per operation point: 5.951 seconds
 Minimum calculation time of all operation points: 5.951 seconds
 Maximum calculation time of all operation points: 5.951 seconds
 Total calculation time for all operation points: 5.951 seconds
--------------------------------------------------------------------------------

--------------------------------------------------------------------------------
 Summary of operation points scheduled for simulation
--------------------------------------------------------------------------------
   Index    Fluid   angle_in        T0_in        p0_in mass_flow_rate        omega
                       [deg]       [degC]        [kPa]       [kg/s]        [RPM]
       1      air        0.0        35.75       101.73         0.96        75000
--------------------------------------------------------------------------------

 Computing operation point 1 of 1
--------------------------------------------------------------------------------
 Operating point: 
--------------------------------------------------------------------------------
 Fluid:                    air
 Flow angle in:            0.00 deg
 Total temperature in:     35.75 degC
 Total pressure in:        1.017 bar
 Mass flow rate:           0.962 kg/s
 Angular speed:            75000.0 RPM
--------------------------------------------------------------------------------

Generating heuristic inital guesses from latin hypercube sampling
Number of failures: 0 out of 30 samples
Least norm of residuals: 0.05349072240991493

--------------------------------------------------------------------------------
               Final summary of performance analysis calculations               
--------------------------------------------------------------------------------
 Simulation successful for 1 out of 1 points
 Average calculation time per operation point: 5.067 seconds
 Minimum calculation time of all operation points: 5.067 seconds
 Maximum calculation time of all operation points: 5.067 seconds
 Total calculation time for all operation points: 5.067 seconds
--------------------------------------------------------------------------------

--------------------------------------------------------------------------------
 Summary of operation points scheduled for simulation
--------------------------------------------------------------------------------
   Index    Fluid   angle_in        T0_in        p0_in mass_flow_rate        omega
                       [deg]       [degC]        [kPa]       [kg/s]        [RPM]
       1      air        0.0        35.75       101.73         0.91        75000
--------------------------------------------------------------------------------

 Computing operation point 1 of 1
--------------------------------------------------------------------------------
 Operating point: 
--------------------------------------------------------------------------------
 Fluid:                    air
 Flow angle in:            0.00 deg
 Total temperature in:     35.75 degC
 Total pressure in:        1.017 bar
 Mass flow rate:           0.908 kg/s
 Angular speed:            75000.0 RPM
--------------------------------------------------------------------------------

Generating heuristic inital guesses from latin hypercube sampling
Number of failures: 0 out of 30 samples
Least norm of residuals: 0.0918628586599956

--------------------------------------------------------------------------------
               Final summary of performance analysis calculations               
--------------------------------------------------------------------------------
 Simulation successful for 1 out of 1 points
 Average calculation time per operation point: 6.456 seconds
 Minimum calculation time of all operation points: 6.456 seconds
 Maximum calculation time of all operation points: 6.456 seconds
 Total calculation time for all operation points: 6.456 seconds
--------------------------------------------------------------------------------

--------------------------------------------------------------------------------
 Summary of operation points scheduled for simulation
--------------------------------------------------------------------------------
   Index    Fluid   angle_in        T0_in        p0_in mass_flow_rate        omega
                       [deg]       [degC]        [kPa]       [kg/s]        [RPM]
       1      air        0.0        35.75       101.73         0.85        75000
--------------------------------------------------------------------------------

 Computing operation point 1 of 1
--------------------------------------------------------------------------------
 Operating point: 
--------------------------------------------------------------------------------
 Fluid:                    air
 Flow angle in:            0.00 deg
 Total temperature in:     35.75 degC
 Total pressure in:        1.017 bar
 Mass flow rate:           0.855 kg/s
 Angular speed:            75000.0 RPM
--------------------------------------------------------------------------------

Generating heuristic inital guesses from latin hypercube sampling
Number of failures: 0 out of 30 samples
Least norm of residuals: 0.15694942268100942

--------------------------------------------------------------------------------
               Final summary of performance analysis calculations               
--------------------------------------------------------------------------------
 Simulation successful for 1 out of 1 points
 Average calculation time per operation point: 6.190 seconds
 Minimum calculation time of all operation points: 6.190 seconds
 Maximum calculation time of all operation points: 6.190 seconds
 Total calculation time for all operation points: 6.190 seconds
--------------------------------------------------------------------------------

--------------------------------------------------------------------------------
 Summary of operation points scheduled for simulation
--------------------------------------------------------------------------------
   Index    Fluid   angle_in        T0_in        p0_in mass_flow_rate        omega
                       [deg]       [degC]        [kPa]       [kg/s]        [RPM]
       1      air        0.0        35.75       101.73         0.80        75000
--------------------------------------------------------------------------------

 Computing operation point 1 of 1
--------------------------------------------------------------------------------
 Operating point: 
--------------------------------------------------------------------------------
 Fluid:                    air
 Flow angle in:            0.00 deg
 Total temperature in:     35.75 degC
 Total pressure in:        1.017 bar
 Mass flow rate:           0.801 kg/s
 Angular speed:            75000.0 RPM
--------------------------------------------------------------------------------

Generating heuristic inital guesses from latin hypercube sampling
Number of failures: 0 out of 30 samples
Least norm of residuals: 0.23667940022632963

--------------------------------------------------------------------------------
               Final summary of performance analysis calculations               
--------------------------------------------------------------------------------
 Simulation successful for 1 out of 1 points
 Average calculation time per operation point: 8.481 seconds
 Minimum calculation time of all operation points: 8.481 seconds
 Maximum calculation time of all operation points: 8.481 seconds
 Total calculation time for all operation points: 8.481 seconds
--------------------------------------------------------------------------------

--------------------------------------------------------------------------------
 Summary of operation points scheduled for simulation
--------------------------------------------------------------------------------
   Index    Fluid   angle_in        T0_in        p0_in mass_flow_rate        omega
                       [deg]       [degC]        [kPa]       [kg/s]        [RPM]
       1      air        0.0        35.75       101.73         0.75        75000
--------------------------------------------------------------------------------

 Computing operation point 1 of 1
--------------------------------------------------------------------------------
 Operating point: 
--------------------------------------------------------------------------------
 Fluid:                    air
 Flow angle in:            0.00 deg
 Total temperature in:     35.75 degC
 Total pressure in:        1.017 bar
 Mass flow rate:           0.748 kg/s
 Angular speed:            75000.0 RPM
--------------------------------------------------------------------------------

Generating heuristic inital guesses from latin hypercube sampling
Number of failures: 0 out of 30 samples
Least norm of residuals: 0.3305569212816451

--------------------------------------------------------------------------------
               Final summary of performance analysis calculations               
--------------------------------------------------------------------------------
 Simulation successful for 1 out of 1 points
 Average calculation time per operation point: 7.683 seconds
 Minimum calculation time of all operation points: 7.683 seconds
 Maximum calculation time of all operation points: 7.683 seconds
 Total calculation time for all operation points: 7.683 seconds
--------------------------------------------------------------------------------

--------------------------------------------------------------------------------
 Summary of operation points scheduled for simulation
--------------------------------------------------------------------------------
   Index    Fluid   angle_in        T0_in        p0_in mass_flow_rate        omega
                       [deg]       [degC]        [kPa]       [kg/s]        [RPM]
       1      air        0.0        35.75       101.73         0.69        75000
--------------------------------------------------------------------------------

 Computing operation point 1 of 1
--------------------------------------------------------------------------------
 Operating point: 
--------------------------------------------------------------------------------
 Fluid:                    air
 Flow angle in:            0.00 deg
 Total temperature in:     35.75 degC
 Total pressure in:        1.017 bar
 Mass flow rate:           0.694 kg/s
 Angular speed:            75000.0 RPM
--------------------------------------------------------------------------------

Generating heuristic inital guesses from latin hypercube sampling
Number of failures: 0 out of 30 samples
Least norm of residuals: 0.4407862364359042

--------------------------------------------------------------------------------
               Final summary of performance analysis calculations               
--------------------------------------------------------------------------------
 Simulation successful for 1 out of 1 points
 Average calculation time per operation point: 7.524 seconds
 Minimum calculation time of all operation points: 7.524 seconds
 Maximum calculation time of all operation points: 7.524 seconds
 Total calculation time for all operation points: 7.524 seconds
--------------------------------------------------------------------------------

--------------------------------------------------------------------------------
 Summary of operation points scheduled for simulation
--------------------------------------------------------------------------------
   Index    Fluid   angle_in        T0_in        p0_in mass_flow_rate        omega
                       [deg]       [degC]        [kPa]       [kg/s]        [RPM]
       1      air        0.0        35.75       101.73         0.64        75000
--------------------------------------------------------------------------------

 Computing operation point 1 of 1
--------------------------------------------------------------------------------
 Operating point: 
--------------------------------------------------------------------------------
 Fluid:                    air
 Flow angle in:            0.00 deg
 Total temperature in:     35.75 degC
 Total pressure in:        1.017 bar
 Mass flow rate:           0.641 kg/s
 Angular speed:            75000.0 RPM
--------------------------------------------------------------------------------

Generating heuristic inital guesses from latin hypercube sampling
Number of failures: 0 out of 30 samples
Least norm of residuals: 0.5710113032336813

--------------------------------------------------------------------------------
               Final summary of performance analysis calculations               
--------------------------------------------------------------------------------
 Simulation successful for 1 out of 1 points
 Average calculation time per operation point: 71.936 seconds
 Minimum calculation time of all operation points: 71.936 seconds
 Maximum calculation time of all operation points: 71.936 seconds
 Total calculation time for all operation points: 71.936 seconds
--------------------------------------------------------------------------------

--------------------------------------------------------------------------------
 Summary of operation points scheduled for simulation
--------------------------------------------------------------------------------
   Index    Fluid   angle_in        T0_in        p0_in mass_flow_rate        omega
                       [deg]       [degC]        [kPa]       [kg/s]        [RPM]
       1      air        0.0        35.75       101.73         0.59        75000
--------------------------------------------------------------------------------

 Computing operation point 1 of 1
--------------------------------------------------------------------------------
 Operating point: 
--------------------------------------------------------------------------------
 Fluid:                    air
 Flow angle in:            0.00 deg
 Total temperature in:     35.75 degC
 Total pressure in:        1.017 bar
 Mass flow rate:           0.588 kg/s
 Angular speed:            75000.0 RPM
--------------------------------------------------------------------------------

Generating heuristic inital guesses from latin hypercube sampling
Number of failures: 0 out of 30 samples
Least norm of residuals: 0.7263520434781363

--------------------------------------------------------------------------------
               Final summary of performance analysis calculations               
--------------------------------------------------------------------------------
 Simulation successful for 1 out of 1 points
 Average calculation time per operation point: 98.901 seconds
 Minimum calculation time of all operation points: 98.901 seconds
 Maximum calculation time of all operation points: 98.901 seconds
 Total calculation time for all operation points: 98.901 seconds
--------------------------------------------------------------------------------

--------------------------------------------------------------------------------
 Summary of operation points scheduled for simulation
--------------------------------------------------------------------------------
   Index    Fluid   angle_in        T0_in        p0_in mass_flow_rate        omega
                       [deg]       [degC]        [kPa]       [kg/s]        [RPM]
       1      air        0.0        35.75       101.73         0.53        75000
--------------------------------------------------------------------------------

 Computing operation point 1 of 1
--------------------------------------------------------------------------------
 Operating point: 
--------------------------------------------------------------------------------
 Fluid:                    air
 Flow angle in:            0.00 deg
 Total temperature in:     35.75 degC
 Total pressure in:        1.017 bar
 Mass flow rate:           0.534 kg/s
 Angular speed:            75000.0 RPM
--------------------------------------------------------------------------------

Generating heuristic inital guesses from latin hypercube sampling
Number of failures: 0 out of 30 samples
Least norm of residuals: 0.9119948429840855

--------------------------------------------------------------------------------
               Final summary of performance analysis calculations               
--------------------------------------------------------------------------------
 Simulation successful for 1 out of 1 points
 Average calculation time per operation point: 107.422 seconds
 Minimum calculation time of all operation points: 107.422 seconds
 Maximum calculation time of all operation points: 107.422 seconds
 Total calculation time for all operation points: 107.422 seconds
--------------------------------------------------------------------------------

--------------------------------------------------------------------------------
 Summary of operation points scheduled for simulation
--------------------------------------------------------------------------------
   Index    Fluid   angle_in        T0_in        p0_in mass_flow_rate        omega
                       [deg]       [degC]        [kPa]       [kg/s]        [RPM]
       1      air        0.0        35.75       101.73         0.48        75000
--------------------------------------------------------------------------------

 Computing operation point 1 of 1
--------------------------------------------------------------------------------
 Operating point: 
--------------------------------------------------------------------------------
 Fluid:                    air
 Flow angle in:            0.00 deg
 Total temperature in:     35.75 degC
 Total pressure in:        1.017 bar
 Mass flow rate:           0.481 kg/s
 Angular speed:            75000.0 RPM
--------------------------------------------------------------------------------

Generating heuristic inital guesses from latin hypercube sampling
Number of failures: 0 out of 30 samples
Least norm of residuals: 1.0884453388210813

--------------------------------------------------------------------------------
               Final summary of performance analysis calculations               
--------------------------------------------------------------------------------
 Simulation successful for 1 out of 1 points
 Average calculation time per operation point: 6.631 seconds
 Minimum calculation time of all operation points: 6.631 seconds
 Maximum calculation time of all operation points: 6.631 seconds
 Total calculation time for all operation points: 6.631 seconds
--------------------------------------------------------------------------------

--------------------------------------------------------------------------------
 Summary of operation points scheduled for simulation
--------------------------------------------------------------------------------
   Index    Fluid   angle_in        T0_in        p0_in mass_flow_rate        omega
                       [deg]       [degC]        [kPa]       [kg/s]        [RPM]
       1      air        0.0        35.75       101.73         0.43        75000
--------------------------------------------------------------------------------

 Computing operation point 1 of 1
--------------------------------------------------------------------------------
 Operating point: 
--------------------------------------------------------------------------------
 Fluid:                    air
 Flow angle in:            0.00 deg
 Total temperature in:     35.75 degC
 Total pressure in:        1.017 bar
 Mass flow rate:           0.427 kg/s
 Angular speed:            75000.0 RPM
--------------------------------------------------------------------------------

Generating heuristic inital guesses from latin hypercube sampling
Number of failures: 0 out of 30 samples
Least norm of residuals: 1.2323675511300738
 Error during solving: Inputs in Brent [59.750000,2020.000000] do not bracket the root.  Function values are [3.565986,66436.572416]

--------------------------------------------------------------------------------
               Final summary of performance analysis calculations               
--------------------------------------------------------------------------------
 Simulation successful for 1 out of 1 points
 Average calculation time per operation point: 120.235 seconds
 Minimum calculation time of all operation points: 120.235 seconds
 Maximum calculation time of all operation points: 120.235 seconds
 Total calculation time for all operation points: 120.235 seconds
--------------------------------------------------------------------------------

--------------------------------------------------------------------------------
 Summary of operation points scheduled for simulation
--------------------------------------------------------------------------------
   Index    Fluid   angle_in        T0_in        p0_in mass_flow_rate        omega
                       [deg]       [degC]        [kPa]       [kg/s]        [RPM]
       1      air        0.0        35.75       101.73         0.37        75000
--------------------------------------------------------------------------------

 Computing operation point 1 of 1
--------------------------------------------------------------------------------
 Operating point: 
--------------------------------------------------------------------------------
 Fluid:                    air
 Flow angle in:            0.00 deg
 Total temperature in:     35.75 degC
 Total pressure in:        1.017 bar
 Mass flow rate:           0.374 kg/s
 Angular speed:            75000.0 RPM
--------------------------------------------------------------------------------

Generating heuristic inital guesses from latin hypercube sampling
Number of failures: 0 out of 30 samples
Least norm of residuals: 1.488215000855747
 Error during solving: Inputs in Brent [59.750000,2020.000000] do not bracket the root.  Function values are [60443.177479,128838.093210]

--------------------------------------------------------------------------------
               Final summary of performance analysis calculations               
--------------------------------------------------------------------------------
 Simulation successful for 1 out of 1 points
 Average calculation time per operation point: 132.316 seconds
 Minimum calculation time of all operation points: 132.316 seconds
 Maximum calculation time of all operation points: 132.316 seconds
 Total calculation time for all operation points: 132.316 seconds
--------------------------------------------------------------------------------

N 1.00: 17/21 converged; mdot 0.374-1.229, PR max 4.111
--------------------------------------------------------------------------------
 Summary of operation points scheduled for simulation
--------------------------------------------------------------------------------
   Index    Fluid   angle_in        T0_in        p0_in mass_flow_rate        omega
                       [deg]       [degC]        [kPa]       [kg/s]        [RPM]
       1      air        0.0        35.75       101.73         0.87        45000
--------------------------------------------------------------------------------

 Computing operation point 1 of 1
--------------------------------------------------------------------------------
 Operating point: 
--------------------------------------------------------------------------------
 Fluid:                    air
 Flow angle in:            0.00 deg
 Total temperature in:     35.75 degC
 Total pressure in:        1.017 bar
 Mass flow rate:           0.865 kg/s
 Angular speed:            45000.0 RPM
--------------------------------------------------------------------------------

Generating heuristic inital guesses from latin hypercube sampling
Number of failures: 0 out of 30 samples
Least norm of residuals: 0.4850278691324193

--------------------------------------------------------------------------------
               Final summary of performance analysis calculations               
--------------------------------------------------------------------------------
 Simulation successful for 1 out of 1 points
 Average calculation time per operation point: 7.054 seconds
 Minimum calculation time of all operation points: 7.054 seconds
 Maximum calculation time of all operation points: 7.054 seconds
 Total calculation time for all operation points: 7.054 seconds
--------------------------------------------------------------------------------

--------------------------------------------------------------------------------
 Summary of operation points scheduled for simulation
--------------------------------------------------------------------------------
   Index    Fluid   angle_in        T0_in        p0_in mass_flow_rate        omega
                       [deg]       [degC]        [kPa]       [kg/s]        [RPM]
       1      air        0.0        35.75       101.73         0.83        45000
--------------------------------------------------------------------------------

 Computing operation point 1 of 1
--------------------------------------------------------------------------------
 Operating point: 
--------------------------------------------------------------------------------
 Fluid:                    air
 Flow angle in:            0.00 deg
 Total temperature in:     35.75 degC
 Total pressure in:        1.017 bar
 Mass flow rate:           0.833 kg/s
 Angular speed:            45000.0 RPM
--------------------------------------------------------------------------------

Generating heuristic inital guesses from latin hypercube sampling
Number of failures: 0 out of 30 samples
Least norm of residuals: 0.47958111519768754

--------------------------------------------------------------------------------
               Final summary of performance analysis calculations               
--------------------------------------------------------------------------------
 Simulation successful for 1 out of 1 points
 Average calculation time per operation point: 7.114 seconds
 Minimum calculation time of all operation points: 7.114 seconds
 Maximum calculation time of all operation points: 7.114 seconds
 Total calculation time for all operation points: 7.114 seconds
--------------------------------------------------------------------------------

--------------------------------------------------------------------------------
 Summary of operation points scheduled for simulation
--------------------------------------------------------------------------------
   Index    Fluid   angle_in        T0_in        p0_in mass_flow_rate        omega
                       [deg]       [degC]        [kPa]       [kg/s]        [RPM]
       1      air        0.0        35.75       101.73         0.80        45000
--------------------------------------------------------------------------------

 Computing operation point 1 of 1
--------------------------------------------------------------------------------
 Operating point: 
--------------------------------------------------------------------------------
 Fluid:                    air
 Flow angle in:            0.00 deg
 Total temperature in:     35.75 degC
 Total pressure in:        1.017 bar
 Mass flow rate:           0.801 kg/s
 Angular speed:            45000.0 RPM
--------------------------------------------------------------------------------

Generating heuristic inital guesses from latin hypercube sampling
Number of failures: 0 out of 30 samples
Least norm of residuals: 0.47629425389181446

--------------------------------------------------------------------------------
               Final summary of performance analysis calculations               
--------------------------------------------------------------------------------
 Simulation successful for 1 out of 1 points
 Average calculation time per operation point: 9.362 seconds
 Minimum calculation time of all operation points: 9.362 seconds
 Maximum calculation time of all operation points: 9.362 seconds
 Total calculation time for all operation points: 9.362 seconds
--------------------------------------------------------------------------------

--------------------------------------------------------------------------------
 Summary of operation points scheduled for simulation
--------------------------------------------------------------------------------
   Index    Fluid   angle_in        T0_in        p0_in mass_flow_rate        omega
                       [deg]       [degC]        [kPa]       [kg/s]        [RPM]
       1      air        0.0        35.75       101.73         0.77        45000
--------------------------------------------------------------------------------

 Computing operation point 1 of 1
--------------------------------------------------------------------------------
 Operating point: 
--------------------------------------------------------------------------------
 Fluid:                    air
 Flow angle in:            0.00 deg
 Total temperature in:     35.75 degC
 Total pressure in:        1.017 bar
 Mass flow rate:           0.769 kg/s
 Angular speed:            45000.0 RPM
--------------------------------------------------------------------------------

Generating heuristic inital guesses from latin hypercube sampling
Number of failures: 0 out of 30 samples
Least norm of residuals: 0.47595728081787486

--------------------------------------------------------------------------------
               Final summary of performance analysis calculations               
--------------------------------------------------------------------------------
 Simulation successful for 1 out of 1 points
 Average calculation time per operation point: 8.792 seconds
 Minimum calculation time of all operation points: 8.792 seconds
 Maximum calculation time of all operation points: 8.792 seconds
 Total calculation time for all operation points: 8.792 seconds
--------------------------------------------------------------------------------

--------------------------------------------------------------------------------
 Summary of operation points scheduled for simulation
--------------------------------------------------------------------------------
   Index    Fluid   angle_in        T0_in        p0_in mass_flow_rate        omega
                       [deg]       [degC]        [kPa]       [kg/s]        [RPM]
       1      air        0.0        35.75       101.73         0.74        45000
--------------------------------------------------------------------------------

 Computing operation point 1 of 1
--------------------------------------------------------------------------------
 Operating point: 
--------------------------------------------------------------------------------
 Fluid:                    air
 Flow angle in:            0.00 deg
 Total temperature in:     35.75 degC
 Total pressure in:        1.017 bar
 Mass flow rate:           0.737 kg/s
 Angular speed:            45000.0 RPM
--------------------------------------------------------------------------------

Generating heuristic inital guesses from latin hypercube sampling
Number of failures: 0 out of 30 samples
Least norm of residuals: 0.4795590061070708

--------------------------------------------------------------------------------
               Final summary of performance analysis calculations               
--------------------------------------------------------------------------------
 Simulation successful for 1 out of 1 points
 Average calculation time per operation point: 6.901 seconds
 Minimum calculation time of all operation points: 6.901 seconds
 Maximum calculation time of all operation points: 6.901 seconds
 Total calculation time for all operation points: 6.901 seconds
--------------------------------------------------------------------------------

--------------------------------------------------------------------------------
 Summary of operation points scheduled for simulation
--------------------------------------------------------------------------------
   Index    Fluid   angle_in        T0_in        p0_in mass_flow_rate        omega
                       [deg]       [degC]        [kPa]       [kg/s]        [RPM]
       1      air        0.0        35.75       101.73         0.71        45000
--------------------------------------------------------------------------------

 Computing operation point 1 of 1
--------------------------------------------------------------------------------
 Operating point: 
--------------------------------------------------------------------------------
 Fluid:                    air
 Flow angle in:            0.00 deg
 Total temperature in:     35.75 degC
 Total pressure in:        1.017 bar
 Mass flow rate:           0.705 kg/s
 Angular speed:            45000.0 RPM
--------------------------------------------------------------------------------

Generating heuristic inital guesses from latin hypercube sampling
Number of failures: 0 out of 30 samples
Least norm of residuals: 0.47543751849766314

--------------------------------------------------------------------------------
               Final summary of performance analysis calculations               
--------------------------------------------------------------------------------
 Simulation successful for 1 out of 1 points
 Average calculation time per operation point: 12.101 seconds
 Minimum calculation time of all operation points: 12.101 seconds
 Maximum calculation time of all operation points: 12.101 seconds
 Total calculation time for all operation points: 12.101 seconds
--------------------------------------------------------------------------------

--------------------------------------------------------------------------------
 Summary of operation points scheduled for simulation
--------------------------------------------------------------------------------
   Index    Fluid   angle_in        T0_in        p0_in mass_flow_rate        omega
                       [deg]       [degC]        [kPa]       [kg/s]        [RPM]
       1      air        0.0        35.75       101.73         0.67        45000
--------------------------------------------------------------------------------

 Computing operation point 1 of 1
--------------------------------------------------------------------------------
 Operating point: 
--------------------------------------------------------------------------------
 Fluid:                    air
 Flow angle in:            0.00 deg
 Total temperature in:     35.75 degC
 Total pressure in:        1.017 bar
 Mass flow rate:           0.673 kg/s
 Angular speed:            45000.0 RPM
--------------------------------------------------------------------------------

Generating heuristic inital guesses from latin hypercube sampling
Number of failures: 0 out of 30 samples
Least norm of residuals: 0.46182004407649774

--------------------------------------------------------------------------------
               Final summary of performance analysis calculations               
--------------------------------------------------------------------------------
 Simulation successful for 1 out of 1 points
 Average calculation time per operation point: 7.049 seconds
 Minimum calculation time of all operation points: 7.049 seconds
 Maximum calculation time of all operation points: 7.049 seconds
 Total calculation time for all operation points: 7.049 seconds
--------------------------------------------------------------------------------

--------------------------------------------------------------------------------
 Summary of operation points scheduled for simulation
--------------------------------------------------------------------------------
   Index    Fluid   angle_in        T0_in        p0_in mass_flow_rate        omega
                       [deg]       [degC]        [kPa]       [kg/s]        [RPM]
       1      air        0.0        35.75       101.73         0.64        45000
--------------------------------------------------------------------------------

 Computing operation point 1 of 1
--------------------------------------------------------------------------------
 Operating point: 
--------------------------------------------------------------------------------
 Fluid:                    air
 Flow angle in:            0.00 deg
 Total temperature in:     35.75 degC
 Total pressure in:        1.017 bar
 Mass flow rate:           0.641 kg/s
 Angular speed:            45000.0 RPM
--------------------------------------------------------------------------------

Generating heuristic inital guesses from latin hypercube sampling
Number of failures: 0 out of 30 samples
Least norm of residuals: 0.4498933710550892

--------------------------------------------------------------------------------
               Final summary of performance analysis calculations               
--------------------------------------------------------------------------------
 Simulation successful for 1 out of 1 points
 Average calculation time per operation point: 7.272 seconds
 Minimum calculation time of all operation points: 7.272 seconds
 Maximum calculation time of all operation points: 7.272 seconds
 Total calculation time for all operation points: 7.272 seconds
--------------------------------------------------------------------------------

--------------------------------------------------------------------------------
 Summary of operation points scheduled for simulation
--------------------------------------------------------------------------------
   Index    Fluid   angle_in        T0_in        p0_in mass_flow_rate        omega
                       [deg]       [degC]        [kPa]       [kg/s]        [RPM]
       1      air        0.0        35.75       101.73         0.61        45000
--------------------------------------------------------------------------------

 Computing operation point 1 of 1
--------------------------------------------------------------------------------
 Operating point: 
--------------------------------------------------------------------------------
 Fluid:                    air
 Flow angle in:            0.00 deg
 Total temperature in:     35.75 degC
 Total pressure in:        1.017 bar
 Mass flow rate:           0.609 kg/s
 Angular speed:            45000.0 RPM
--------------------------------------------------------------------------------

Generating heuristic inital guesses from latin hypercube sampling
Number of failures: 0 out of 30 samples
Least norm of residuals: 0.44084139937613187

--------------------------------------------------------------------------------
               Final summary of performance analysis calculations               
--------------------------------------------------------------------------------
 Simulation successful for 1 out of 1 points
 Average calculation time per operation point: 5.087 seconds
 Minimum calculation time of all operation points: 5.087 seconds
 Maximum calculation time of all operation points: 5.087 seconds
 Total calculation time for all operation points: 5.087 seconds
--------------------------------------------------------------------------------

--------------------------------------------------------------------------------
 Summary of operation points scheduled for simulation
--------------------------------------------------------------------------------
   Index    Fluid   angle_in        T0_in        p0_in mass_flow_rate        omega
                       [deg]       [degC]        [kPa]       [kg/s]        [RPM]
       1      air        0.0        35.75       101.73         0.58        45000
--------------------------------------------------------------------------------

 Computing operation point 1 of 1
--------------------------------------------------------------------------------
 Operating point: 
--------------------------------------------------------------------------------
 Fluid:                    air
 Flow angle in:            0.00 deg
 Total temperature in:     35.75 degC
 Total pressure in:        1.017 bar
 Mass flow rate:           0.577 kg/s
 Angular speed:            45000.0 RPM
--------------------------------------------------------------------------------

Generating heuristic inital guesses from latin hypercube sampling
Number of failures: 0 out of 30 samples
Least norm of residuals: 0.43634577312214

--------------------------------------------------------------------------------
               Final summary of performance analysis calculations               
--------------------------------------------------------------------------------
 Simulation successful for 1 out of 1 points
 Average calculation time per operation point: 5.990 seconds
 Minimum calculation time of all operation points: 5.990 seconds
 Maximum calculation time of all operation points: 5.990 seconds
 Total calculation time for all operation points: 5.990 seconds
--------------------------------------------------------------------------------

--------------------------------------------------------------------------------
 Summary of operation points scheduled for simulation
--------------------------------------------------------------------------------
   Index    Fluid   angle_in        T0_in        p0_in mass_flow_rate        omega
                       [deg]       [degC]        [kPa]       [kg/s]        [RPM]
       1      air        0.0        35.75       101.73         0.54        45000
--------------------------------------------------------------------------------

 Computing operation point 1 of 1
--------------------------------------------------------------------------------
 Operating point: 
--------------------------------------------------------------------------------
 Fluid:                    air
 Flow angle in:            0.00 deg
 Total temperature in:     35.75 degC
 Total pressure in:        1.017 bar
 Mass flow rate:           0.545 kg/s
 Angular speed:            45000.0 RPM
--------------------------------------------------------------------------------

Generating heuristic inital guesses from latin hypercube sampling
Number of failures: 0 out of 30 samples
Least norm of residuals: 0.4387001379787164

--------------------------------------------------------------------------------
               Final summary of performance analysis calculations               
--------------------------------------------------------------------------------
 Simulation successful for 1 out of 1 points
 Average calculation time per operation point: 5.049 seconds
 Minimum calculation time of all operation points: 5.049 seconds
 Maximum calculation time of all operation points: 5.049 seconds
 Total calculation time for all operation points: 5.049 seconds
--------------------------------------------------------------------------------

--------------------------------------------------------------------------------
 Summary of operation points scheduled for simulation
--------------------------------------------------------------------------------
   Index    Fluid   angle_in        T0_in        p0_in mass_flow_rate        omega
                       [deg]       [degC]        [kPa]       [kg/s]        [RPM]
       1      air        0.0        35.75       101.73         0.51        45000
--------------------------------------------------------------------------------

 Computing operation point 1 of 1
--------------------------------------------------------------------------------
 Operating point: 
--------------------------------------------------------------------------------
 Fluid:                    air
 Flow angle in:            0.00 deg
 Total temperature in:     35.75 degC
 Total pressure in:        1.017 bar
 Mass flow rate:           0.513 kg/s
 Angular speed:            45000.0 RPM
--------------------------------------------------------------------------------

Generating heuristic inital guesses from latin hypercube sampling
Number of failures: 0 out of 30 samples
Least norm of residuals: 0.45086783971810074

--------------------------------------------------------------------------------
               Final summary of performance analysis calculations               
--------------------------------------------------------------------------------
 Simulation successful for 1 out of 1 points
 Average calculation time per operation point: 4.826 seconds
 Minimum calculation time of all operation points: 4.826 seconds
 Maximum calculation time of all operation points: 4.826 seconds
 Total calculation time for all operation points: 4.826 seconds
--------------------------------------------------------------------------------

--------------------------------------------------------------------------------
 Summary of operation points scheduled for simulation
--------------------------------------------------------------------------------
   Index    Fluid   angle_in        T0_in        p0_in mass_flow_rate        omega
                       [deg]       [degC]        [kPa]       [kg/s]        [RPM]
       1      air        0.0        35.75       101.73         0.48        45000
--------------------------------------------------------------------------------

 Computing operation point 1 of 1
--------------------------------------------------------------------------------
 Operating point: 
--------------------------------------------------------------------------------
 Fluid:                    air
 Flow angle in:            0.00 deg
 Total temperature in:     35.75 degC
 Total pressure in:        1.017 bar
 Mass flow rate:           0.481 kg/s
 Angular speed:            45000.0 RPM
--------------------------------------------------------------------------------

Generating heuristic inital guesses from latin hypercube sampling
Number of failures: 0 out of 30 samples
Least norm of residuals: 0.47644381840282346

--------------------------------------------------------------------------------
               Final summary of performance analysis calculations               
--------------------------------------------------------------------------------
 Simulation successful for 1 out of 1 points
 Average calculation time per operation point: 5.524 seconds
 Minimum calculation time of all operation points: 5.524 seconds
 Maximum calculation time of all operation points: 5.524 seconds
 Total calculation time for all operation points: 5.524 seconds
--------------------------------------------------------------------------------

--------------------------------------------------------------------------------
 Summary of operation points scheduled for simulation
--------------------------------------------------------------------------------
   Index    Fluid   angle_in        T0_in        p0_in mass_flow_rate        omega
                       [deg]       [degC]        [kPa]       [kg/s]        [RPM]
       1      air        0.0        35.75       101.73         0.45        45000
--------------------------------------------------------------------------------

 Computing operation point 1 of 1
--------------------------------------------------------------------------------
 Operating point: 
--------------------------------------------------------------------------------
 Fluid:                    air
 Flow angle in:            0.00 deg
 Total temperature in:     35.75 degC
 Total pressure in:        1.017 bar
 Mass flow rate:           0.449 kg/s
 Angular speed:            45000.0 RPM
--------------------------------------------------------------------------------

Generating heuristic inital guesses from latin hypercube sampling
Number of failures: 0 out of 30 samples
Least norm of residuals: 0.5195637008682434

--------------------------------------------------------------------------------
               Final summary of performance analysis calculations               
--------------------------------------------------------------------------------
 Simulation successful for 1 out of 1 points
 Average calculation time per operation point: 5.563 seconds
 Minimum calculation time of all operation points: 5.563 seconds
 Maximum calculation time of all operation points: 5.563 seconds
 Total calculation time for all operation points: 5.563 seconds
--------------------------------------------------------------------------------

--------------------------------------------------------------------------------
 Summary of operation points scheduled for simulation
--------------------------------------------------------------------------------
   Index    Fluid   angle_in        T0_in        p0_in mass_flow_rate        omega
                       [deg]       [degC]        [kPa]       [kg/s]        [RPM]
       1      air        0.0        35.75       101.73         0.42        45000
--------------------------------------------------------------------------------

 Computing operation point 1 of 1
--------------------------------------------------------------------------------
 Operating point: 
--------------------------------------------------------------------------------
 Fluid:                    air
 Flow angle in:            0.00 deg
 Total temperature in:     35.75 degC
 Total pressure in:        1.017 bar
 Mass flow rate:           0.417 kg/s
 Angular speed:            45000.0 RPM
--------------------------------------------------------------------------------

Generating heuristic inital guesses from latin hypercube sampling
Number of failures: 0 out of 30 samples
Least norm of residuals: 0.5849480169765142

--------------------------------------------------------------------------------
               Final summary of performance analysis calculations               
--------------------------------------------------------------------------------
 Simulation successful for 1 out of 1 points
 Average calculation time per operation point: 5.664 seconds
 Minimum calculation time of all operation points: 5.664 seconds
 Maximum calculation time of all operation points: 5.664 seconds
 Total calculation time for all operation points: 5.664 seconds
--------------------------------------------------------------------------------

--------------------------------------------------------------------------------
 Summary of operation points scheduled for simulation
--------------------------------------------------------------------------------
   Index    Fluid   angle_in        T0_in        p0_in mass_flow_rate        omega
                       [deg]       [degC]        [kPa]       [kg/s]        [RPM]
       1      air        0.0        35.75       101.73         0.38        45000
--------------------------------------------------------------------------------

 Computing operation point 1 of 1
--------------------------------------------------------------------------------
 Operating point: 
--------------------------------------------------------------------------------
 Fluid:                    air
 Flow angle in:            0.00 deg
 Total temperature in:     35.75 degC
 Total pressure in:        1.017 bar
 Mass flow rate:           0.385 kg/s
 Angular speed:            45000.0 RPM
--------------------------------------------------------------------------------

Generating heuristic inital guesses from latin hypercube sampling
Number of failures: 0 out of 30 samples
Least norm of residuals: 0.6783654998201574

--------------------------------------------------------------------------------
               Final summary of performance analysis calculations               
--------------------------------------------------------------------------------
 Simulation successful for 1 out of 1 points
 Average calculation time per operation point: 5.824 seconds
 Minimum calculation time of all operation points: 5.824 seconds
 Maximum calculation time of all operation points: 5.824 seconds
 Total calculation time for all operation points: 5.824 seconds
--------------------------------------------------------------------------------

--------------------------------------------------------------------------------
 Summary of operation points scheduled for simulation
--------------------------------------------------------------------------------
   Index    Fluid   angle_in        T0_in        p0_in mass_flow_rate        omega
                       [deg]       [degC]        [kPa]       [kg/s]        [RPM]
       1      air        0.0        35.75       101.73         0.35        45000
--------------------------------------------------------------------------------

 Computing operation point 1 of 1
--------------------------------------------------------------------------------
 Operating point: 
--------------------------------------------------------------------------------
 Fluid:                    air
 Flow angle in:            0.00 deg
 Total temperature in:     35.75 degC
 Total pressure in:        1.017 bar
 Mass flow rate:           0.353 kg/s
 Angular speed:            45000.0 RPM
--------------------------------------------------------------------------------

Generating heuristic inital guesses from latin hypercube sampling
Number of failures: 0 out of 30 samples
Least norm of residuals: 0.8077939399786603

--------------------------------------------------------------------------------
               Final summary of performance analysis calculations               
--------------------------------------------------------------------------------
 Simulation successful for 1 out of 1 points
 Average calculation time per operation point: 6.744 seconds
 Minimum calculation time of all operation points: 6.744 seconds
 Maximum calculation time of all operation points: 6.744 seconds
 Total calculation time for all operation points: 6.744 seconds
--------------------------------------------------------------------------------

--------------------------------------------------------------------------------
 Summary of operation points scheduled for simulation
--------------------------------------------------------------------------------
   Index    Fluid   angle_in        T0_in        p0_in mass_flow_rate        omega
                       [deg]       [degC]        [kPa]       [kg/s]        [RPM]
       1      air        0.0        35.75       101.73         0.32        45000
--------------------------------------------------------------------------------

 Computing operation point 1 of 1
--------------------------------------------------------------------------------
 Operating point: 
--------------------------------------------------------------------------------
 Fluid:                    air
 Flow angle in:            0.00 deg
 Total temperature in:     35.75 degC
 Total pressure in:        1.017 bar
 Mass flow rate:           0.321 kg/s
 Angular speed:            45000.0 RPM
--------------------------------------------------------------------------------

Generating heuristic inital guesses from latin hypercube sampling
Number of failures: 0 out of 30 samples
Least norm of residuals: 0.9499772186673126

--------------------------------------------------------------------------------
               Final summary of performance analysis calculations               
--------------------------------------------------------------------------------
 Simulation successful for 1 out of 1 points
 Average calculation time per operation point: 5.550 seconds
 Minimum calculation time of all operation points: 5.550 seconds
 Maximum calculation time of all operation points: 5.550 seconds
 Total calculation time for all operation points: 5.550 seconds
--------------------------------------------------------------------------------

--------------------------------------------------------------------------------
 Summary of operation points scheduled for simulation
--------------------------------------------------------------------------------
   Index    Fluid   angle_in        T0_in        p0_in mass_flow_rate        omega
                       [deg]       [degC]        [kPa]       [kg/s]        [RPM]
       1      air        0.0        35.75       101.73         0.29        45000
--------------------------------------------------------------------------------

 Computing operation point 1 of 1
--------------------------------------------------------------------------------
 Operating point: 
--------------------------------------------------------------------------------
 Fluid:                    air
 Flow angle in:            0.00 deg
 Total temperature in:     35.75 degC
 Total pressure in:        1.017 bar
 Mass flow rate:           0.288 kg/s
 Angular speed:            45000.0 RPM
--------------------------------------------------------------------------------

Generating heuristic inital guesses from latin hypercube sampling
Number of failures: 0 out of 30 samples
Least norm of residuals: 1.1336297372163426

--------------------------------------------------------------------------------
               Final summary of performance analysis calculations               
--------------------------------------------------------------------------------
 Simulation successful for 1 out of 1 points
 Average calculation time per operation point: 6.888 seconds
 Minimum calculation time of all operation points: 6.888 seconds
 Maximum calculation time of all operation points: 6.888 seconds
 Total calculation time for all operation points: 6.888 seconds
--------------------------------------------------------------------------------

--------------------------------------------------------------------------------
 Summary of operation points scheduled for simulation
--------------------------------------------------------------------------------
   Index    Fluid   angle_in        T0_in        p0_in mass_flow_rate        omega
                       [deg]       [degC]        [kPa]       [kg/s]        [RPM]
       1      air        0.0        35.75       101.73         0.26        45000
--------------------------------------------------------------------------------

 Computing operation point 1 of 1
--------------------------------------------------------------------------------
 Operating point: 
--------------------------------------------------------------------------------
 Fluid:                    air
 Flow angle in:            0.00 deg
 Total temperature in:     35.75 degC
 Total pressure in:        1.017 bar
 Mass flow rate:           0.256 kg/s
 Angular speed:            45000.0 RPM
--------------------------------------------------------------------------------

Generating heuristic inital guesses from latin hypercube sampling
Number of failures: 0 out of 30 samples
Least norm of residuals: 1.3796298075814046

--------------------------------------------------------------------------------
               Final summary of performance analysis calculations               
--------------------------------------------------------------------------------
 Simulation successful for 1 out of 1 points
 Average calculation time per operation point: 69.721 seconds
 Minimum calculation time of all operation points: 69.721 seconds
 Maximum calculation time of all operation points: 69.721 seconds
 Total calculation time for all operation points: 69.721 seconds
--------------------------------------------------------------------------------

--------------------------------------------------------------------------------
 Summary of operation points scheduled for simulation
--------------------------------------------------------------------------------
   Index    Fluid   angle_in        T0_in        p0_in mass_flow_rate        omega
                       [deg]       [degC]        [kPa]       [kg/s]        [RPM]
       1      air        0.0        35.75       101.73         0.22        45000
--------------------------------------------------------------------------------

 Computing operation point 1 of 1
--------------------------------------------------------------------------------
 Operating point: 
--------------------------------------------------------------------------------
 Fluid:                    air
 Flow angle in:            0.00 deg
 Total temperature in:     35.75 degC
 Total pressure in:        1.017 bar
 Mass flow rate:           0.224 kg/s
 Angular speed:            45000.0 RPM
--------------------------------------------------------------------------------

Generating heuristic inital guesses from latin hypercube sampling
Number of failures: 0 out of 30 samples
Least norm of residuals: 1.7031860474769431

--------------------------------------------------------------------------------
               Final summary of performance analysis calculations               
--------------------------------------------------------------------------------
 Simulation successful for 1 out of 1 points
 Average calculation time per operation point: 111.124 seconds
 Minimum calculation time of all operation points: 111.124 seconds
 Maximum calculation time of all operation points: 111.124 seconds
 Total calculation time for all operation points: 111.124 seconds
--------------------------------------------------------------------------------

N 0.60: 21/21 converged; mdot 0.224-0.865, PR max 1.804
