compressor map: design R-line 2.554 | turbine map PR_tt coverage per speed [(0.3, 1.13, 2.0), (0.4, 1.14, 2.13), (0.5, 1.13, 2.26), (0.6, 1.13, 2.38), (0.7, 1.11, 2.49), (0.8, 1.09, 2.58), (0.9, 1.07, 2.67), (1.0, 1.04, 2.73), (1.1, 1.02, 2.79)]
bleed port after stage 3: frac_P 0.376, frac_work 0.500
  SLS_bleed20 N 100.0%: conv True Fn   690.3 N  W 1.366  PR 5.441  T4 1163.3  Rline 2.615  Nc 1.035  stall_idx 0.872 (S6)  SM_peak +0.121  NPR 1.65
  SLS_bleed20 N  95.0%: conv True Fn   569.6 N  W 1.272  PR 4.893  T4 1088.2  Rline 2.407  Nc 0.984  stall_idx 0.837 (R1)  SM_peak +0.110  NPR 1.52
  SLS_bleed20 N  90.0%: conv True Fn   371.3 N  W 1.213  PR 3.841  T4 1144.9  Rline 2.714  Nc 0.932  stall_idx 1.016 (R4)  SM_peak +0.125  NPR 1.32
  SLS_bleed20 N  85.0%: conv True Fn   323.8 N  W 1.146  PR 3.571  T4 1103.6  Rline 2.401  Nc 0.880  stall_idx 0.910 (R4)  SM_peak +0.124  NPR 1.28
  SLS_bleed20 N  80.0%: conv True Fn   264.0 N  W 1.045  PR 3.203  T4 1062.4  Rline 2.183  Nc 0.828  stall_idx 0.935 (R1)  SM_peak +0.106  NPR 1.22
  SLS_bleed20 N  75.0%: conv True Fn   211.9 N  W 0.937  PR 2.851  T4 1038.0  Rline 1.907  Nc 0.777  stall_idx 1.006 (R1)  SM_peak +0.082  NPR 1.17
  SLS_bleed20 N  70.0%: conv True Fn   165.2 N  W 0.820  PR 2.527  T4 1029.8  Rline 1.485  Nc 0.725  stall_idx 1.090 (R1)  SM_peak +0.043  NPR 1.13
  SLS_bleed20 N  65.0%: conv False Fn   128.6 N  W 0.705  PR 2.232  T4 1057.3  Rline 1.000  Nc 0.673  stall_idx nan (-)  SM_peak +nan  NPR 1.10
  SLS_bleed20 N  60.0%: conv False Fn    92.2 N  W 0.568  PR 1.957  T4 1128.7  Rline 1.000  Nc 0.621  stall_idx nan (-)  SM_peak +nan  NPR 1.08
  SLS_bleed20 N  55.0%: conv False Fn    68.4 N  W 0.465  PR 1.736  T4 1214.9  Rline 1.000  Nc 0.569  stall_idx nan (-)  SM_peak +nan  NPR 1.06
  SLS_bleed20 N  50.0%: conv False Fn    47.2 N  W 0.351  PR 1.552  T4 1401.0  Rline 1.000  Nc 0.518  stall_idx nan (-)  SM_peak +nan  NPR 1.04
  SLS_bleed20 N  45.0%: conv False Fn    33.6 N  W 0.273  PR 1.413  T4 1586.3  Rline 1.000  Nc 0.466  stall_idx nan (-)  SM_peak +nan  NPR 1.03
  SLS_bleed20 N  40.0%: conv False Fn    28.8 N  W 0.230  PR 1.297  T4 1839.4  Rline 1.000  Nc 0.414  stall_idx nan (-)  SM_peak +nan  NPR 1.02
  SLS_bleed20 N  35.0%: conv False Fn   190.9 N  W 0.023  PR 1.213  T4 2500.0  Rline 1.000  Nc 0.362  stall_idx nan (-)  SM_peak +nan  NPR 1.15
  SLS_bleed30 N 100.0%: conv True Fn   690.3 N  W 1.366  PR 5.441  T4 1163.3  Rline 2.615  Nc 1.035  stall_idx 0.872 (S6)  SM_peak +0.121  NPR 1.65
  SLS_bleed30 N  95.0%: conv True Fn   569.6 N  W 1.272  PR 4.893  T4 1088.2  Rline 2.407  Nc 0.984  stall_idx 0.837 (R1)  SM_peak +0.110  NPR 1.52
  SLS_bleed30 N  90.0%: conv True Fn   325.1 N  W 1.223  PR 3.566  T4 1253.6  Rline 2.851  Nc 0.932  stall_idx 1.139 (R4)  SM_peak +0.186  NPR 1.28
  SLS_bleed30 N  85.0%: conv True Fn   297.7 N  W 1.164  PR 3.396  T4 1251.5  Rline 2.427  Nc 0.880  stall_idx 0.998 (R4)  SM_peak +0.101  NPR 1.25
  SLS_bleed30 N  80.0%: conv True Fn   244.6 N  W 1.075  PR 3.061  T4 1188.6  Rline 2.239  Nc 0.828  stall_idx 0.995 (R4)  SM_peak +0.098  NPR 1.20
  SLS_bleed30 N  75.0%: conv True Fn   199.1 N  W 0.979  PR 2.756  T4 1145.0  Rline 2.027  Nc 0.777  stall_idx 1.003 (R4)  SM_peak +0.085  NPR 1.16
  SLS_bleed30 N  70.0%: conv True Fn   159.3 N  W 0.880  PR 2.476  T4 1113.8  Rline 1.774  Nc 0.725  stall_idx 1.018 (R4)  SM_peak +0.066  NPR 1.13
  SLS_bleed30 N  65.0%: conv True Fn   128.2 N  W 0.783  PR 2.223  T4 1108.9  Rline 1.530  Nc 0.673  stall_idx 1.067 (R1)  SM_peak +0.053  NPR 1.10
  SLS_bleed30 N  60.0%: conv False Fn    96.4 N  W 0.664  PR 1.990  T4 1133.1  Rline 1.000  Nc 0.621  stall_idx nan (-)  SM_peak +nan  NPR 1.08
  SLS_bleed30 N  55.0%: conv False Fn    73.1 N  W 0.556  PR 1.781  T4 1190.4  Rline 1.000  Nc 0.569  stall_idx nan (-)  SM_peak +nan  NPR 1.06
  SLS_bleed30 N  50.0%: conv False Fn    53.0 N  W 0.440  PR 1.601  T4 1324.0  Rline 1.000  Nc 0.518  stall_idx nan (-)  SM_peak +nan  NPR 1.04
  SLS_bleed30 N  45.0%: conv False Fn    37.8 N  W 0.350  PR 1.458  T4 1442.7  Rline 1.000  Nc 0.466  stall_idx nan (-)  SM_peak +nan  NPR 1.03
  SLS_bleed30 N  40.0%: conv False Fn    30.2 N  W 0.287  PR 1.336  T4 1654.3  Rline 1.000  Nc 0.414  stall_idx nan (-)  SM_peak +nan  NPR 1.02
  SLS_bleed30 N  35.0%: conv False Fn    28.5 N  W 0.240  PR 1.245  T4 2054.0  Rline 1.000  Nc 0.362  stall_idx nan (-)  SM_peak +nan  NPR 1.02
