compressor map: design R-line 2.554 | turbine map PR_tt coverage per speed [(0.3, 1.13, 2.0), (0.4, 1.14, 2.13), (0.5, 1.13, 2.26), (0.6, 1.13, 2.38), (0.7, 1.11, 2.49), (0.8, 1.09, 2.58), (0.9, 1.07, 2.67), (1.0, 1.04, 2.73), (1.1, 1.02, 2.79)]
  SLS_A8x1.15 N 100.0%: conv True Fn   553.0 N  W 1.371  PR 5.186  T4 1056.7  Rline 2.758  Nc 1.035  stall_idx 0.828 (S6)  SM_peak +0.169  NPR 1.43
  SLS_A8x1.15 N  95.0%: conv True Fn   464.6 N  W 1.280  PR 4.710  T4 1001.7  Rline 2.598  Nc 0.984  stall_idx 0.826 (R1)  SM_peak +0.156  NPR 1.35
  SLS_A8x1.15 N  90.0%: conv True Fn   380.1 N  W 1.164  PR 4.214  T4  970.3  Rline 2.301  Nc 0.932  stall_idx 0.914 (R1)  SM_peak +0.119  NPR 1.28
  SLS_A8x1.15 N  85.0%: conv True Fn   298.0 N  W 1.020  PR 3.682  T4  961.6  Rline 1.776  Nc 0.880  stall_idx 1.031 (R1)  SM_peak +0.063  NPR 1.22
  SLS_A8x1.15 N  80.0%: conv False Fn   218.0 N  W 0.839  PR 3.108  T4  997.6  Rline 1.000  Nc 0.828  stall_idx nan (-)  SM_peak +nan  NPR 1.15
  SLS_A8x1.15 N  75.0%: conv False Fn   151.5 N  W 0.658  PR 2.575  T4 1076.8  Rline 1.000  Nc 0.777  stall_idx nan (-)  SM_peak +nan  NPR 1.11
  SLS_A8x1.15 N  70.0%: conv False Fn   106.7 N  W 0.507  PR 2.153  T4 1206.5  Rline 1.000  Nc 0.725  stall_idx nan (-)  SM_peak +nan  NPR 1.08
  SLS_A8x1.15 N  65.0%: conv False Fn    73.0 N  W 0.383  PR 1.854  T4 1378.7  Rline 1.000  Nc 0.673  stall_idx nan (-)  SM_peak +nan  NPR 1.05
  SLS_A8x1.15 N  60.0%: conv False Fn    50.1 N  W 0.286  PR 1.617  T4 1616.6  Rline 1.000  Nc 0.621  stall_idx nan (-)  SM_peak +nan  NPR 1.03
  SLS_A8x1.15 N  55.0%: conv False Fn    32.0 N  W 0.208  PR 1.445  T4 1916.1  Rline 1.000  Nc 0.569  stall_idx nan (-)  SM_peak +nan  NPR 1.02
  SLS_A8x1.15 N  50.0%: conv False Fn    24.4 N  W 0.160  PR 1.317  T4 2343.6  Rline 1.000  Nc 0.518  stall_idx nan (-)  SM_peak +nan  NPR 1.02
  SLS_A8x1.15 N  45.0%: conv False Fn  2586.8 N  W 0.023  PR 1.227  T4 2500.0  Rline 1.000  Nc 0.466  stall_idx nan (-)  SM_peak +nan  NPR 1.00
  SLS_A8x1.15 N  40.0%: conv False Fn  2586.8 N  W 0.023  PR 1.227  T4 2500.0  Rline 1.000  Nc 0.466  stall_idx nan (-)  SM_peak +nan  NPR 1.00
  SLS_A8x1.15 N  35.0%: conv False Fn  2586.8 N  W 0.023  PR 1.227  T4 2500.0  Rline 1.000  Nc 0.466  stall_idx nan (-)  SM_peak +nan  NPR 1.00
  SLS_A8x1.15 N  30.0%: conv False Fn  2586.8 N  W 0.023  PR 1.227  T4 2500.0  Rline 1.000  Nc 0.466  stall_idx nan (-)  SM_peak +nan  NPR 1.00
  SLS_A8x1.3 N 100.0%: conv False Fn     3.1 N  W 1.373  PR 5.047  T4 1935.1  Rline 2.805  Nc 1.035  stall_idx nan (-)  SM_peak +nan  NPR 1.00
  SLS_A8x1.3 N  95.0%: conv False Fn     3.1 N  W 1.373  PR 5.047  T4 1935.1  Rline 2.805  Nc 1.035  stall_idx nan (-)  SM_peak +nan  NPR 1.00
  SLS_A8x1.3 N  90.0%: conv False Fn     3.1 N  W 1.373  PR 5.047  T4 1935.1  Rline 2.805  Nc 1.035  stall_idx nan (-)  SM_peak +nan  NPR 1.00
  SLS_A8x1.3 N  85.0%: conv False Fn     3.1 N  W 1.373  PR 5.047  T4 1935.1  Rline 2.805  Nc 1.035  stall_idx nan (-)  SM_peak +nan  NPR 1.00
  SLS_A8x1.3 N  80.0%: conv True Fn   193.4 N  W 0.859  PR 3.107  T4  957.1  Rline 1.092  Nc 0.828  stall_idx 1.168 (R1)  SM_peak +0.010  NPR 1.12
  SLS_A8x1.3 N  75.0%: conv False Fn   134.9 N  W 0.673  PR 2.575  T4 1038.1  Rline 1.000  Nc 0.777  stall_idx nan (-)  SM_peak +nan  NPR 1.08
  SLS_A8x1.3 N  70.0%: conv False Fn    94.7 N  W 0.516  PR 2.153  T4 1172.6  Rline 1.000  Nc 0.725  stall_idx nan (-)  SM_peak +nan  NPR 1.06
  SLS_A8x1.3 N  65.0%: conv False Fn    64.1 N  W 0.391  PR 1.854  T4 1339.1  Rline 1.000  Nc 0.673  stall_idx nan (-)  SM_peak +nan  NPR 1.04
  SLS_A8x1.3 N  60.0%: conv False Fn    45.2 N  W 0.292  PR 1.617  T4 1581.5  Rline 1.000  Nc 0.621  stall_idx nan (-)  SM_peak +nan  NPR 1.03
  SLS_A8x1.3 N  55.0%: conv False Fn    28.6 N  W 0.211  PR 1.445  T4 1882.6  Rline 1.000  Nc 0.569  stall_idx nan (-)  SM_peak +nan  NPR 1.02
  SLS_A8x1.3 N  50.0%: conv False Fn    21.8 N  W 0.162  PR 1.317  T4 2309.0  Rline 1.000  Nc 0.518  stall_idx nan (-)  SM_peak +nan  NPR 1.01
  SLS_A8x1.3 N  45.0%: conv False Fn  2597.8 N  W 0.023  PR 1.227  T4 2500.0  Rline 1.000  Nc 0.466  stall_idx nan (-)  SM_peak +nan  NPR 1.00
  SLS_A8x1.3 N  40.0%: conv False Fn  2597.8 N  W 0.023  PR 1.227  T4 2500.0  Rline 1.000  Nc 0.466  stall_idx nan (-)  SM_peak +nan  NPR 1.00
  SLS_A8x1.3 N  35.0%: conv False Fn  2597.8 N  W 0.023  PR 1.227  T4 2500.0  Rline 1.000  Nc 0.466  stall_idx nan (-)  SM_peak +nan  NPR 1.00
  SLS_A8x1.3 N  30.0%: conv False Fn  2597.8 N  W 0.023  PR 1.227  T4 2500.0  Rline 1.000  Nc 0.466  stall_idx nan (-)  SM_peak +nan  NPR 1.00
  SLS_A8x1.5 N 100.0%: conv False Fn 1670529809.3 N  W 1.400  PR -3.129  T4 2613.0  Rline 3.571  Nc 1.035  stall_idx nan (-)  SM_peak +nan  NPR 1.00
  SLS_A8x1.5 N  95.0%: conv False Fn 48297362278.1 N  W 1.400  PR -3.129  T4 2500.0  Rline 3.571  Nc 1.035  stall_idx nan (-)  SM_peak +nan  NPR 1.00
  SLS_A8x1.5 N  90.0%: conv False Fn 48298059768.9 N  W 1.400  PR -3.129  T4 2500.0  Rline 3.571  Nc 1.035  stall_idx nan (-)  SM_peak +nan  NPR 1.00
  SLS_A8x1.5 N  85.0%: conv False Fn 48298059768.9 N  W 1.400  PR -3.129  T4 2500.0  Rline 3.571  Nc 1.035  stall_idx nan (-)  SM_peak +nan  NPR 1.00
  SLS_A8x1.5 N  80.0%: conv False Fn 48298059768.9 N  W 1.400  PR -3.129  T4 2500.0  Rline 3.571  Nc 1.035  stall_idx nan (-)  SM_peak +nan  NPR 1.00
  SLS_A8x1.5 N  75.0%: conv False Fn 48298059768.9 N  W 1.400  PR -3.129  T4 2500.0  Rline 3.571  Nc 1.035  stall_idx nan (-)  SM_peak +nan  NPR 1.00
  SLS_A8x1.5 N  70.0%: conv False Fn 48298059768.9 N  W 1.400  PR -3.129  T4 2500.0  Rline 3.571  Nc 1.035  stall_idx nan (-)  SM_peak +nan  NPR 1.00
  SLS_A8x1.5 N  65.0%: conv False Fn 48298059768.9 N  W 1.400  PR -3.129  T4 2500.0  Rline 3.571  Nc 1.035  stall_idx nan (-)  SM_peak +nan  NPR 1.00
  SLS_A8x1.5 N  60.0%: conv False Fn 48298059768.9 N  W 1.400  PR -3.129  T4 2500.0  Rline 3.571  Nc 1.035  stall_idx nan (-)  SM_peak +nan  NPR 1.00
  SLS_A8x1.5 N  55.0%: conv False Fn 48298059768.9 N  W 1.400  PR -3.129  T4 2500.0  Rline 3.571  Nc 1.035  stall_idx nan (-)  SM_peak +nan  NPR 1.00
  SLS_A8x1.5 N  50.0%: conv False Fn 48298059768.9 N  W 1.400  PR -3.129  T4 2500.0  Rline 3.571  Nc 1.035  stall_idx nan (-)  SM_peak +nan  NPR 1.00
  SLS_A8x1.5 N  45.0%: conv False Fn 48298059768.9 N  W 1.400  PR -3.129  T4 2500.0  Rline 3.571  Nc 1.035  stall_idx nan (-)  SM_peak +nan  NPR 1.00
  SLS_A8x1.5 N  40.0%: conv False Fn 48298059768.9 N  W 1.400  PR -3.129  T4 2500.0  Rline 3.571  Nc 1.035  stall_idx nan (-)  SM_peak +nan  NPR 1.00
  SLS_A8x1.5 N  35.0%: conv False Fn 48298059768.9 N  W 1.400  PR -3.129  T4 2500.0  Rline 3.571  Nc 1.035  stall_idx nan (-)  SM_peak +nan  NPR 1.00
  SLS_A8x1.5 N  30.0%: conv False Fn 48298059768.9 N  W 1.400  PR -3.129  T4 2500.0  Rline 3.571  Nc 1.035  stall_idx nan (-)  SM_peak +nan  NPR 1.00
  SLS_A8x1.75 N 100.0%: conv False Fn 4850549491.7 N  W 1.417  PR -8.693  T4  528.6  Rline 4.049  Nc 1.035  stall_idx nan (-)  SM_peak +nan  NPR 1.00
  SLS_A8x1.75 N  95.0%: conv False Fn 265103962797.1 N  W 1.417  PR -8.693  T4  528.6  Rline 4.049  Nc 1.035  stall_idx nan (-)  SM_peak +nan  NPR 1.00
  SLS_A8x1.75 N  90.0%: conv False Fn 235944024760.0 N  W 1.417  PR -8.693  T4  528.6  Rline 4.049  Nc 1.035  stall_idx nan (-)  SM_peak +nan  NPR 1.00
  SLS_A8x1.75 N  85.0%: conv False Fn 252542803429.8 N  W 1.417  PR -8.693  T4  528.6  Rline 4.049  Nc 1.035  stall_idx nan (-)  SM_peak +nan  NPR 1.00
  SLS_A8x1.75 N  80.0%: conv False Fn 249310387019.3 N  W 1.417  PR -8.693  T4  528.6  Rline 4.049  Nc 1.035  stall_idx nan (-)  SM_peak +nan  NPR 1.00
  SLS_A8x1.75 N  75.0%: conv False Fn 236189833508.5 N  W 1.417  PR -8.693  T4  528.6  Rline 4.049  Nc 1.035  stall_idx nan (-)  SM_peak +nan  NPR 1.00
  SLS_A8x1.75 N  70.0%: conv False Fn 240384693188.8 N  W 1.417  PR -8.693  T4  528.6  Rline 4.049  Nc 1.035  stall_idx nan (-)  SM_peak +nan  NPR 1.00
  SLS_A8x1.75 N  65.0%: conv False Fn 244139209752.9 N  W 1.417  PR -8.693  T4  528.6  Rline 4.049  Nc 1.035  stall_idx nan (-)  SM_peak +nan  NPR 1.00
  SLS_A8x1.75 N  60.0%: conv False Fn 265111678806.7 N  W 1.417  PR -8.693  T4  528.6  Rline 4.049  Nc 1.035  stall_idx nan (-)  SM_peak +nan  NPR 1.00
  SLS_A8x1.75 N  55.0%: conv False Fn 235944024760.0 N  W 1.417  PR -8.693  T4  528.6  Rline 4.049  Nc 1.035  stall_idx nan (-)  SM_peak +nan  NPR 1.00
  SLS_A8x1.75 N  50.0%: conv False Fn 252542803429.8 N  W 1.417  PR -8.693  T4  528.6  Rline 4.049  Nc 1.035  stall_idx nan (-)  SM_peak +nan  NPR 1.00
  SLS_A8x1.75 N  45.0%: conv False Fn 249310387019.3 N  W 1.417  PR -8.693  T4  528.6  Rline 4.049  Nc 1.035  stall_idx nan (-)  SM_peak +nan  NPR 1.00
  SLS_A8x1.75 N  40.0%: conv False Fn 236189833508.5 N  W 1.417  PR -8.693  T4  528.6  Rline 4.049  Nc 1.035  stall_idx nan (-)  SM_peak +nan  NPR 1.00
  SLS_A8x1.75 N  35.0%: conv False Fn 240384693188.8 N  W 1.417  PR -8.693  T4  528.6  Rline 4.049  Nc 1.035  stall_idx nan (-)  SM_peak +nan  NPR 1.00
  SLS_A8x1.75 N  30.0%: conv False Fn 244139209752.9 N  W 1.417  PR -8.693  T4  528.6  Rline 4.049  Nc 1.035  stall_idx nan (-)  SM_peak +nan  NPR 1.00
  SLS_A8x2 N 100.0%: conv False Fn 11442536625.0 N  W 1.435  PR -14.257  T4  416.7  Rline 4.527  Nc 1.035  stall_idx nan (-)  SM_peak +nan  NPR 1.00
  SLS_A8x2 N  95.0%: conv False Fn 580115056825.4 N  W 1.435  PR -14.257  T4  416.7  Rline 4.527  Nc 1.035  stall_idx nan (-)  SM_peak +nan  NPR 1.00
  SLS_A8x2 N  90.0%: conv False Fn 580131959390.4 N  W 1.435  PR -14.257  T4  416.7  Rline 4.527  Nc 1.035  stall_idx nan (-)  SM_peak +nan  NPR 1.00
  SLS_A8x2 N  85.0%: conv False Fn 580131959390.4 N  W 1.435  PR -14.257  T4  416.7  Rline 4.527  Nc 1.035  stall_idx nan (-)  SM_peak +nan  NPR 1.00
  SLS_A8x2 N  80.0%: conv False Fn 580131959390.4 N  W 1.435  PR -14.257  T4  416.7  Rline 4.527  Nc 1.035  stall_idx nan (-)  SM_peak +nan  NPR 1.00
  SLS_A8x2 N  75.0%: conv False Fn 580131959390.4 N  W 1.435  PR -14.257  T4  416.7  Rline 4.527  Nc 1.035  stall_idx nan (-)  SM_peak +nan  NPR 1.00
  SLS_A8x2 N  70.0%: conv False Fn 580131959390.4 N  W 1.435  PR -14.257  T4  416.7  Rline 4.527  Nc 1.035  stall_idx nan (-)  SM_peak +nan  NPR 1.00
  SLS_A8x2 N  65.0%: conv False Fn 580131959390.4 N  W 1.435  PR -14.257  T4  416.7  Rline 4.527  Nc 1.035  stall_idx nan (-)  SM_peak +nan  NPR 1.00
  SLS_A8x2 N  60.0%: conv False Fn 580131959390.4 N  W 1.435  PR -14.257  T4  416.7  Rline 4.527  Nc 1.035  stall_idx nan (-)  SM_peak +nan  NPR 1.00
  SLS_A8x2 N  55.0%: conv False Fn 580131959390.4 N  W 1.435  PR -14.257  T4  416.7  Rline 4.527  Nc 1.035  stall_idx nan (-)  SM_peak +nan  NPR 1.00
  SLS_A8x2 N  50.0%: conv False Fn 580131959390.4 N  W 1.435  PR -14.257  T4  416.7  Rline 4.527  Nc 1.035  stall_idx nan (-)  SM_peak +nan  NPR 1.00
  SLS_A8x2 N  45.0%: conv False Fn 580131959390.4 N  W 1.435  PR -14.257  T4  416.7  Rline 4.527  Nc 1.035  stall_idx nan (-)  SM_peak +nan  NPR 1.00
  SLS_A8x2 N  40.0%: conv False Fn 580131959390.4 N  W 1.435  PR -14.257  T4  416.7  Rline 4.527  Nc 1.035  stall_idx nan (-)  SM_peak +nan  NPR 1.00
  SLS_A8x2 N  35.0%: conv False Fn 580131959390.4 N  W 1.435  PR -14.257  T4  416.7  Rline 4.527  Nc 1.035  stall_idx nan (-)  SM_peak +nan  NPR 1.00
  SLS_A8x2 N  30.0%: conv False Fn 580131959390.4 N  W 1.435  PR -14.257  T4  416.7  Rline 4.527  Nc 1.035  stall_idx nan (-)  SM_peak +nan  NPR 1.00
