compressor map: design R-line 2.554 | turbine map PR_tt coverage per speed [(0.3, 1.13, 2.0), (0.4, 1.14, 2.13), (0.5, 1.13, 2.26), (0.6, 1.13, 2.38), (0.7, 1.11, 2.49), (0.8, 1.09, 2.58), (0.9, 1.07, 2.67), (1.0, 1.04, 2.73), (1.1, 1.02, 2.79)]
  SLS_A8x1.3 N 100.0%: conv True Fn   467.0 N  W 1.373  PR 5.047  T4 1001.5  Rline 2.805  Nc 1.035  stall_idx 0.806 (S6)  SM_peak +0.193  NPR 1.31
  SLS_A8x1.3 N  95.0%: conv True Fn   396.9 N  W 1.283  PR 4.613  T4  958.4  Rline 2.669  Nc 0.984  stall_idx 0.821 (R1)  SM_peak +0.181  NPR 1.26
  SLS_A8x1.3 N  90.0%: conv True Fn   326.8 N  W 1.170  PR 4.142  T4  930.6  Rline 2.417  Nc 0.932  stall_idx 0.907 (R1)  SM_peak +0.144  NPR 1.21
  SLS_A8x1.3 N  85.0%: conv True Fn   259.0 N  W 1.030  PR 3.642  T4  925.7  Rline 1.956  Nc 0.880  stall_idx 1.019 (R1)  SM_peak +0.085  NPR 1.16
  SLS_A8x1.3 N  80.0%: conv True Fn   193.4 N  W 0.859  PR 3.107  T4  957.1  Rline 1.092  Nc 0.828  stall_idx 1.168 (R1)  SM_peak +0.010  NPR 1.12
  SLS_A8x1.3 N  75.0%: conv False Fn   134.9 N  W 0.673  PR 2.575  T4 1038.1  Rline 1.000  Nc 0.777  stall_idx nan (-)  SM_peak +nan  NPR 1.08
  SLS_A8x1.3 N  70.0%: conv False Fn    94.7 N  W 0.516  PR 2.153  T4 1172.6  Rline 1.000  Nc 0.725  stall_idx nan (-)  SM_peak +nan  NPR 1.06
  SLS_A8x1.3 N  65.0%: conv False Fn    64.1 N  W 0.391  PR 1.854  T4 1339.1  Rline 1.000  Nc 0.673  stall_idx nan (-)  SM_peak +nan  NPR 1.04
  SLS_A8x1.3 N  60.0%: conv False Fn    45.2 N  W 0.292  PR 1.617  T4 1581.5  Rline 1.000  Nc 0.621  stall_idx nan (-)  SM_peak +nan  NPR 1.03
  SLS_A8x1.3 N  55.0%: conv False Fn    28.6 N  W 0.211  PR 1.445  T4 1882.6  Rline 1.000  Nc 0.569  stall_idx nan (-)  SM_peak +nan  NPR 1.02
  SLS_A8x1.3 N  50.0%: conv False Fn    21.8 N  W 0.162  PR 1.317  T4 2309.0  Rline 1.000  Nc 0.518  stall_idx nan (-)  SM_peak +nan  NPR 1.01
  SLS_A8x1.3 N  45.0%: conv False Fn  2597.8 N  W 0.023  PR 1.227  T4 2500.0  Rline 1.000  Nc 0.466  stall_idx nan (-)  SM_peak +nan  NPR 1.00
  SLS_A8x1.3 N  40.0%: conv False Fn  2597.8 N  W 0.023  PR 1.227  T4 2500.0  Rline 1.000  Nc 0.466  stall_idx nan (-)  SM_peak +nan  NPR 1.00
  SLS_A8x1.3 N  35.0%: conv False Fn  2597.8 N  W 0.023  PR 1.227  T4 2500.0  Rline 1.000  Nc 0.466  stall_idx nan (-)  SM_peak +nan  NPR 1.00
  SLS_A8x1.3 N  30.0%: conv False Fn  2597.8 N  W 0.023  PR 1.227  T4 2500.0  Rline 1.000  Nc 0.466  stall_idx nan (-)  SM_peak +nan  NPR 1.00
  SLS_A8x1.6 N 100.0%: conv True Fn   361.4 N  W 1.374  PR 4.905  T4  946.7  Rline 2.844  Nc 1.035  stall_idx 0.785 (S6)  SM_peak +0.217  NPR 1.19
  SLS_A8x1.6 N  95.0%: conv True Fn   309.9 N  W 1.286  PR 4.504  T4  912.4  Rline 2.730  Nc 0.984  stall_idx 0.818 (R1)  SM_peak +0.208  NPR 1.16
  SLS_A8x1.6 N  90.0%: conv True Fn   257.6 N  W 1.174  PR 4.066  T4  891.6  Rline 2.511  Nc 0.932  stall_idx 0.901 (R1)  SM_peak +0.169  NPR 1.13
  SLS_A8x1.6 N  85.0%: conv True Fn   205.8 N  W 1.039  PR 3.592  T4  887.4  Rline 2.121  Nc 0.880  stall_idx 1.008 (R1)  SM_peak +0.110  NPR 1.11
  SLS_A8x1.6 N  80.0%: conv True Fn   156.6 N  W 0.878  PR 3.093  T4  914.3  Rline 1.426  Nc 0.828  stall_idx 1.145 (R1)  SM_peak +0.037  NPR 1.08
  SLS_A8x1.6 N  75.0%: conv False Fn   110.5 N  W 0.691  PR 2.575  T4  997.1  Rline 1.000  Nc 0.777  stall_idx nan (-)  SM_peak +nan  NPR 1.06
  SLS_A8x1.6 N  70.0%: conv False Fn    77.5 N  W 0.526  PR 2.153  T4 1132.5  Rline 1.000  Nc 0.725  stall_idx nan (-)  SM_peak +nan  NPR 1.04
  SLS_A8x1.6 N  65.0%: conv False Fn    53.0 N  W 0.399  PR 1.854  T4 1300.4  Rline 1.000  Nc 0.673  stall_idx nan (-)  SM_peak +nan  NPR 1.03
  SLS_A8x1.6 N  60.0%: conv False Fn    35.3 N  W 0.300  PR 1.617  T4 1536.3  Rline 1.000  Nc 0.621  stall_idx nan (-)  SM_peak +nan  NPR 1.02
  SLS_A8x1.6 N  55.0%: conv False Fn    23.5 N  W 0.215  PR 1.445  T4 1841.3  Rline 1.000  Nc 0.569  stall_idx nan (-)  SM_peak +nan  NPR 1.01
  SLS_A8x1.6 N  50.0%: conv False Fn    17.6 N  W 0.164  PR 1.317  T4 2259.6  Rline 1.000  Nc 0.518  stall_idx nan (-)  SM_peak +nan  NPR 1.01
  SLS_A8x1.6 N  45.0%: conv False Fn  2587.1 N  W 0.023  PR 1.227  T4 2500.0  Rline 1.000  Nc 0.466  stall_idx nan (-)  SM_peak +nan  NPR 1.00
  SLS_A8x1.6 N  40.0%: conv False Fn  2587.1 N  W 0.023  PR 1.227  T4 2500.0  Rline 1.000  Nc 0.466  stall_idx nan (-)  SM_peak +nan  NPR 1.00
  SLS_A8x1.6 N  35.0%: conv False Fn  2587.1 N  W 0.023  PR 1.227  T4 2500.0  Rline 1.000  Nc 0.466  stall_idx nan (-)  SM_peak +nan  NPR 1.00
  SLS_A8x1.6 N  30.0%: conv False Fn  2587.1 N  W 0.023  PR 1.227  T4 2500.0  Rline 1.000  Nc 0.466  stall_idx nan (-)  SM_peak +nan  NPR 1.00
  SLS_A8x2 N 100.0%: conv True Fn   280.8 N  W 1.375  PR 4.820  T4  914.9  Rline 2.859  Nc 1.035  stall_idx 0.775 (S6)  SM_peak +0.228  NPR 1.11
  SLS_A8x2 N  95.0%: conv True Fn   241.6 N  W 1.288  PR 4.435  T4  883.9  Rline 2.762  Nc 0.984  stall_idx 0.816 (R1)  SM_peak +0.225  NPR 1.10
  SLS_A8x2 N  90.0%: conv True Fn   202.0 N  W 1.177  PR 4.016  T4  867.5  Rline 2.561  Nc 0.932  stall_idx 0.898 (R1)  SM_peak +0.184  NPR 1.08
  SLS_A8x2 N  85.0%: conv True Fn   162.0 N  W 1.044  PR 3.555  T4  862.9  Rline 2.215  Nc 0.880  stall_idx 1.002 (R1)  SM_peak +0.127  NPR 1.07
  SLS_A8x2 N  80.0%: conv True Fn   124.7 N  W 0.887  PR 3.079  T4  890.8  Rline 1.586  Nc 0.828  stall_idx 1.134 (R1)  SM_peak +0.053  NPR 1.05
  SLS_A8x2 N  75.0%: conv False Fn    89.3 N  W 0.702  PR 2.575  T4  971.1  Rline 1.000  Nc 0.777  stall_idx nan (-)  SM_peak +nan  NPR 1.04
  SLS_A8x2 N  70.0%: conv False Fn    62.5 N  W 0.534  PR 2.153  T4 1106.6  Rline 1.000  Nc 0.725  stall_idx nan (-)  SM_peak +nan  NPR 1.02
  SLS_A8x2 N  65.0%: conv False Fn    44.1 N  W 0.405  PR 1.854  T4 1274.3  Rline 1.000  Nc 0.673  stall_idx nan (-)  SM_peak +nan  NPR 1.02
  SLS_A8x2 N  60.0%: conv False Fn    29.6 N  W 0.304  PR 1.617  T4 1508.6  Rline 1.000  Nc 0.621  stall_idx nan (-)  SM_peak +nan  NPR 1.01
  SLS_A8x2 N  55.0%: conv False Fn    18.9 N  W 0.218  PR 1.445  T4 1813.2  Rline 1.000  Nc 0.569  stall_idx nan (-)  SM_peak +nan  NPR 1.01
  SLS_A8x2 N  50.0%: conv False Fn    14.0 N  W 0.165  PR 1.317  T4 2226.9  Rline 1.000  Nc 0.518  stall_idx nan (-)  SM_peak +nan  NPR 1.01
  SLS_A8x2 N  45.0%: conv False Fn  2635.5 N  W 0.023  PR 1.227  T4 2500.0  Rline 1.000  Nc 0.466  stall_idx nan (-)  SM_peak +nan  NPR 1.00
  SLS_A8x2 N  40.0%: conv False Fn  2635.5 N  W 0.023  PR 1.227  T4 2500.0  Rline 1.000  Nc 0.466  stall_idx nan (-)  SM_peak +nan  NPR 1.00
  SLS_A8x2 N  35.0%: conv False Fn  2635.5 N  W 0.023  PR 1.227  T4 2500.0  Rline 1.000  Nc 0.466  stall_idx nan (-)  SM_peak +nan  NPR 1.00
  SLS_A8x2 N  30.0%: conv False Fn  2635.5 N  W 0.023  PR 1.227  T4 2500.0  Rline 1.000  Nc 0.466  stall_idx nan (-)  SM_peak +nan  NPR 1.00
