
 A_over_r2  liner_factor  span_mm  shaft_od_mm  id_ratio  journal_mm    DN_MCS  bend1_undamped_rpm  bend1_over_MCS  
api_ok  m_rotor    Ip  imp_mass  imp_disc_vm_MCS  imp_burst_MCS
       0.3          1.00  235.401         24.0       0.5        12.0  945000.0           51091.493           0.649   
False    2.298 0.002     1.245          313.198          1.902
       0.3          1.00  235.401         24.0       0.5        15.0 1181250.0           51861.674           0.659   
False    2.312 0.002     1.245          313.198          1.902
       0.3          1.00  235.401         24.0       0.8        12.0  945000.0           61780.209           0.785   
False    1.985 0.002     1.245          313.198          1.902
       0.3          1.00  235.401         24.0       0.8        15.0 1181250.0           62811.145           0.798   
False    1.999 0.002     1.245          313.198          1.902
       0.3          1.00  235.401         28.0       0.5        12.0  945000.0           57114.833           0.725   
False    2.515 0.002     1.245          313.198          1.902
       0.3          1.00  235.401         28.0       0.5        15.0 1181250.0           59212.571           0.752   
False    2.529 0.002     1.245          313.198          1.902
       0.3          1.00  235.401         28.0       0.8        12.0  945000.0           68249.656           0.867   
False    2.089 0.002     1.245          313.198          1.902
       0.3          1.00  235.401         28.0       0.8        15.0 1181250.0           69317.822           0.880   
False    2.103 0.002     1.245          313.198          1.902
       0.3          1.00  235.401         32.0       0.5        12.0  945000.0           61694.600           0.783   
False    2.766 0.002     1.245          313.198          1.902
       0.3          1.00  235.401         32.0       0.5        15.0 1181250.0           66010.592           0.838   
False    2.780 0.002     1.245          313.198          1.902
       0.3          1.00  235.401         32.0       0.8        12.0  945000.0           74277.015           0.943   
False    2.209 0.002     1.245          313.198          1.902
       0.3          1.00  235.401         32.0       0.8        15.0 1181250.0           76272.706           0.969   
False    2.224 0.002     1.245          313.198          1.902
       0.3          0.85  203.014         24.0       0.5        12.0  945000.0           66828.374           0.849   
False    2.211 0.002     1.245          313.198          1.902
       0.3          0.85  203.014         24.0       0.5        15.0 1181250.0           68246.036           0.867   
False    2.226 0.002     1.245          313.198          1.902
       0.3          0.85  203.014         24.0       0.8        12.0  945000.0           82649.689           1.050   
False    1.943 0.002     1.245          313.198          1.902
       0.3          0.85  203.014         24.0       0.8        15.0 1181250.0           85541.883           1.086   
False    1.957 0.002     1.245          313.198          1.902
       0.3          0.85  203.014         28.0       0.5        12.0  945000.0           73106.087           0.928   
False    2.398 0.002     1.245          313.198          1.902
       0.3          0.85  203.014         28.0       0.5        15.0 1181250.0           76234.579           0.968   
False    2.412 0.002     1.245          313.198          1.902
       0.3          0.85  203.014         28.0       0.8        12.0  945000.0           89761.967           1.140   
False    2.033 0.002     1.245          313.198          1.902
       0.3          0.85  203.014         28.0       0.8        15.0 1181250.0           92350.499           1.173   
False    2.047 0.002     1.245          313.198          1.902
       0.3          0.85  203.014         32.0       0.5        12.0  945000.0           77208.295           0.980   
False    2.613 0.002     1.245          313.198          1.902
       0.3          0.85  203.014         32.0       0.5        15.0 1181250.0           83270.562           1.057   
False    2.627 0.002     1.245          313.198          1.902
       0.3          0.85  203.014         32.0       0.8        12.0  945000.0           96022.385           1.219   
False    2.136 0.002     1.245          313.198          1.902
       0.3          0.85  203.014         32.0       0.8        15.0 1181250.0           99713.021           1.266    
True    2.150 0.002     1.245          313.198          1.902
       0.3          0.70  170.627         24.0       0.5        12.0  945000.0           91666.959           1.164   
False    2.125 0.002     1.245          313.198          1.902
       0.3          0.70  170.627         24.0       0.5        15.0 1181250.0           94988.952           1.206   
False    2.140 0.002     1.245          313.198          1.902
       0.3          0.70  170.627         24.0       0.8        12.0  945000.0          114699.739           1.457    
True    1.902 0.002     1.245          313.198          1.902
       0.3          0.70  170.627         24.0       0.8        15.0 1181250.0          121594.160           1.544    
True    1.916 0.002     1.245          313.198          1.902
       0.3          0.70  170.627         28.0       0.5        12.0  945000.0           97488.889           1.238   
False    2.281 0.002     1.245          313.198          1.902
       0.3          0.70  170.627         28.0       0.5        15.0 1181250.0          103133.755           1.310    
True    2.295 0.002     1.245          313.198          1.902
       0.3          0.70  170.627         28.0       0.8        12.0  945000.0          122195.791           1.552    
True    1.976 0.002     1.245          313.198          1.902
       0.3          0.70  170.627         28.0       0.8        15.0 1181250.0          128473.109           1.631    
True    1.991 0.002     1.245          313.198          1.902
       0.3          0.70  170.627         32.0       0.5        12.0  945000.0          100050.222           1.270    
True    2.460 0.002     1.245          313.198          1.902
       0.3          0.70  170.627         32.0       0.5        15.0 1181250.0          109570.450           1.391    
True    2.474 0.002     1.245          313.198          1.902
       0.3          0.70  170.627         32.0       0.8        12.0  945000.0          127885.972           1.624    
True    2.062 0.002     1.245          313.198          1.902
       0.3          0.70  170.627         32.0       0.8        15.0 1181250.0          135742.538           1.724    
True    2.077 0.002     1.245          313.198          1.902
       0.1          1.00  248.781         24.0       0.5        12.0  945000.0           50347.233           0.639   
False    2.181 0.002     1.092          382.235          1.874
       0.1          1.00  248.781         24.0       0.5        15.0 1181250.0           50930.824           0.647   
False    2.195 0.002     1.092          382.235          1.874
       0.1          1.00  248.781         24.0       0.8        12.0  945000.0           58712.979           0.746   
False    1.849 0.002     1.092          382.235          1.874
       0.1          1.00  248.781         24.0       0.8        15.0 1181250.0           59979.524           0.762   
False    1.863 0.002     1.092          382.235          1.874
       0.1          1.00  248.781         28.0       0.5        12.0  945000.0           58016.768           0.737   
False    2.411 0.002     1.092          382.235          1.874
       0.1          1.00  248.781         28.0       0.5        15.0 1181250.0           59300.406           0.753   
False    2.425 0.002     1.092          382.235          1.874
       0.1          1.00  248.781         28.0       0.8        12.0  945000.0           65981.841           0.838   
False    1.959 0.002     1.092          382.235          1.874
       0.1          1.00  248.781         28.0       0.8        15.0 1181250.0           67149.050           0.853   
False    1.974 0.002     1.092          382.235          1.874
       0.1          1.00  248.781         32.0       0.5        12.0  945000.0           65137.048           0.827   
False    2.677 0.002     1.092          382.235          1.874
       0.1          1.00  248.781         32.0       0.5        15.0 1181250.0           67776.465           0.861   
False    2.691 0.002     1.092          382.235          1.874
       0.1          1.00  248.781         32.0       0.8        12.0  945000.0           73386.470           0.932   
False    2.087 0.002     1.092          382.235          1.874
       0.1          1.00  248.781         32.0       0.8        15.0 1181250.0           75023.300           0.953   
False    2.101 0.002     1.092          382.235          1.874
       0.1          0.85  216.394         24.0       0.5        12.0  945000.0           64977.066           0.825   
False    2.095 0.002     1.092          382.235          1.874
       0.1          0.85  216.394         24.0       0.5        15.0 1181250.0           66230.607           0.841   
False    2.109 0.002     1.092          382.235          1.874
       0.1          0.85  216.394         24.0       0.8        12.0  945000.0           77181.880           0.980   
False    1.807 0.002     1.092          382.235          1.874
       0.1          0.85  216.394         24.0       0.8        15.0 1181250.0           80276.444           1.019   
False    1.822 0.002     1.092          382.235          1.874
       0.1          0.85  216.394         28.0       0.5        12.0  945000.0           73506.867           0.933   
False    2.294 0.002     1.092          382.235          1.874
       0.1          0.85  216.394         28.0       0.5        15.0 1181250.0           75721.923           0.962   
False    2.308 0.002     1.092          382.235          1.874
       0.1          0.85  216.394         28.0       0.8        12.0  945000.0           85388.526           1.084   
False    1.903 0.002     1.092          382.235          1.874
       0.1          0.85  216.394         28.0       0.8        15.0 1181250.0           87994.256           1.117   
False    1.917 0.002     1.092          382.235          1.874
       0.1          0.85  216.394         32.0       0.5        12.0  945000.0           80946.168           1.028   
False    2.524 0.002     1.092          382.235          1.874
       0.1          0.85  216.394         32.0       0.5        15.0 1181250.0           85117.118           1.081   
False    2.538 0.002     1.092          382.235          1.874
       0.1          0.85  216.394         32.0       0.8        12.0  945000.0           93381.842           1.186   
False    2.014 0.002     1.092          382.235          1.874
       0.1          0.85  216.394         32.0       0.8        15.0 1181250.0           96682.092           1.228   
False    2.028 0.002     1.092          382.235          1.874
       0.1          0.70  184.007         24.0       0.5        12.0  945000.0           87147.305           1.107   
False    2.008 0.002     1.092          382.235          1.874
       0.1          0.70  184.007         24.0       0.5        15.0 1181250.0           90301.648           1.147   
False    2.023 0.002     1.092          382.235          1.874
       0.1          0.70  184.007         24.0       0.8        12.0  945000.0          104723.299           1.330    
True    1.766 0.002     1.092          382.235          1.874
       0.1          0.70  184.007         24.0       0.8        15.0 1181250.0          111364.537           1.414    
True    1.780 0.002     1.092          382.235          1.874
       0.1          0.70  184.007         28.0       0.5        12.0  945000.0           96110.760           1.220   
False    2.177 0.002     1.092          382.235          1.874
       0.1          0.70  184.007         28.0       0.5        15.0 1181250.0          100668.835           1.278    
True    2.191 0.002     1.092          382.235          1.874
       0.1          0.70  184.007         28.0       0.8        12.0  945000.0          113769.252           1.445    
True    1.847 0.002     1.092          382.235          1.874
       0.1          0.70  184.007         28.0       0.8        15.0 1181250.0          119604.030           1.519    
True    1.861 0.002     1.092          382.235          1.874
       0.1          0.70  184.007         32.0       0.5        12.0  945000.0          103068.373           1.309    
True    2.371 0.002     1.092          382.235          1.874
       0.1          0.70  184.007         32.0       0.5        15.0 1181250.0          110509.478           1.403    
True    2.385 0.002     1.092          382.235          1.874
       0.1          0.70  184.007         32.0       0.8        12.0  945000.0          121934.853           1.548    
True    1.940 0.002     1.092          382.235          1.874
       0.1          0.70  184.007         32.0       0.8        15.0 1181250.0          128761.594           1.635    
True    1.954 0.002     1.092          382.235          1.874


