+  +  |  LS: AG 1 ; 4259.09765 1
+  +  |  LS: AG 2 ; 11.1373566 0.5
+  +  |  LS: AG 1 ; 469.274126 1
+  +  |  LS: AG 2 ; 5.57177472 0.5
+  +  |  LS: AG 1 ; 93.7912197 1
+  +  |  LS: AG 2 ; 2.78570611 0.5
+  +  |  LS: AG 1 ; 36.5383902 1
+  +  |  LS: AG 2 ; 1.39283983 0.5
+  +  |  LS: AG 1 ; 10.4760098 1
+  +  |  LS: AG 2 ; 0.696415884 0.5
+  +  |  LS: AG 1 ; 2.9227207 1
+  +  |  LS: AG 2 ; 0.348205578 0.5
+  +  |  LS: AG 1 ; 2.92276439 1
+  +  |  LS: AG 2 ; 0.174105251 0.5
+  +  |  LS: AG 1 ; 4259.09765 1
+  +  |  LS: AG 2 ; 11.1373566 0.5
+  +  |  LS: AG 1 ; 469.274126 1
+  +  |  LS: AG 2 ; 5.57177472 0.5
+  +  |  LS: AG 1 ; 93.7912197 1
+  +  |  LS: AG 2 ; 2.78570611 0.5
+  +  |  LS: AG 1 ; 36.5383902 1
+  +  |  LS: AG 2 ; 1.39283983 0.5
+  +  |  LS: AG 1 ; 10.4760098 1
+  +  |  LS: AG 2 ; 0.696415884 0.5
+  +  |  LS: AG 1 ; 2.9227207 1
+  +  |  LS: AG 2 ; 0.348205578 0.5
+  +  |  LS: AG 1 ; 2.92276439 1
+  +  |  LS: AG 2 ; 0.174105251 0.5
OPR 3.5: tool W 1.098 Tt3 475 | fielded W 1.309 Tt3 496
+  +  |  LS: AG 1 ; 4259.09765 1
+  +  |  LS: AG 2 ; 11.1373566 0.5
+  +  |  LS: AG 1 ; 469.274126 1
+  +  |  LS: AG 2 ; 5.57177472 0.5
+  +  |  LS: AG 1 ; 93.7912197 1
+  +  |  LS: AG 2 ; 2.78570611 0.5
+  +  |  LS: AG 1 ; 36.5383902 1
+  +  |  LS: AG 2 ; 1.39283983 0.5
+  +  |  LS: AG 1 ; 10.4760098 1
+  +  |  LS: AG 2 ; 0.696415884 0.5
+  +  |  LS: AG 1 ; 2.9227207 1
+  +  |  LS: AG 2 ; 0.348205578 0.5
+  +  |  LS: AG 1 ; 2.92276439 1
+  +  |  LS: AG 2 ; 0.174105251 0.5
+  +  |  LS: AG 1 ; 4259.09765 1
+  +  |  LS: AG 2 ; 11.1373566 0.5
+  +  |  LS: AG 1 ; 469.274126 1
+  +  |  LS: AG 2 ; 5.57177472 0.5
+  +  |  LS: AG 1 ; 93.7912197 1
+  +  |  LS: AG 2 ; 2.78570611 0.5
+  +  |  LS: AG 1 ; 36.5383902 1
+  +  |  LS: AG 2 ; 1.39283983 0.5
+  +  |  LS: AG 1 ; 10.4760098 1
+  +  |  LS: AG 2 ; 0.696415884 0.5
+  +  |  LS: AG 1 ; 2.9227207 1
+  +  |  LS: AG 2 ; 0.348205578 0.5
+  +  |  LS: AG 1 ; 2.92276439 1
+  +  |  LS: AG 2 ; 0.174105251 0.5
OPR 4.0: tool W 1.088 Tt3 497 | fielded W 1.326 Tt3 520
+  +  |  LS: AG 1 ; 4259.09765 1
+  +  |  LS: AG 2 ; 11.1373566 0.5
+  +  |  LS: AG 1 ; 469.274126 1
+  +  |  LS: AG 2 ; 5.57177472 0.5
+  +  |  LS: AG 1 ; 93.7912197 1
+  +  |  LS: AG 2 ; 2.78570611 0.5
+  +  |  LS: AG 1 ; 36.5383902 1
+  +  |  LS: AG 2 ; 1.39283983 0.5
+  +  |  LS: AG 1 ; 10.4760098 1
+  +  |  LS: AG 2 ; 0.696415884 0.5
+  +  |  LS: AG 1 ; 2.9227207 1
+  +  |  LS: AG 2 ; 0.348205578 0.5
+  +  |  LS: AG 1 ; 2.92276439 1
+  +  |  LS: AG 2 ; 0.174105251 0.5
+  +  |  LS: AG 1 ; 4259.09765 1
+  +  |  LS: AG 2 ; 11.1373566 0.5
+  +  |  LS: AG 1 ; 469.274126 1
+  +  |  LS: AG 2 ; 5.57177472 0.5
+  +  |  LS: AG 1 ; 93.7912197 1
+  +  |  LS: AG 2 ; 2.78570611 0.5
+  +  |  LS: AG 1 ; 36.5383902 1
+  +  |  LS: AG 2 ; 1.39283983 0.5
+  +  |  LS: AG 1 ; 10.4760098 1
+  +  |  LS: AG 2 ; 0.696415884 0.5
+  +  |  LS: AG 1 ; 2.9227207 1
+  +  |  LS: AG 2 ; 0.348205578 0.5
+  +  |  LS: AG 1 ; 2.92276439 1
+  +  |  LS: AG 2 ; 0.174105251 0.5
OPR 4.5: tool W 1.085 Tt3 516 | fielded W 1.350 Tt3 542
{'OPR': 3.5, 'rpm': 75000, 'beta2b': 0.0, 'PR_TF': 3.505, 'eta_TF': 0.801, 'converged': True, 'M1s_rel': 1.198, 'M_rel_in_TF': 0.92, 'U2_tool': 438.59, 'D2_tool_mm': 111.686, 'D_diff_tool_mm': 150.776, 'b2_r2_tool': 0.237, 'ATR': 0.75, 'choke_margin_ok': True, 'alpha2_deg': np.float64(72.117), 'U2_fielded': np.float64(469.162), 'D2_fielded_mm': np.float64(119.471), 'D_diff_fielded_mm': np.float64(167.286), 't_root_mm': 1.6, 'sigma_root_MCS': 0.0, 'B2': np.float64(0.077), 'blade_ok': True, 'b2_geo_r2': np.float64(0.262), 'inducer_MCS': np.float64(191.927), 'disc_vm_MCS': np.float64(276.746), 'disc_yield_MS': np.float64(1.248), 'burst_MCS': 2.093, 'impeller_FE_mass_kg': np.float64(0.862), 'stress_ok': True}
{'OPR': 3.5, 'rpm': 75000, 'beta2b': -10.0, 'PR_TF': 3.483, 'eta_TF': 0.805, 'converged': True, 'M1s_rel': 1.198, 'M_rel_in_TF': 0.92, 'U2_tool': 451.348, 'D2_tool_mm': 114.935, 'D_diff_tool_mm': 155.162, 'b2_r2_tool': 0.212, 'ATR': 0.75, 'choke_margin_ok': True, 'alpha2_deg': np.float64(71.134), 'U2_fielded': np.float64(484.032), 'D2_fielded_mm': np.float64(123.258), 'D_diff_fielded_mm': np.float64(172.398), 't_root_mm': 1.959, 'sigma_root_MCS': 618.665, 'B2': np.float64(0.087), 'blade_ok': True, 'b2_geo_r2': np.float64(0.237), 'inducer_MCS': np.float64(191.927), 'disc_vm_MCS': np.float64(291.042), 'disc_yield_MS': np.float64(1.138), 'burst_MCS': 2.039, 'impeller_FE_mass_kg': np.float64(0.939), 'stress_ok': True}
{'OPR': 3.5, 'rpm': 75000, 'beta2b': -20.0, 'PR_TF': 3.5, 'eta_TF': 0.809, 'converged': True, 'M1s_rel': 1.198, 'M_rel_in_TF': 0.92, 'U2_tool': 468.454, 'D2_tool_mm': 119.291, 'D_diff_tool_mm': 161.043, 'b2_r2_tool': 0.185, 'ATR': 0.75, 'choke_margin_ok': True, 'alpha2_deg': np.float64(70.015), 'U2_fielded': np.float64(503.706), 'D2_fielded_mm': np.float64(128.268), 'D_diff_fielded_mm': np.float64(179.161), 't_root_mm': 3.144, 'sigma_root_MCS': 621.206, 'B2': np.float64(0.125), 'blade_ok': True, 'b2_geo_r2': np.float64(0.213), 'inducer_MCS': np.float64(191.927), 'disc_vm_MCS': np.float64(310.487), 'disc_yield_MS': np.float64(1.004), 'burst_MCS': 1.971, 'impeller_FE_mass_kg': np.float64(1.092), 'stress_ok': True}
{'OPR': 3.5, 'rpm': 75000, 'beta2b': -30.0, 'PR_TF': 3.501, 'eta_TF': 0.812, 'converged': True, 'M1s_rel': 1.198, 'M_rel_in_TF': 0.92, 'U2_tool': 489.522, 'D2_tool_mm': 124.656, 'D_diff_tool_mm': 168.285, 'b2_r2_tool': 0.157, 'ATR': 0.75, 'choke_margin_ok': True, 'alpha2_deg': np.float64(68.622), 'U2_fielded': np.float64(527.32), 'D2_fielded_mm': np.float64(134.281), 'D_diff_fielded_mm': np.float64(187.279), 't_root_mm': 4.054, 'sigma_root_MCS': 617.868, 'B2': np.float64(0.159), 'blade_ok': True, 'b2_geo_r2': np.float64(0.188), 'inducer_MCS': np.float64(191.927), 'disc_vm_MCS': np.float64(334.363), 'disc_yield_MS': np.float64(0.861), 'burst_MCS': 1.895, 'impeller_FE_mass_kg': np.float64(1.255), 'stress_ok': True}
{'OPR': 3.5, 'rpm': 85000, 'beta2b': 0.0, 'PR_TF': 3.501, 'eta_TF': 0.773, 'converged': True, 'M1s_rel': 1.324, 'M_rel_in_TF': 1.007, 'U2_tool': 446.134, 'D2_tool_mm': 100.241, 'D_diff_tool_mm': 135.326, 'b2_r2_tool': 0.284, 'ATR': 0.7, 'choke_margin_ok': True, 'alpha2_deg': np.float64(72.117), 'U2_fielded': np.float64(468.913), 'D2_fielded_mm': np.float64(105.36), 'D_diff_fielded_mm': np.float64(148.236), 't_root_mm': 1.6, 'sigma_root_MCS': 0.0, 'B2': np.float64(0.087), 'blade_ok': True, 'b2_geo_r2': np.float64(0.331), 'inducer_MCS': np.float64(238.362), 'disc_vm_MCS': np.float64(285.9), 'disc_yield_MS': np.float64(1.176), 'burst_MCS': 2.05, 'impeller_FE_mass_kg': np.float64(0.661), 'stress_ok': True}
{'OPR': 3.5, 'rpm': 85000, 'beta2b': -10.0, 'PR_TF': 3.502, 'eta_TF': 0.778, 'converged': True, 'M1s_rel': 1.324, 'M_rel_in_TF': 1.007, 'U2_tool': 461.021, 'D2_tool_mm': 103.586, 'D_diff_tool_mm': 139.842, 'b2_r2_tool': 0.251, 'ATR': 0.7, 'choke_margin_ok': True, 'alpha2_deg': np.float64(71.134), 'U2_fielded': np.float64(486.111), 'D2_fielded_mm': np.float64(109.224), 'D_diff_fielded_mm': np.float64(153.452), 't_root_mm': 2.397, 'sigma_root_MCS': 619.524, 'B2': np.float64(0.114), 'blade_ok': True, 'b2_geo_r2': np.float64(0.299), 'inducer_MCS': np.float64(238.362), 'disc_vm_MCS': np.float64(302.986), 'disc_yield_MS': np.float64(1.053), 'burst_MCS': 1.99, 'impeller_FE_mass_kg': np.float64(0.751), 'stress_ok': True}
{'OPR': 3.5, 'rpm': 85000, 'beta2b': -20.0, 'PR_TF': 3.503, 'eta_TF': 0.782, 'converged': True, 'M1s_rel': 1.324, 'M_rel_in_TF': 1.007, 'U2_tool': 478.592, 'D2_tool_mm': 107.535, 'D_diff_tool_mm': 145.172, 'b2_r2_tool': 0.217, 'ATR': 0.7, 'choke_margin_ok': True, 'alpha2_deg': np.float64(70.015), 'U2_fielded': np.float64(505.978), 'D2_fielded_mm': np.float64(113.688), 'D_diff_fielded_mm': np.float64(159.479), 't_root_mm': 4.061, 'sigma_root_MCS': 616.171, 'B2': np.float64(0.174), 'blade_ok': True, 'b2_geo_r2': np.float64(0.276), 'inducer_MCS': np.float64(238.362), 'disc_vm_MCS': np.float64(323.493), 'disc_yield_MS': np.float64(0.923), 'burst_MCS': 1.923, 'impeller_FE_mass_kg': np.float64(0.904), 'stress_ok': True}
{'OPR': 3.5, 'rpm': 85000, 'beta2b': -30.0, 'PR_TF': 3.505, 'eta_TF': 0.785, 'converged': True, 'M1s_rel': 1.324, 'M_rel_in_TF': 1.007, 'U2_tool': 502.128, 'D2_tool_mm': 112.823, 'D_diff_tool_mm': 152.311, 'b2_r2_tool': 0.181, 'ATR': 0.7, 'choke_margin_ok': True, 'alpha2_deg': np.float64(68.622), 'U2_fielded': np.float64(531.837), 'D2_fielded_mm': np.float64(119.498), 'D_diff_fielded_mm': np.float64(167.322), 't_root_mm': 5.368, 'sigma_root_MCS': 619.313, 'B2': np.float64(0.228), 'blade_ok': True, 'b2_geo_r2': np.float64(0.246), 'inducer_MCS': np.float64(238.362), 'disc_vm_MCS': np.float64(350.721), 'disc_yield_MS': np.float64(0.774), 'burst_MCS': 1.845, 'impeller_FE_mass_kg': np.float64(1.066), 'stress_ok': True}
{'OPR': 3.5, 'rpm': 95000, 'beta2b': 0.0, 'PR_TF': 3.493, 'eta_TF': 0.739, 'converged': True, 'M1s_rel': 1.45, 'M_rel_in_TF': 1.097, 'U2_tool': 455.871, 'D2_tool_mm': 91.647, 'D_diff_tool_mm': 123.724, 'b2_r2_tool': 0.326, 'ATR': 0.7, 'choke_margin_ok': True, 'alpha2_deg': np.float64(72.117), 'U2_fielded': np.float64(468.37), 'D2_fielded_mm': np.float64(94.16), 'D_diff_fielded_mm': np.float64(133.116), 't_root_mm': 1.6, 'sigma_root_MCS': 0.0, 'B2': np.float64(0.097), 'blade_ok': True, 'b2_geo_r2': np.float64(0.404), 'inducer_MCS': np.float64(287.728), 'disc_vm_MCS': np.float64(294.404), 'disc_yield_MS': np.float64(1.113), 'burst_MCS': 2.009, 'impeller_FE_mass_kg': np.float64(0.525), 'stress_ok': True}
{'OPR': 3.5, 'rpm': 95000, 'beta2b': -10.0, 'PR_TF': 3.502, 'eta_TF': 0.747, 'converged': True, 'M1s_rel': 1.45, 'M_rel_in_TF': 1.097, 'U2_tool': 471.594, 'D2_tool_mm': 94.808, 'D_diff_tool_mm': 127.991, 'b2_r2_tool': 0.286, 'ATR': 0.7, 'choke_margin_ok': True, 'alpha2_deg': np.float64(71.134), 'U2_fielded': np.float64(487.267), 'D2_fielded_mm': np.float64(97.959), 'D_diff_fielded_mm': np.float64(138.245), 't_root_mm': 2.904, 'sigma_root_MCS': 621.573, 'B2': np.float64(0.147), 'blade_ok': True, 'b2_geo_r2': np.float64(0.37), 'inducer_MCS': np.float64(287.728), 'disc_vm_MCS': np.float64(313.879), 'disc_yield_MS': np.float64(0.982), 'burst_MCS': 1.945, 'impeller_FE_mass_kg': np.float64(0.628), 'stress_ok': True}
{'OPR': 3.5, 'rpm': 95000, 'beta2b': -20.0, 'PR_TF': 3.508, 'eta_TF': 0.753, 'converged': True, 'M1s_rel': 1.45, 'M_rel_in_TF': 1.097, 'U2_tool': 490.88, 'D2_tool_mm': 98.686, 'D_diff_tool_mm': 133.225, 'b2_r2_tool': 0.245, 'ATR': 0.7, 'choke_margin_ok': True, 'alpha2_deg': np.float64(70.015), 'U2_fielded': np.float64(509.051), 'D2_fielded_mm': np.float64(102.338), 'D_diff_fielded_mm': np.float64(144.157), 't_root_mm': 5.21, 'sigma_root_MCS': 619.33, 'B2': np.float64(0.239), 'blade_ok': True, 'b2_geo_r2': np.float64(0.353), 'inducer_MCS': np.float64(287.728), 'disc_vm_MCS': np.float64(337.446), 'disc_yield_MS': np.float64(0.844), 'burst_MCS': 1.875, 'impeller_FE_mass_kg': np.float64(0.8), 'stress_ok': True}
{'OPR': 3.5, 'rpm': 95000, 'beta2b': -30.0, 'PR_TF': 3.515, 'eta_TF': 0.756, 'converged': True, 'M1s_rel': 1.45, 'M_rel_in_TF': 1.097, 'U2_tool': 518.148, 'D2_tool_mm': 104.167, 'D_diff_tool_mm': 140.626, 'b2_r2_tool': 0.199, 'ATR': 0.7, 'choke_margin_ok': True, 'alpha2_deg': np.float64(68.622), 'U2_fielded': np.float64(538.321), 'D2_fielded_mm': np.float64(108.223), 'D_diff_fielded_mm': np.float64(152.101), 't_root_mm': 7.463, 'sigma_root_MCS': 622.843, 'B2': np.float64(0.337), 'blade_ok': True, 'b2_geo_r2': np.float64(0.327), 'inducer_MCS': np.float64(287.728), 'disc_vm_MCS': np.float64(369.808), 'disc_yield_MS': np.float64(0.682), 'burst_MCS': 1.789, 'impeller_FE_mass_kg': np.float64(1.008), 'stress_ok': True}
{'OPR': 4.0, 'rpm': 75000, 'beta2b': 0.0, 'PR_TF': 4.0, 'eta_TF': 0.809, 'converged': True, 'M1s_rel': 1.193, 'M_rel_in_TF': 0.914, 'U2_tool': 463.313, 'D2_tool_mm': 117.982, 'D_diff_tool_mm': 159.275, 'b2_r2_tool': 0.188, 'ATR': 0.75, 'choke_margin_ok': True, 'alpha2_deg': np.float64(72.117), 'U2_fielded': np.float64(498.212), 'D2_fielded_mm': np.float64(126.869), 'D_diff_fielded_mm': np.float64(177.273), 't_root_mm': 1.6, 'sigma_root_MCS': 0.0, 'B2': np.float64(0.072), 'blade_ok': True, 'b2_geo_r2': np.float64(0.211), 'inducer_MCS': np.float64(196.239), 'disc_vm_MCS': np.float64(307.428), 'disc_yield_MS': np.float64(1.024), 'burst_MCS': 1.99, 'impeller_FE_mass_kg': np.float64(0.978), 'stress_ok': True}
{'OPR': 4.0, 'rpm': 75000, 'beta2b': -10.0, 'PR_TF': 4.012, 'eta_TF': 0.814, 'converged': True, 'M1s_rel': 1.193, 'M_rel_in_TF': 0.914, 'U2_tool': 478.734, 'D2_tool_mm': 121.909, 'D_diff_tool_mm': 164.577, 'b2_r2_tool': 0.166, 'ATR': 0.75, 'choke_margin_ok': True, 'alpha2_deg': np.float64(71.134), 'U2_fielded': np.float64(516.174), 'D2_fielded_mm': np.float64(131.443), 'D_diff_fielded_mm': np.float64(183.448), 't_root_mm': 1.694, 'sigma_root_MCS': 620.447, 'B2': np.float64(0.074), 'blade_ok': True, 'b2_geo_r2': np.float64(0.185), 'inducer_MCS': np.float64(196.239), 'disc_vm_MCS': np.float64(325.429), 'disc_yield_MS': np.float64(0.912), 'burst_MCS': 1.931, 'impeller_FE_mass_kg': np.float64(1.058), 'stress_ok': True}
{'OPR': 4.0, 'rpm': 75000, 'beta2b': -20.0, 'PR_TF': 3.987, 'eta_TF': 0.817, 'converged': True, 'M1s_rel': 1.193, 'M_rel_in_TF': 0.914, 'U2_tool': 494.808, 'D2_tool_mm': 126.002, 'D_diff_tool_mm': 170.102, 'b2_r2_tool': 0.146, 'ATR': 0.75, 'choke_margin_ok': True, 'alpha2_deg': np.float64(70.015), 'U2_fielded': np.float64(534.555), 'D2_fielded_mm': np.float64(136.123), 'D_diff_fielded_mm': np.float64(189.766), 't_root_mm': 2.694, 'sigma_root_MCS': 619.057, 'B2': np.float64(0.104), 'blade_ok': True, 'b2_geo_r2': np.float64(0.168), 'inducer_MCS': np.float64(196.239), 'disc_vm_MCS': np.float64(344.299), 'disc_yield_MS': np.float64(0.807), 'burst_MCS': 1.874, 'impeller_FE_mass_kg': np.float64(1.204), 'stress_ok': True}
{'OPR': 4.0, 'rpm': 75000, 'beta2b': -30.0, 'PR_TF': 4.0, 'eta_TF': 0.819, 'converged': True, 'M1s_rel': 1.193, 'M_rel_in_TF': 0.914, 'U2_tool': 518.226, 'D2_tool_mm': 131.965, 'D_diff_tool_mm': 178.153, 'b2_r2_tool': 0.123, 'ATR': 0.75, 'choke_margin_ok': True, 'alpha2_deg': np.float64(68.622), 'U2_fielded': np.float64(560.639), 'D2_fielded_mm': np.float64(142.765), 'D_diff_fielded_mm': np.float64(198.733), 't_root_mm': 3.325, 'sigma_root_MCS': 621.265, 'B2': np.float64(0.127), 'blade_ok': True, 'b2_geo_r2': np.float64(0.144), 'inducer_MCS': np.float64(196.239), 'disc_vm_MCS': np.float64(372.166), 'disc_yield_MS': np.float64(0.672), 'burst_MCS': 1.798, 'impeller_FE_mass_kg': np.float64(1.37), 'stress_ok': True}
{'OPR': 4.0, 'rpm': 85000, 'beta2b': 0.0, 'PR_TF': 4.0, 'eta_TF': 0.786, 'converged': True, 'M1s_rel': 1.319, 'M_rel_in_TF': 1.005, 'U2_tool': 470.267, 'D2_tool_mm': 105.664, 'D_diff_tool_mm': 142.646, 'b2_r2_tool': 0.228, 'ATR': 0.7, 'choke_margin_ok': True, 'alpha2_deg': np.float64(72.117), 'U2_fielded': np.float64(498.223), 'D2_fielded_mm': np.float64(111.945), 'D_diff_fielded_mm': np.float64(157.126), 't_root_mm': 1.6, 'sigma_root_MCS': 0.0, 'B2': np.float64(0.082), 'blade_ok': True, 'b2_geo_r2': np.float64(0.266), 'inducer_MCS': np.float64(240.968), 'disc_vm_MCS': np.float64(317.336), 'disc_yield_MS': np.float64(0.96), 'burst_MCS': 1.951, 'impeller_FE_mass_kg': np.float64(0.745), 'stress_ok': True}
{'OPR': 4.0, 'rpm': 85000, 'beta2b': -10.0, 'PR_TF': 4.001, 'eta_TF': 0.79, 'converged': True, 'M1s_rel': 1.319, 'M_rel_in_TF': 1.005, 'U2_tool': 486.135, 'D2_tool_mm': 109.229, 'D_diff_tool_mm': 147.459, 'b2_r2_tool': 0.2, 'ATR': 0.7, 'choke_margin_ok': True, 'alpha2_deg': np.float64(71.134), 'U2_fielded': np.float64(516.447), 'D2_fielded_mm': np.float64(116.04), 'D_diff_fielded_mm': np.float64(162.654), 't_root_mm': 2.078, 'sigma_root_MCS': 618.516, 'B2': np.float64(0.096), 'blade_ok': True, 'b2_geo_r2': np.float64(0.236), 'inducer_MCS': np.float64(240.968), 'disc_vm_MCS': np.float64(336.191), 'disc_yield_MS': np.float64(0.85), 'burst_MCS': 1.893, 'impeller_FE_mass_kg': np.float64(0.825), 'stress_ok': True}
{'OPR': 4.0, 'rpm': 85000, 'beta2b': -20.0, 'PR_TF': 4.002, 'eta_TF': 0.794, 'converged': True, 'M1s_rel': 1.319, 'M_rel_in_TF': 1.005, 'U2_tool': 504.864, 'D2_tool_mm': 113.438, 'D_diff_tool_mm': 153.141, 'b2_r2_tool': 0.173, 'ATR': 0.7, 'choke_margin_ok': True, 'alpha2_deg': np.float64(70.015), 'U2_fielded': np.float64(537.543), 'D2_fielded_mm': np.float64(120.78), 'D_diff_fielded_mm': np.float64(169.053), 't_root_mm': 3.352, 'sigma_root_MCS': 621.786, 'B2': np.float64(0.14), 'blade_ok': True, 'b2_geo_r2': np.float64(0.213), 'inducer_MCS': np.float64(240.968), 'disc_vm_MCS': np.float64(358.784), 'disc_yield_MS': np.float64(0.734), 'burst_MCS': 1.83, 'impeller_FE_mass_kg': np.float64(0.965), 'stress_ok': True}
{'OPR': 4.0, 'rpm': 85000, 'beta2b': -30.0, 'PR_TF': 4.004, 'eta_TF': 0.795, 'converged': True, 'M1s_rel': 1.319, 'M_rel_in_TF': 1.005, 'U2_tool': 530.223, 'D2_tool_mm': 119.135, 'D_diff_tool_mm': 160.833, 'b2_r2_tool': 0.143, 'ATR': 0.7, 'choke_margin_ok': True, 'alpha2_deg': np.float64(68.622), 'U2_fielded': np.float64(565.212), 'D2_fielded_mm': np.float64(126.997), 'D_diff_fielded_mm': np.float64(177.446), 't_root_mm': 4.234, 'sigma_root_MCS': 621.773, 'B2': np.float64(0.175), 'blade_ok': True, 'b2_geo_r2': np.float64(0.183), 'inducer_MCS': np.float64(240.968), 'disc_vm_MCS': np.float64(389.141), 'disc_yield_MS': np.float64(0.599), 'burst_MCS': 1.754, 'impeller_FE_mass_kg': np.float64(1.115), 'stress_ok': True}
{'OPR': 4.0, 'rpm': 95000, 'beta2b': 0.0, 'PR_TF': 4.003, 'eta_TF': 0.758, 'converged': True, 'M1s_rel': 1.446, 'M_rel_in_TF': 1.096, 'U2_tool': 478.971, 'D2_tool_mm': 96.291, 'D_diff_tool_mm': 129.993, 'b2_r2_tool': 0.264, 'ATR': 0.7, 'choke_margin_ok': True, 'alpha2_deg': np.float64(72.117), 'U2_fielded': np.float64(498.34), 'D2_fielded_mm': np.float64(100.185), 'D_diff_fielded_mm': np.float64(141.25), 't_root_mm': 1.6, 'sigma_root_MCS': 0.0, 'B2': np.float64(0.092), 'blade_ok': True, 'b2_geo_r2': np.float64(0.324), 'inducer_MCS': np.float64(290.816), 'disc_vm_MCS': np.float64(327.356), 'disc_yield_MS': np.float64(0.9), 'burst_MCS': 1.912, 'impeller_FE_mass_kg': np.float64(0.589), 'stress_ok': True}
{'OPR': 4.0, 'rpm': 95000, 'beta2b': -10.0, 'PR_TF': 4.004, 'eta_TF': 0.763, 'converged': True, 'M1s_rel': 1.446, 'M_rel_in_TF': 1.096, 'U2_tool': 496.0, 'D2_tool_mm': 99.715, 'D_diff_tool_mm': 134.615, 'b2_r2_tool': 0.23, 'ATR': 0.7, 'choke_margin_ok': True, 'alpha2_deg': np.float64(71.134), 'U2_fielded': np.float64(517.81), 'D2_fielded_mm': np.float64(104.099), 'D_diff_fielded_mm': np.float64(146.534), 't_root_mm': 2.478, 'sigma_root_MCS': 619.912, 'B2': np.float64(0.122), 'blade_ok': True, 'b2_geo_r2': np.float64(0.29), 'inducer_MCS': np.float64(290.816), 'disc_vm_MCS': np.float64(347.855), 'disc_yield_MS': np.float64(0.788), 'burst_MCS': 1.853, 'impeller_FE_mass_kg': np.float64(0.677), 'stress_ok': True}
{'OPR': 4.0, 'rpm': 95000, 'beta2b': -20.0, 'PR_TF': 4.007, 'eta_TF': 0.767, 'converged': True, 'M1s_rel': 1.446, 'M_rel_in_TF': 1.096, 'U2_tool': 516.682, 'D2_tool_mm': 103.873, 'D_diff_tool_mm': 140.228, 'b2_r2_tool': 0.196, 'ATR': 0.7, 'choke_margin_ok': True, 'alpha2_deg': np.float64(70.015), 'U2_fielded': np.float64(540.727), 'D2_fielded_mm': np.float64(108.707), 'D_diff_fielded_mm': np.float64(152.754), 't_root_mm': 4.133, 'sigma_root_MCS': 621.681, 'B2': np.float64(0.184), 'blade_ok': True, 'b2_geo_r2': np.float64(0.265), 'inducer_MCS': np.float64(290.816), 'disc_vm_MCS': np.float64(373.283), 'disc_yield_MS': np.float64(0.667), 'burst_MCS': 1.788, 'impeller_FE_mass_kg': np.float64(0.819), 'stress_ok': True}
{'OPR': 4.0, 'rpm': 95000, 'beta2b': -30.0, 'PR_TF': 4.013, 'eta_TF': 0.768, 'converged': True, 'M1s_rel': 1.446, 'M_rel_in_TF': 1.096, 'U2_tool': 546.432, 'D2_tool_mm': 109.854, 'D_diff_tool_mm': 148.302, 'b2_r2_tool': 0.157, 'ATR': 0.95, 'choke_margin_ok': False, 'alpha2_deg': np.float64(68.622), 'U2_fielded': np.float64(572.179), 'D2_fielded_mm': np.float64(115.03), 'D_diff_fielded_mm': np.float64(161.29), 't_root_mm': 5.31, 'sigma_root_MCS': 619.166, 'B2': np.float64(0.234), 'blade_ok': True, 'b2_geo_r2': np.float64(0.226), 'inducer_MCS': np.float64(290.816), 'disc_vm_MCS': np.float64(408.891), 'disc_yield_MS': np.float64(0.521), 'burst_MCS': 1.706, 'impeller_FE_mass_kg': np.float64(0.969), 'stress_ok': True}
{'OPR': 4.5, 'rpm': 75000, 'beta2b': 0.0, 'PR_TF': 4.501, 'eta_TF': 0.816, 'converged': True, 'M1s_rel': 1.193, 'M_rel_in_TF': 0.917, 'U2_tool': 484.989, 'D2_tool_mm': 123.501, 'D_diff_tool_mm': 166.727, 'b2_r2_tool': 0.156, 'ATR': 0.75, 'choke_margin_ok': True, 'alpha2_deg': np.float64(72.117), 'U2_fielded': np.float64(523.624), 'D2_fielded_mm': np.float64(133.34), 'D_diff_fielded_mm': np.float64(186.009), 't_root_mm': 1.6, 'sigma_root_MCS': 0.0, 'B2': np.float64(0.069), 'blade_ok': True, 'b2_geo_r2': np.float64(0.176), 'inducer_MCS': np.float64(198.211), 'disc_vm_MCS': np.float64(335.394), 'disc_yield_MS': np.float64(0.855), 'burst_MCS': 1.907, 'impeller_FE_mass_kg': np.float64(1.087), 'stress_ok': True}
{'OPR': 4.5, 'rpm': 75000, 'beta2b': -10.0, 'PR_TF': 4.5, 'eta_TF': 0.82, 'converged': True, 'M1s_rel': 1.193, 'M_rel_in_TF': 0.917, 'U2_tool': 500.67, 'D2_tool_mm': 127.495, 'D_diff_tool_mm': 172.118, 'b2_r2_tool': 0.137, 'ATR': 0.75, 'choke_margin_ok': True, 'alpha2_deg': np.float64(71.134), 'U2_fielded': np.float64(541.84), 'D2_fielded_mm': np.float64(137.978), 'D_diff_fielded_mm': np.float64(192.271), 't_root_mm': 1.6, 'sigma_root_MCS': 586.534, 'B2': np.float64(0.067), 'blade_ok': True, 'b2_geo_r2': np.float64(0.154), 'inducer_MCS': np.float64(198.211), 'disc_vm_MCS': np.float64(354.268), 'disc_yield_MS': np.float64(0.756), 'burst_MCS': 1.852, 'impeller_FE_mass_kg': np.float64(1.169), 'stress_ok': True}
{'OPR': 4.5, 'rpm': 75000, 'beta2b': -20.0, 'PR_TF': 4.509, 'eta_TF': 0.823, 'converged': True, 'M1s_rel': 1.193, 'M_rel_in_TF': 0.917, 'U2_tool': 519.364, 'D2_tool_mm': 132.255, 'D_diff_tool_mm': 178.544, 'b2_r2_tool': 0.119, 'ATR': 0.75, 'choke_margin_ok': True, 'alpha2_deg': np.float64(70.015), 'U2_fielded': np.float64(563.146), 'D2_fielded_mm': np.float64(143.404), 'D_diff_fielded_mm': np.float64(199.595), 't_root_mm': 2.37, 'sigma_root_MCS': 617.079, 'B2': np.float64(0.09), 'blade_ok': True, 'b2_geo_r2': np.float64(0.137), 'inducer_MCS': np.float64(198.211), 'disc_vm_MCS': np.float64(377.125), 'disc_yield_MS': np.float64(0.65), 'burst_MCS': 1.792, 'impeller_FE_mass_kg': np.float64(1.322), 'stress_ok': True}
{'OPR': 4.5, 'rpm': 75000, 'beta2b': -30.0, 'PR_TF': 4.5, 'eta_TF': 0.824, 'converged': True, 'M1s_rel': 1.193, 'M_rel_in_TF': 0.917, 'U2_tool': 543.366, 'D2_tool_mm': 138.367, 'D_diff_tool_mm': 186.795, 'b2_r2_tool': 0.1, 'ATR': 0.75, 'choke_margin_ok': True, 'alpha2_deg': np.float64(68.622), 'U2_fielded': np.float64(589.571), 'D2_fielded_mm': np.float64(150.133), 'D_diff_fielded_mm': np.float64(208.68), 't_root_mm': 2.882, 'sigma_root_MCS': 618.918, 'B2': np.float64(0.108), 'blade_ok': True, 'b2_geo_r2': np.float64(0.117), 'inducer_MCS': np.float64(198.211), 'disc_vm_MCS': np.float64(406.89), 'disc_yield_MS': np.float64(0.529), 'burst_MCS': 1.721, 'impeller_FE_mass_kg': np.float64(1.492), 'stress_ok': True}
{'OPR': 4.5, 'rpm': 85000, 'beta2b': 0.0, 'PR_TF': 4.483, 'eta_TF': 0.793, 'converged': True, 'M1s_rel': 1.318, 'M_rel_in_TF': 1.003, 'U2_tool': 491.235, 'D2_tool_mm': 110.375, 'D_diff_tool_mm': 149.006, 'b2_r2_tool': 0.19, 'ATR': 0.7, 'choke_margin_ok': True, 'alpha2_deg': np.float64(72.117), 'U2_fielded': np.float64(522.805), 'D2_fielded_mm': np.float64(117.469), 'D_diff_fielded_mm': np.float64(164.583), 't_root_mm': 1.6, 'sigma_root_MCS': 0.0, 'B2': np.float64(0.078), 'blade_ok': True, 'b2_geo_r2': np.float64(0.224), 'inducer_MCS': np.float64(246.119), 'disc_vm_MCS': np.float64(345.241), 'disc_yield_MS': np.float64(0.802), 'burst_MCS': 1.874, 'impeller_FE_mass_kg': np.float64(0.823), 'stress_ok': True}
{'OPR': 4.5, 'rpm': 85000, 'beta2b': -10.0, 'PR_TF': 4.5, 'eta_TF': 0.797, 'converged': True, 'M1s_rel': 1.318, 'M_rel_in_TF': 1.003, 'U2_tool': 508.701, 'D2_tool_mm': 114.3, 'D_diff_tool_mm': 154.305, 'b2_r2_tool': 0.165, 'ATR': 0.7, 'choke_margin_ok': True, 'alpha2_deg': np.float64(71.134), 'U2_fielded': np.float64(542.801), 'D2_fielded_mm': np.float64(121.962), 'D_diff_fielded_mm': np.float64(170.648), 't_root_mm': 1.863, 'sigma_root_MCS': 618.813, 'B2': np.float64(0.085), 'blade_ok': True, 'b2_geo_r2': np.float64(0.195), 'inducer_MCS': np.float64(246.119), 'disc_vm_MCS': np.float64(366.574), 'disc_yield_MS': np.float64(0.697), 'burst_MCS': 1.816, 'impeller_FE_mass_kg': np.float64(0.903), 'stress_ok': True}
{'OPR': 4.5, 'rpm': 85000, 'beta2b': -20.0, 'PR_TF': 4.501, 'eta_TF': 0.8, 'converged': True, 'M1s_rel': 1.318, 'M_rel_in_TF': 1.003, 'U2_tool': 528.598, 'D2_tool_mm': 118.77, 'D_diff_tool_mm': 160.34, 'b2_r2_tool': 0.142, 'ATR': 0.7, 'choke_margin_ok': True, 'alpha2_deg': np.float64(70.015), 'U2_fielded': np.float64(565.095), 'D2_fielded_mm': np.float64(126.971), 'D_diff_fielded_mm': np.float64(177.411), 't_root_mm': 2.934, 'sigma_root_MCS': 620.251, 'B2': np.float64(0.12), 'blade_ok': True, 'b2_geo_r2': np.float64(0.174), 'inducer_MCS': np.float64(246.119), 'disc_vm_MCS': np.float64(391.008), 'disc_yield_MS': np.float64(0.591), 'burst_MCS': 1.755, 'impeller_FE_mass_kg': np.float64(1.044), 'stress_ok': True}
{'OPR': 4.5, 'rpm': 85000, 'beta2b': -30.0, 'PR_TF': 4.504, 'eta_TF': 0.801, 'converged': True, 'M1s_rel': 1.318, 'M_rel_in_TF': 1.003, 'U2_tool': 556.048, 'D2_tool_mm': 124.938, 'D_diff_tool_mm': 168.666, 'b2_r2_tool': 0.116, 'ATR': 0.7, 'choke_margin_ok': True, 'alpha2_deg': np.float64(68.622), 'U2_fielded': np.float64(594.699), 'D2_fielded_mm': np.float64(133.622), 'D_diff_fielded_mm': np.float64(186.39), 't_root_mm': 3.587, 'sigma_root_MCS': 621.957, 'B2': np.float64(0.145), 'blade_ok': True, 'b2_geo_r2': np.float64(0.146), 'inducer_MCS': np.float64(246.119), 'disc_vm_MCS': np.float64(424.86), 'disc_yield_MS': np.float64(0.464), 'burst_MCS': 1.681, 'impeller_FE_mass_kg': np.float64(1.195), 'stress_ok': True}
{'OPR': 4.5, 'rpm': 95000, 'beta2b': 0.0, 'PR_TF': 4.502, 'eta_TF': 0.767, 'converged': True, 'M1s_rel': 1.444, 'M_rel_in_TF': 1.093, 'U2_tool': 500.138, 'D2_tool_mm': 100.547, 'D_diff_tool_mm': 135.738, 'b2_r2_tool': 0.22, 'ATR': 0.7, 'choke_margin_ok': True, 'alpha2_deg': np.float64(72.117), 'U2_fielded': np.float64(523.694), 'D2_fielded_mm': np.float64(105.282), 'D_diff_fielded_mm': np.float64(148.131), 't_root_mm': 1.6, 'sigma_root_MCS': 0.0, 'B2': np.float64(0.087), 'blade_ok': True, 'b2_geo_r2': np.float64(0.271), 'inducer_MCS': np.float64(297.033), 'disc_vm_MCS': np.float64(356.387), 'disc_yield_MS': np.float64(0.746), 'burst_MCS': 1.836, 'impeller_FE_mass_kg': np.float64(0.651), 'stress_ok': True}
{'OPR': 4.5, 'rpm': 95000, 'beta2b': -10.0, 'PR_TF': 4.504, 'eta_TF': 0.772, 'converged': True, 'M1s_rel': 1.444, 'M_rel_in_TF': 1.093, 'U2_tool': 518.27, 'D2_tool_mm': 104.192, 'D_diff_tool_mm': 140.659, 'b2_r2_tool': 0.191, 'ATR': 0.7, 'choke_margin_ok': True, 'alpha2_deg': np.float64(71.134), 'U2_fielded': np.float64(544.174), 'D2_fielded_mm': np.float64(109.4), 'D_diff_fielded_mm': np.float64(153.689), 't_root_mm': 2.209, 'sigma_root_MCS': 618.682, 'B2': np.float64(0.107), 'blade_ok': True, 'b2_geo_r2': np.float64(0.239), 'inducer_MCS': np.float64(297.033), 'disc_vm_MCS': np.float64(378.952), 'disc_yield_MS': np.float64(0.642), 'burst_MCS': 1.779, 'impeller_FE_mass_kg': np.float64(0.732), 'stress_ok': True}
{'OPR': 4.5, 'rpm': 95000, 'beta2b': -20.0, 'PR_TF': 4.506, 'eta_TF': 0.775, 'converged': True, 'M1s_rel': 1.444, 'M_rel_in_TF': 1.093, 'U2_tool': 540.379, 'D2_tool_mm': 108.637, 'D_diff_tool_mm': 146.659, 'b2_r2_tool': 0.161, 'ATR': 0.7, 'choke_margin_ok': True, 'alpha2_deg': np.float64(70.015), 'U2_fielded': np.float64(568.433), 'D2_fielded_mm': np.float64(114.277), 'D_diff_fielded_mm': np.float64(160.273), 't_root_mm': 3.542, 'sigma_root_MCS': 622.624, 'B2': np.float64(0.154), 'blade_ok': True, 'b2_geo_r2': np.float64(0.213), 'inducer_MCS': np.float64(297.033), 'disc_vm_MCS': np.float64(406.667), 'disc_yield_MS': np.float64(0.53), 'burst_MCS': 1.716, 'impeller_FE_mass_kg': np.float64(0.866), 'stress_ok': True}
{'OPR': 4.5, 'rpm': 95000, 'beta2b': -30.0, 'PR_TF': 4.51, 'eta_TF': 0.773, 'converged': True, 'M1s_rel': 1.444, 'M_rel_in_TF': 1.093, 'U2_tool': 573.293, 'D2_tool_mm': 115.253, 'D_diff_tool_mm': 155.592, 'b2_r2_tool': 0.127, 'ATR': 0.95, 'choke_margin_ok': False, 'alpha2_deg': np.float64(68.622), 'U2_fielded': np.float64(602.543), 'D2_fielded_mm': np.float64(121.134), 'D_diff_fielded_mm': np.float64(169.531), 't_root_mm': 4.305, 'sigma_root_MCS': 621.532, 'B2': np.float64(0.186), 'blade_ok': True, 'b2_geo_r2': np.float64(0.175), 'inducer_MCS': np.float64(297.033), 'disc_vm_MCS': np.float64(446.688), 'disc_yield_MS': np.float64(0.393), 'burst_MCS': 1.634, 'impeller_FE_mass_kg': np.float64(1.007), 'stress_ok': True}
 OPR   rpm  beta2b  eta_TF  PR_TF  M1s_rel  alpha2_deg  U2_tool  U2_fielded  D_diff_fielded_mm  t_root_mm    B2  sigma_root_MCS  disc_vm_MCS  burst_MCS  stress_ok  choke_margin_ok
 3.5 75000     0.0   0.801  3.505    1.198      72.117  438.590     469.162            167.286      1.600 0.077           0.000      276.746      2.093       True             True
 3.5 75000   -10.0   0.805  3.483    1.198      71.134  451.348     484.032            172.398      1.959 0.087         618.665      291.042      2.039       True             True
 3.5 75000   -20.0   0.809  3.500    1.198      70.015  468.454     503.706            179.161      3.144 0.125         621.206      310.487      1.971       True             True
 3.5 75000   -30.0   0.812  3.501    1.198      68.622  489.522     527.320            187.279      4.054 0.159         617.868      334.363      1.895       True             True
 3.5 85000     0.0   0.773  3.501    1.324      72.117  446.134     468.913            148.236      1.600 0.087           0.000      285.900      2.050       True             True
 3.5 85000   -10.0   0.778  3.502    1.324      71.134  461.021     486.111            153.452      2.397 0.114         619.524      302.986      1.990       True             True
 3.5 85000   -20.0   0.782  3.503    1.324      70.015  478.592     505.978            159.479      4.061 0.174         616.171      323.493      1.923       True             True
 3.5 85000   -30.0   0.785  3.505    1.324      68.622  502.128     531.837            167.322      5.368 0.228         619.313      350.721      1.845       True             True
 3.5 95000     0.0   0.739  3.493    1.450      72.117  455.871     468.370            133.116      1.600 0.097           0.000      294.404      2.009       True             True
 3.5 95000   -10.0   0.747  3.502    1.450      71.134  471.594     487.267            138.245      2.904 0.147         621.573      313.879      1.945       True             True
 3.5 95000   -20.0   0.753  3.508    1.450      70.015  490.880     509.051            144.157      5.210 0.239         619.330      337.446      1.875       True             True
 3.5 95000   -30.0   0.756  3.515    1.450      68.622  518.148     538.321            152.101      7.463 0.337         622.843      369.808      1.789       True             True
 4.0 75000     0.0   0.809  4.000    1.193      72.117  463.313     498.212            177.273      1.600 0.072           0.000      307.428      1.990       True             True
 4.0 75000   -10.0   0.814  4.012    1.193      71.134  478.734     516.174            183.448      1.694 0.074         620.447      325.429      1.931       True             True
 4.0 75000   -20.0   0.817  3.987    1.193      70.015  494.808     534.555            189.766      2.694 0.104         619.057      344.299      1.874       True             True
 4.0 75000   -30.0   0.819  4.000    1.193      68.622  518.226     560.639            198.733      3.325 0.127         621.265      372.166      1.798       True             True
 4.0 85000     0.0   0.786  4.000    1.319      72.117  470.267     498.223            157.126      1.600 0.082           0.000      317.336      1.951       True             True
 4.0 85000   -10.0   0.790  4.001    1.319      71.134  486.135     516.447            162.654      2.078 0.096         618.516      336.191      1.893       True             True
 4.0 85000   -20.0   0.794  4.002    1.319      70.015  504.864     537.543            169.053      3.352 0.140         621.786      358.784      1.830       True             True
 4.0 85000   -30.0   0.795  4.004    1.319      68.622  530.223     565.212            177.446      4.234 0.175         621.773      389.141      1.754       True             True
 4.0 95000     0.0   0.758  4.003    1.446      72.117  478.971     498.340            141.250      1.600 0.092           0.000      327.356      1.912       True             True
 4.0 95000   -10.0   0.763  4.004    1.446      71.134  496.000     517.810            146.534      2.478 0.122         619.912      347.855      1.853       True             True
 4.0 95000   -20.0   0.767  4.007    1.446      70.015  516.682     540.727            152.754      4.133 0.184         621.681      373.283      1.788       True             True
 4.0 95000   -30.0   0.768  4.013    1.446      68.622  546.432     572.179            161.290      5.310 0.234         619.166      408.891      1.706       True            False
 4.5 75000     0.0   0.816  4.501    1.193      72.117  484.989     523.624            186.009      1.600 0.069           0.000      335.394      1.907       True             True
 4.5 75000   -10.0   0.820  4.500    1.193      71.134  500.670     541.840            192.271      1.600 0.067         586.534      354.268      1.852       True             True
 4.5 75000   -20.0   0.823  4.509    1.193      70.015  519.364     563.146            199.595      2.370 0.090         617.079      377.125      1.792       True             True
 4.5 75000   -30.0   0.824  4.500    1.193      68.622  543.366     589.571            208.680      2.882 0.108         618.918      406.890      1.721       True             True
 4.5 85000     0.0   0.793  4.483    1.318      72.117  491.235     522.805            164.583      1.600 0.078           0.000      345.241      1.874       True             True
 4.5 85000   -10.0   0.797  4.500    1.318      71.134  508.701     542.801            170.648      1.863 0.085         618.813      366.574      1.816       True             True
 4.5 85000   -20.0   0.800  4.501    1.318      70.015  528.598     565.095            177.411      2.934 0.120         620.251      391.008      1.755       True             True
 4.5 85000   -30.0   0.801  4.504    1.318      68.622  556.048     594.699            186.390      3.587 0.145         621.957      424.860      1.681       True             True
 4.5 95000     0.0   0.767  4.502    1.444      72.117  500.138     523.694            148.131      1.600 0.087           0.000      356.387      1.836       True             True
 4.5 95000   -10.0   0.772  4.504    1.444      71.134  518.270     544.174            153.689      2.209 0.107         618.682      378.952      1.779       True             True
 4.5 95000   -20.0   0.775  4.506    1.444      70.015  540.379     568.433            160.273      3.542 0.154         622.624      406.667      1.716       True             True
 4.5 95000   -30.0   0.773  4.510    1.444      68.622  573.293     602.543            169.531      4.305 0.186         621.532      446.688      1.634       True            False
