+  +  |  LS: AG 1 ; 4259.09765 1
+  +  |  LS: AG 2 ; 11.1373566 0.5
+  +  |  LS: AG 1 ; 469.274126 1
+  +  |  LS: AG 2 ; 5.57177472 0.5
+  +  |  LS: AG 1 ; 93.7912197 1
+  +  |  LS: AG 2 ; 2.78570611 0.5
+  +  |  LS: AG 1 ; 36.5383902 1
+  +  |  LS: AG 2 ; 1.39283983 0.5
+  +  |  LS: AG 1 ; 10.4760098 1
+  +  |  LS: AG 2 ; 0.696415884 0.5
+  +  |  LS: AG 1 ; 2.9227207 1
+  +  |  LS: AG 2 ; 0.348205578 0.5
+  +  |  LS: AG 1 ; 2.92276439 1
+  +  |  LS: AG 2 ; 0.174105251 0.5
  [ce75000_opr4.5_t1150_b0_cap] it0: W 1.1171  eta_c 0.780->0.813  eta_t 0.880->0.930  rpm 75000
+  +  |  LS: AG 1 ; 4259.09765 1
+  +  |  LS: AG 2 ; 11.1373566 0.5
+  +  |  LS: AG 1 ; 469.274126 1
+  +  |  LS: AG 2 ; 5.57177472 0.5
+  +  |  LS: AG 1 ; 93.7912197 1
+  +  |  LS: AG 2 ; 2.78570611 0.5
+  +  |  LS: AG 1 ; 36.5383902 1
+  +  |  LS: AG 2 ; 1.39283983 0.5
+  +  |  LS: AG 1 ; 10.4760098 1
+  +  |  LS: AG 2 ; 0.696415884 0.5
+  +  |  LS: AG 1 ; 2.9227207 1
+  +  |  LS: AG 2 ; 0.348205578 0.5
+  +  |  LS: AG 1 ; 2.92276439 1
+  +  |  LS: AG 2 ; 0.174105251 0.5
  [ce75000_opr4.5_t1150_b0_cap] it1: W 1.0694  eta_c 0.813->0.817  eta_t 0.930->0.933  rpm 75000
+  +  |  LS: AG 1 ; 4259.09765 1
+  +  |  LS: AG 2 ; 11.1373566 0.5
+  +  |  LS: AG 1 ; 469.274126 1
+  +  |  LS: AG 2 ; 5.57177472 0.5
+  +  |  LS: AG 1 ; 93.7912197 1
+  +  |  LS: AG 2 ; 2.78570611 0.5
+  +  |  LS: AG 1 ; 36.5383902 1
+  +  |  LS: AG 2 ; 1.39283983 0.5
+  +  |  LS: AG 1 ; 10.4760098 1
+  +  |  LS: AG 2 ; 0.696415884 0.5
+  +  |  LS: AG 1 ; 2.9227207 1
+  +  |  LS: AG 2 ; 0.348205578 0.5
+  +  |  LS: AG 1 ; 2.92276439 1
+  +  |  LS: AG 2 ; 0.174105251 0.5
  [ce75000_opr4.5_t1150_b0_cap] it2: W 1.0661  eta_c 0.817->0.817  eta_t 0.933->0.933  rpm 75000
+  +  |  LS: AG 1 ; 4259.09765 1
+  +  |  LS: AG 2 ; 11.1373566 0.5
+  +  |  LS: AG 1 ; 469.274126 1
+  +  |  LS: AG 2 ; 5.57177472 0.5
+  +  |  LS: AG 1 ; 93.7912197 1
+  +  |  LS: AG 2 ; 2.78570611 0.5
+  +  |  LS: AG 1 ; 36.5383902 1
+  +  |  LS: AG 2 ; 1.39283983 0.5
+  +  |  LS: AG 1 ; 10.4760098 1
+  +  |  LS: AG 2 ; 0.696415884 0.5
+  +  |  LS: AG 1 ; 2.9227207 1
+  +  |  LS: AG 2 ; 0.348205578 0.5
+  +  |  LS: AG 1 ; 2.92276439 1
+  +  |  LS: AG 2 ; 0.174105251 0.5
+  +  |  LS: AG 1 ; 4259.09765 1
+  +  |  LS: AG 2 ; 11.1373566 0.5
+  +  |  LS: AG 1 ; 469.274126 1
+  +  |  LS: AG 2 ; 5.57177472 0.5
+  +  |  LS: AG 1 ; 93.7912197 1
+  +  |  LS: AG 2 ; 2.78570611 0.5
+  +  |  LS: AG 1 ; 36.5383902 1
+  +  |  LS: AG 2 ; 1.39283983 0.5
+  +  |  LS: AG 1 ; 10.4760098 1
+  +  |  LS: AG 2 ; 0.696415884 0.5
+  +  |  LS: AG 1 ; 2.9227207 1
+  +  |  LS: AG 2 ; 0.348205578 0.5
+  +  |  LS: AG 1 ; 2.92276439 1
+  +  |  LS: AG 2 ; 0.174105251 0.5
+  +  |  LS: AG 1 ; 4259.09765 1
+  +  |  LS: AG 2 ; 11.1373566 0.5
+  +  |  LS: AG 1 ; 469.274126 1
+  +  |  LS: AG 2 ; 5.57177472 0.5
+  +  |  LS: AG 1 ; 93.7912197 1
+  +  |  LS: AG 2 ; 2.78570611 0.5
+  +  |  LS: AG 1 ; 36.5383902 1
+  +  |  LS: AG 2 ; 1.39283983 0.5
+  +  |  LS: AG 1 ; 10.4760098 1
+  +  |  LS: AG 2 ; 0.696415884 0.5
+  +  |  LS: AG 1 ; 2.9227207 1
+  +  |  LS: AG 2 ; 0.348205578 0.5
+  +  |  LS: AG 1 ; 2.92276439 1
+  +  |  LS: AG 2 ; 0.174105251 0.5
+  +  |  LS: AG 1 ; 4259.09765 1
+  +  |  LS: AG 2 ; 11.1373566 0.5
+  +  |  LS: AG 1 ; 469.274126 1
+  +  |  LS: AG 2 ; 5.57177472 0.5
+  +  |  LS: AG 1 ; 93.7912197 1
+  +  |  LS: AG 2 ; 2.78570611 0.5
+  +  |  LS: AG 1 ; 36.5383902 1
+  +  |  LS: AG 2 ; 1.39283983 0.5
+  +  |  LS: AG 1 ; 10.4760098 1
+  +  |  LS: AG 2 ; 0.696415884 0.5
+  +  |  LS: AG 1 ; 2.9227207 1
+  +  |  LS: AG 2 ; 0.348205578 0.5
+  +  |  LS: AG 1 ; 2.92276439 1
+  +  |  LS: AG 2 ; 0.174105251 0.5
DESIGN.turb.out_stat.ps_resid [-0.8642529] [286.94152466] [2500.]
DESIGN.nozz.staticMN.ps_resid [-1.0551066] [286.97702775] [2500.]
DESIGN.turb.out_stat.ps_resid [-0.8642529] [286.94152466] [2500.]
DESIGN.nozz.staticMN.ps_resid [-1.0551066] [286.97702775] [2500.]
DESIGN.turb.out_stat.ps_resid [-0.71619141] [286.9473818] [2500.]
DESIGN.nozz.staticMN.ps_resid [-0.89346494] [286.98049106] [2500.]
DESIGN.turb.out_stat.ps_resid [-0.71619141] [286.9473818] [2500.]
DESIGN.nozz.staticMN.ps_resid [-0.89346494] [286.98049106] [2500.]
DESIGN.turb.out_stat.ps_resid [-0.73806561] [286.94651648] [2500.]
DESIGN.nozz.staticMN.ps_resid [-0.91734544] [286.9799794] [2500.]
DESIGN.turb.out_stat.ps_resid [-0.73806561] [286.94651648] [2500.]
DESIGN.nozz.staticMN.ps_resid [-0.91734544] [286.9799794] [2500.]
DESIGN.turb.out_stat.ps_resid [-0.86437231] [286.94151826] [2500.]
DESIGN.nozz.staticMN.ps_resid [-1.05523705] [286.97702406] [2500.]
DESIGN.turb.out_stat.ps_resid [-0.86437231] [286.94151826] [2500.]
DESIGN.nozz.staticMN.ps_resid [-1.05523705] [286.97702406] [2500.]
DESIGN.turb.out_stat.ps_resid [-0.72443062] [286.94705429] [2500.]
DESIGN.nozz.staticMN.ps_resid [-0.90245993] [286.98029749] [2500.]
DESIGN.turb.out_stat.ps_resid [-0.72443062] [286.94705429] [2500.]
DESIGN.nozz.staticMN.ps_resid [-0.90245993] [286.98029749] [2500.]
DESIGN.turb.out_stat.ps_resid [-0.745144] [286.94623488] [2500.]
DESIGN.nozz.staticMN.ps_resid [-0.92507313] [286.97981297] [2500.]
DESIGN.turb.out_stat.ps_resid [-0.745144] [286.94623488] [2500.]
DESIGN.nozz.staticMN.ps_resid [-0.92507313] [286.97981297] [2500.]
+  +  |  LS: AG 1 ; 4259.09765 1
+  +  |  LS: AG 2 ; 11.1373566 0.5
+  +  |  LS: AG 1 ; 469.274126 1
+  +  |  LS: AG 2 ; 5.57177472 0.5
+  +  |  LS: AG 1 ; 93.7912197 1
+  +  |  LS: AG 2 ; 2.78570611 0.5
+  +  |  LS: AG 1 ; 36.5383902 1
+  +  |  LS: AG 2 ; 1.39283983 0.5
+  +  |  LS: AG 1 ; 10.4760098 1
+  +  |  LS: AG 2 ; 0.696415884 0.5
+  +  |  LS: AG 1 ; 2.9227207 1
+  +  |  LS: AG 2 ; 0.348205578 0.5
+  +  |  LS: AG 1 ; 2.92276439 1
+  +  |  LS: AG 2 ; 0.174105251 0.5
DESIGN.turb.out_stat.ps_resid [-0.8642529] [286.94152466] [2500.]
DESIGN.nozz.staticMN.ps_resid [-1.0551066] [286.97702775] [2500.]
DESIGN.turb.out_stat.ps_resid [-0.8642529] [286.94152466] [2500.]
DESIGN.nozz.staticMN.ps_resid [-1.0551066] [286.97702775] [2500.]
DESIGN.turb.out_stat.ps_resid [-0.71619141] [286.9473818] [2500.]
DESIGN.nozz.staticMN.ps_resid [-0.89346494] [286.98049106] [2500.]
DESIGN.turb.out_stat.ps_resid [-0.71619141] [286.9473818] [2500.]
DESIGN.nozz.staticMN.ps_resid [-0.89346494] [286.98049106] [2500.]
DESIGN.turb.out_stat.ps_resid [-0.73806561] [286.94651648] [2500.]
DESIGN.nozz.staticMN.ps_resid [-0.91734544] [286.9799794] [2500.]
DESIGN.turb.out_stat.ps_resid [-0.73806561] [286.94651648] [2500.]
DESIGN.nozz.staticMN.ps_resid [-0.91734544] [286.9799794] [2500.]
DESIGN.turb.out_stat.ps_resid [-0.86437231] [286.94151826] [2500.]
DESIGN.nozz.staticMN.ps_resid [-1.05523705] [286.97702406] [2500.]
DESIGN.turb.out_stat.ps_resid [-0.86437231] [286.94151826] [2500.]
DESIGN.nozz.staticMN.ps_resid [-1.05523705] [286.97702406] [2500.]
DESIGN.turb.out_stat.ps_resid [-0.72443062] [286.94705429] [2500.]
DESIGN.nozz.staticMN.ps_resid [-0.90245993] [286.98029749] [2500.]
DESIGN.turb.out_stat.ps_resid [-0.72443062] [286.94705429] [2500.]
DESIGN.nozz.staticMN.ps_resid [-0.90245993] [286.98029749] [2500.]
DESIGN.turb.out_stat.ps_resid [-0.745144] [286.94623488] [2500.]
DESIGN.nozz.staticMN.ps_resid [-0.92507313] [286.97981297] [2500.]
DESIGN.turb.out_stat.ps_resid [-0.745144] [286.94623488] [2500.]
DESIGN.nozz.staticMN.ps_resid [-0.92507313] [286.97981297] [2500.]
ce75000_opr4.5_t1150_b0_cap: fielded D 194 mm, m 7.49 kg, margin +47 / +20 %, worst +nan %, stress ok True
