compressor map: design PR 4.009 (cycle OPR 4.0), design R-line 2.144, design SMN to peak 28.2 %
+  +  |  LS: AG 1 ; 4259.09765 1
+  +  |  LS: AG 2 ; 11.1373566 0.5
+  +  |  LS: AG 1 ; 469.274126 1
+  +  |  LS: AG 2 ; 5.57177472 0.5
+  +  |  LS: AG 1 ; 93.7912197 1
+  +  |  LS: AG 2 ; 2.78570611 0.5
+  +  |  LS: AG 1 ; 36.5383902 1
+  +  |  LS: AG 2 ; 1.39283983 0.5
+  +  |  LS: AG 1 ; 10.4760098 1
+  +  |  LS: AG 2 ; 0.696415884 0.5
+  +  |  LS: AG 1 ; 2.9227207 1
+  +  |  LS: AG 2 ; 0.348205578 0.5
+  +  |  LS: AG 1 ; 2.92276439 1
+  +  |  LS: AG 2 ; 0.174105251 0.5
+  +  |  LS: AG 1 ; 165556944 1
+  +  |  LS: AG 2 ; 4.58213362 0.5
+  +  |  LS: AG 1 ; 30880633.9 1
+  +  |  LS: AG 2 ; 2.29786962 0.5
+  +  |  LS: AG 1 ; 1416849.13 1
+  +  |  LS: AG 2 ; 1.14910962 0.5
+  +  |  LS: AG 1 ; 1375.86072 1
+  +  |  LS: AG 2 ; 0.575651331 0.5
+  +  |  LS: AG 1 ; 363.546639 1
+  +  |  LS: AG 2 ; 0.287850228 0.5
+  +  |  LS: AG 1 ; 99.7690556 1
+  +  |  LS: AG 2 ; 0.14393526 0.5
+  +  |  LS: AG 1 ; 30.4620975 1
+  +  |  LS: AG 2 ; 0.07196763 0.5
+  +  |  LS: AG 1 ; 6.93747655 1
+  +  |  LS: AG 2 ; 0.035983815 0.5
+  +  |  LS: AG 1 ; 1.65877774 1
+  +  |  LS: AG 2 ; 0.0179919075 0.5
+  +  |  LS: AG 1 ; 0.405754946 1
+  +  |  LS: AG 2 ; 0.00899595375 0.5
+  +  |  LS: AG 1 ; 0.10035138 1
+  +  |  LS: AG 2 ; 0.0255705177 0.5
+  +  |  LS: AG 1 ; 0.0249706579 1
+  +  |  LS: AG 2 ; 0.0189727699 0.5
  SLS N 100.0%: conv True Fn   680.9 W 1.367 PR 4.359 T4 1181.7 EGT   731 C Rline 2.179 Nc 1.035 SMN +0.221 NPR 1.58
  SLS N  95.0%: conv True Fn   549.9 W 1.258 PR 3.882 T4 1104.9 EGT   669 C Rline 1.964 Nc 0.984 SMN +0.236 NPR 1.45
  SLS N  90.0%: conv True Fn   444.5 W 1.155 PR 3.463 T4 1038.7 EGT   618 C Rline 1.812 Nc 0.932 SMN +0.224 NPR 1.36
  SLS N  85.0%: conv True Fn   358.7 W 1.054 PR 3.096 T4  986.2 EGT   580 C Rline 1.720 Nc 0.880 SMN +0.264 NPR 1.28
  SLS N  80.0%: conv True Fn   286.8 W 0.955 PR 2.776 T4  942.1 EGT   550 C Rline 1.604 Nc 0.828 SMN +0.267 NPR 1.22
  SLS N  75.0%: conv True Fn   231.5 W 0.866 PR 2.503 T4  906.8 EGT   528 C Rline 1.510 Nc 0.777 SMN +0.246 NPR 1.17
  SLS N  70.0%: conv True Fn   185.9 W 0.781 PR 2.259 T4  876.9 EGT   511 C Rline 1.485 Nc 0.725 SMN +0.252 NPR 1.14
  SLS N  65.0%: conv True Fn   144.6 W 0.692 PR 2.048 T4  852.9 EGT   499 C Rline 1.422 Nc 0.673 SMN +0.239 NPR 1.11
  SLS N  60.0%: conv True Fn   112.1 W 0.610 PR 1.863 T4  835.1 EGT   493 C Rline 1.364 Nc 0.621 SMN +0.227 NPR 1.08
  SLS N  55.0%: conv True Fn    86.8 W 0.536 PR 1.704 T4  823.9 EGT   493 C Rline 1.330 Nc 0.569 SMN +0.223 NPR 1.06
  SLS N  50.0%: conv True Fn    63.4 W 0.451 PR 1.567 T4  833.5 EGT   512 C Rline 1.252 Nc 0.518 SMN +0.182 NPR 1.05
  SLS N  45.0%: conv True Fn    46.7 W 0.383 PR 1.450 T4  840.0 EGT   528 C Rline 1.179 Nc 0.466 SMN +0.132 NPR 1.03
  SLS N  40.0%: conv True Fn    37.1 W 0.326 PR 1.345 T4  902.4 EGT   599 C Rline 1.114 Nc 0.414 SMN +0.084 NPR 1.03
  SLS N  37.5%: conv True Fn    34.7 W 0.305 PR 1.297 T4  952.1 EGT   653 C Rline 1.114 Nc 0.388 SMN +0.084 NPR 1.03
  SLS N  35.0%: conv True Fn    33.5 W 0.286 PR 1.256 T4 1035.7 EGT   741 C Rline 1.118 Nc 0.362 SMN +0.087 NPR 1.02
  SLS N  32.5%: conv True Fn    32.7 W 0.259 PR 1.219 T4 1214.5 EGT   923 C Rline 1.109 Nc 0.337 SMN +0.083 NPR 1.02
.venv\Scripts\python : 
C:\Users\MEO\Desktop\Projects\JetEngine\boomsonic_v0\.venv\Lib\site-packages\pycycle\elements\turbine.py:40: 
RuntimeWarning: invalid value encountered in sqrt
At line:1 char:302
+ ... tch {} } }; .venv\Scripts\python scripts\phase3_cycle\cc_mission.py c ...
+                 ~~~~~~~~~~~~~~~~~~~~~~~~~~~~~~~~~~~~~~~~~~~~~~~~~~~~~~~~~
    + CategoryInfo          : NotSpecified: (C:\Users\MEO\De...untered in sqrt:String) [], RemoteException
    + FullyQualifiedErrorId : NativeCommandError
 
  outputs['Wp'] = inputs['W_in'] * inputs['Tt']**0.5 / inputs['Pt']
C:\Users\MEO\Desktop\Projects\JetEngine\boomsonic_v0\.venv\Lib\site-packages\pycycle\elements\turbine.py:41: 
RuntimeWarning: invalid value encountered in power
  outputs['Np'] = inputs['Nmech'] * inputs['Tt']**-0.5
C:\Users\MEO\Desktop\Projects\JetEngine\boomsonic_v0\.venv\Lib\site-packages\pycycle\elements\turbine.py:40: 
RuntimeWarning: invalid value encountered in sqrt
  outputs['Wp'] = inputs['W_in'] * inputs['Tt']**0.5 / inputs['Pt']
C:\Users\MEO\Desktop\Projects\JetEngine\boomsonic_v0\.venv\Lib\site-packages\pycycle\elements\turbine.py:41: 
RuntimeWarning: invalid value encountered in power
  outputs['Np'] = inputs['Nmech'] * inputs['Tt']**-0.5
C:\Users\MEO\Desktop\Projects\JetEngine\boomsonic_v0\.venv\Lib\site-packages\pycycle\elements\turbine.py:40: 
RuntimeWarning: invalid value encountered in sqrt
  outputs['Wp'] = inputs['W_in'] * inputs['Tt']**0.5 / inputs['Pt']
C:\Users\MEO\Desktop\Projects\JetEngine\boomsonic_v0\.venv\Lib\site-packages\pycycle\elements\turbine.py:41: 
RuntimeWarning: invalid value encountered in power
  outputs['Np'] = inputs['Nmech'] * inputs['Tt']**-0.5
C:\Users\MEO\Desktop\Projects\JetEngine\boomsonic_v0\.venv\Lib\site-packages\pycycle\elements\turbine.py:40: 
RuntimeWarning: invalid value encountered in sqrt
  outputs['Wp'] = inputs['W_in'] * inputs['Tt']**0.5 / inputs['Pt']
C:\Users\MEO\Desktop\Projects\JetEngine\boomsonic_v0\.venv\Lib\site-packages\pycycle\elements\turbine.py:41: 
RuntimeWarning: invalid value encountered in power
  outputs['Np'] = inputs['Nmech'] * inputs['Tt']**-0.5
C:\Users\MEO\Desktop\Projects\JetEngine\boomsonic_v0\.venv\Lib\site-packages\openmdao\solvers\solver.py:819: 
SolverWarning:Your model has stalled three times and may be violating the bounds. In the future, turn on 
print_bound_enforce in your solver options here: 
OD0.nozz.ideal_flow.nonlinear_solver.linesearch.options['print_bound_enforce']=True. 
The bound(s) being violated now are:

C:\Users\MEO\Desktop\Projects\JetEngine\boomsonic_v0\.venv\Lib\site-packages\pycycle\elements\turbine.py:40: 
RuntimeWarning: invalid value encountered in sqrt
  outputs['Wp'] = inputs['W_in'] * inputs['Tt']**0.5 / inputs['Pt']
C:\Users\MEO\Desktop\Projects\JetEngine\boomsonic_v0\.venv\Lib\site-packages\pycycle\elements\turbine.py:41: 
RuntimeWarning: invalid value encountered in power
  outputs['Np'] = inputs['Nmech'] * inputs['Tt']**-0.5
C:\Users\MEO\Desktop\Projects\JetEngine\boomsonic_v0\.venv\Lib\site-packages\pycycle\elements\turbine.py:40: 
RuntimeWarning: invalid value encountered in sqrt
  outputs['Wp'] = inputs['W_in'] * inputs['Tt']**0.5 / inputs['Pt']
C:\Users\MEO\Desktop\Projects\JetEngine\boomsonic_v0\.venv\Lib\site-packages\pycycle\elements\turbine.py:41: 
RuntimeWarning: invalid value encountered in power
  outputs['Np'] = inputs['Nmech'] * inputs['Tt']**-0.5
C:\Users\MEO\Desktop\Projects\JetEngine\boomsonic_v0\.venv\Lib\site-packages\openmdao\solvers\solver.py:819: 
SolverWarning:Your model has stalled three times and may be violating the bounds. In the future, turn on 
print_bound_enforce in your solver options here: 
OD0.nozz.ideal_flow.nonlinear_solver.linesearch.options['print_bound_enforce']=True. 
The bound(s) being violated now are:

C:\Users\MEO\Desktop\Projects\JetEngine\boomsonic_v0\.venv\Lib\site-packages\openmdao\solvers\solver.py:819: 
SolverWarning:Your model has stalled three times and may be violating the bounds. In the future, turn on 
print_bound_enforce in your solver options here: 
OD0.burner.vitiated_flow.nonlinear_solver.linesearch.options['print_bound_enforce']=True. 
The bound(s) being violated now are:

C:\Users\MEO\Desktop\Projects\JetEngine\boomsonic_v0\.venv\Lib\site-packages\openmdao\solvers\linesearch\backtracking.p
y:35: SolverWarning:'OD0.burner.vitiated_flow.balance.T' exceeds upper bounds
  Val: [2721.03553894]
  Upper: [2500.]

C:\Users\MEO\Desktop\Projects\JetEngine\boomsonic_v0\.venv\Lib\site-packages\openmdao\solvers\solver.py:819: 
SolverWarning:Your model has stalled three times and may be violating the bounds. In the future, turn on 
print_bound_enforce in your solver options here: 
OD0.burner.out_stat.nonlinear_solver.linesearch.options['print_bound_enforce']=True. 
The bound(s) being violated now are:

C:\Users\MEO\Desktop\Projects\JetEngine\boomsonic_v0\.venv\Lib\site-packages\openmdao\solvers\linesearch\backtracking.p
y:35: SolverWarning:'OD0.burner.out_stat.balance.T' exceeds upper bounds
  Val: [2838.05067542]
  Upper: [2500.]

C:\Users\MEO\Desktop\Projects\JetEngine\boomsonic_v0\.venv\Lib\site-packages\openmdao\solvers\solver.py:819: 
SolverWarning:Your model has stalled three times and may be violating the bounds. In the future, turn on 
print_bound_enforce in your solver options here: 
OD0.turb.real_flow_b4bld.nonlinear_solver.linesearch.options['print_bound_enforce']=True. 
The bound(s) being violated now are:

C:\Users\MEO\Desktop\Projects\JetEngine\boomsonic_v0\.venv\Lib\site-packages\openmdao\solvers\linesearch\backtracking.p
y:35: SolverWarning:'OD0.turb.real_flow_b4bld.balance.T' exceeds upper bounds
  Val: [2571.00351169]
  Upper: [2500.]

C:\Users\MEO\Desktop\Projects\JetEngine\boomsonic_v0\.venv\Lib\site-packages\openmdao\solvers\solver.py:819: 
SolverWarning:Your model has stalled three times and may be violating the bounds. In the future, turn on 
print_bound_enforce in your solver options here: 
OD0.turb.real_flow.nonlinear_solver.linesearch.options['print_bound_enforce']=True. 
The bound(s) being violated now are:

C:\Users\MEO\Desktop\Projects\JetEngine\boomsonic_v0\.venv\Lib\site-packages\openmdao\solvers\linesearch\backtracking.p
y:35: SolverWarning:'OD0.turb.real_flow.balance.T' exceeds upper bounds
  Val: [2571.00351169]
  Upper: [2500.]

C:\Users\MEO\Desktop\Projects\JetEngine\boomsonic_v0\.venv\Lib\site-packages\openmdao\solvers\solver.py:819: 
SolverWarning:Your model has stalled three times and may be violating the bounds. In the future, turn on 
print_bound_enforce in your solver options here: 
OD0.turb.out_stat.nonlinear_solver.linesearch.options['print_bound_enforce']=True. 
The bound(s) being violated now are:

C:\Users\MEO\Desktop\Projects\JetEngine\boomsonic_v0\.venv\Lib\site-packages\openmdao\solvers\linesearch\backtracking.p
y:35: SolverWarning:'OD0.turb.out_stat.balance.T' exceeds upper bounds
  Val: [2597.24874638]
  Upper: [2500.]

C:\Users\MEO\Desktop\Projects\JetEngine\boomsonic_v0\.venv\Lib\site-packages\openmdao\solvers\solver.py:819: 
SolverWarning:Your model has stalled three times and may be violating the bounds. In the future, turn on 
print_bound_enforce in your solver options here: 
OD0.nozz.throat_total.nonlinear_solver.linesearch.options['print_bound_enforce']=True. 
The bound(s) being violated now are:

C:\Users\MEO\Desktop\Projects\JetEngine\boomsonic_v0\.venv\Lib\site-packages\openmdao\solvers\linesearch\backtracking.p
y:35: SolverWarning:'OD0.nozz.throat_total.balance.T' exceeds upper bounds
  Val: [2571.00351169]
  Upper: [2500.]

C:\Users\MEO\Desktop\Projects\JetEngine\boomsonic_v0\.venv\Lib\site-packages\pycycle\thermo\static_ps_resid.py:128: 
RuntimeWarning: invalid value encountered in sqrt
  Vsonic = (i['gamma']*i['R']*i['Ts'])**0.5
C:\Users\MEO\Desktop\Projects\JetEngine\boomsonic_v0\.venv\Lib\site-packages\pycycle\thermo\static_ps_resid.py:108: 
RuntimeWarning: invalid value encountered in sqrt
  Vsonic = (i['gamma']*i['R']*i['Ts'])**0.5
C:\Users\MEO\Desktop\Projects\JetEngine\boomsonic_v0\.venv\Lib\site-packages\pycycle\thermo\static_ps_calc.py:32: 
RuntimeWarning: invalid value encountered in sqrt
  outputs['Vsonic'] = Vsonic = np.sqrt(inputs['gamma'] * inputs['R'] * inputs['Ts'])
C:\Users\MEO\Desktop\Projects\JetEngine\boomsonic_v0\.venv\Lib\site-packages\openmdao\solvers\solver.py:819: 
SolverWarning:Your model has stalled three times and may be violating the bounds. In the future, turn on 
print_bound_enforce in your solver options here: 
OD0.burner.vitiated_flow.nonlinear_solver.linesearch.options['print_bound_enforce']=True. 
The bound(s) being violated now are:

C:\Users\MEO\Desktop\Projects\JetEngine\boomsonic_v0\.venv\Lib\site-packages\openmdao\solvers\linesearch\backtracking.p
y:35: SolverWarning:'OD0.burner.vitiated_flow.balance.T' exceeds upper bounds
  Val: [3937.20070413]
  Upper: [2500.]

C:\Users\MEO\Desktop\Projects\JetEngine\boomsonic_v0\.venv\Lib\site-packages\pycycle\thermo\static_ps_resid.py:128: 
RuntimeWarning: invalid value encountered in sqrt
  Vsonic = (i['gamma']*i['R']*i['Ts'])**0.5
C:\Users\MEO\Desktop\Projects\JetEngine\boomsonic_v0\.venv\Lib\site-packages\pycycle\thermo\static_ps_resid.py:94: 
RuntimeWarning: invalid value encountered in sqrt
  f2 = MN - inputs['W']*(R_UNIVERSAL_SI*inputs['Ts'])**0.5/(ps_guess*1.0e6*inputs['area']*gamt**0.5)
C:\Users\MEO\Desktop\Projects\JetEngine\boomsonic_v0\.venv\Lib\site-packages\pycycle\thermo\static_ps_resid.py:99: 
RuntimeWarning: The iteration is not making good progress, as measured by the 
 improvement from the last ten iterations.
  ps_guess, M_guess = fsolve(equations, (ps_guess, M_guess))
C:\Users\MEO\Desktop\Projects\JetEngine\boomsonic_v0\.venv\Lib\site-packages\openmdao\solvers\solver.py:819: 
SolverWarning:Your model has stalled three times and may be violating the bounds. In the future, turn on 
print_bound_enforce in your solver options here: 
OD0.turb.real_flow_b4bld.nonlinear_solver.linesearch.options['print_bound_enforce']=True. 
The bound(s) being violated now are:

C:\Users\MEO\Desktop\Projects\JetEngine\boomsonic_v0\.venv\Lib\site-packages\openmdao\solvers\linesearch\backtracking.p
y:35: SolverWarning:'OD0.turb.real_flow_b4bld.balance.T' exceeds upper bounds
  Val: [3317.35312455]
  Upper: [2500.]

C:\Users\MEO\Desktop\Projects\JetEngine\boomsonic_v0\.venv\Lib\site-packages\openmdao\solvers\solver.py:819: 
SolverWarning:Your model has stalled three times and may be violating the bounds. In the future, turn on 
print_bound_enforce in your solver options here: 
OD0.turb.real_flow.nonlinear_solver.linesearch.options['print_bound_enforce']=True. 
The bound(s) being violated now are:

C:\Users\MEO\Desktop\Projects\JetEngine\boomsonic_v0\.venv\Lib\site-packages\openmdao\solvers\linesearch\backtracking.p
y:35: SolverWarning:'OD0.turb.real_flow.balance.T' exceeds upper bounds
  Val: [3317.35312455]
  Upper: [2500.]

C:\Users\MEO\Desktop\Projects\JetEngine\boomsonic_v0\.venv\Lib\site-packages\pycycle\thermo\static_ps_resid.py:128: 
RuntimeWarning: invalid value encountered in sqrt
  Vsonic = (i['gamma']*i['R']*i['Ts'])**0.5
C:\Users\MEO\Desktop\Projects\JetEngine\boomsonic_v0\.venv\Lib\site-packages\pycycle\thermo\static_ps_resid.py:94: 
RuntimeWarning: invalid value encountered in sqrt
  f2 = MN - inputs['W']*(R_UNIVERSAL_SI*inputs['Ts'])**0.5/(ps_guess*1.0e6*inputs['area']*gamt**0.5)
C:\Users\MEO\Desktop\Projects\JetEngine\boomsonic_v0\.venv\Lib\site-packages\pycycle\thermo\static_ps_resid.py:99: 
RuntimeWarning: The iteration is not making good progress, as measured by the 
 improvement from the last ten iterations.
  ps_guess, M_guess = fsolve(equations, (ps_guess, M_guess))
C:\Users\MEO\Desktop\Projects\JetEngine\boomsonic_v0\.venv\Lib\site-packages\openmdao\solvers\solver.py:819: 
SolverWarning:Your model has stalled three times and may be violating the bounds. In the future, turn on 
print_bound_enforce in your solver options here: 
OD0.nozz.throat_total.nonlinear_solver.linesearch.options['print_bound_enforce']=True. 
The bound(s) being violated now are:

C:\Users\MEO\Desktop\Projects\JetEngine\boomsonic_v0\.venv\Lib\site-packages\openmdao\solvers\linesearch\backtracking.p
y:35: SolverWarning:'OD0.nozz.throat_total.balance.T' exceeds upper bounds
  Val: [3317.35312455]
  Upper: [2500.]

C:\Users\MEO\Desktop\Projects\JetEngine\boomsonic_v0\.venv\Lib\site-packages\pycycle\thermo\static_ps_resid.py:108: 
RuntimeWarning: invalid value encountered in sqrt
  Vsonic = (i['gamma']*i['R']*i['Ts'])**0.5
C:\Users\MEO\Desktop\Projects\JetEngine\boomsonic_v0\.venv\Lib\site-packages\pycycle\thermo\static_ps_resid.py:83: 
RuntimeWarning: invalid value encountered in power
  ps_guess = inputs['guess:Pt'] * (1 + (gamt-1)/2 * inputs['MN']**2)**(-gamt/(gamt-1))
C:\Users\MEO\Desktop\Projects\JetEngine\boomsonic_v0\.venv\Lib\site-packages\pycycle\thermo\static_ps_resid.py:108: 
RuntimeWarning: invalid value encountered in sqrt
  Vsonic = (i['gamma']*i['R']*i['Ts'])**0.5
OD0.nozz.staticMN.ps_resid [-6.00561848] [1901.38376579] [2500.]
C:\Users\MEO\Desktop\Projects\JetEngine\boomsonic_v0\.venv\Lib\site-packages\pycycle\thermo\static_ps_resid.py:108: 
RuntimeWarning: invalid value encountered in sqrt
  Vsonic = (i['gamma']*i['R']*i['Ts'])**0.5
OD0.nozz.staticMN.ps_resid [-6.00561848] [1901.38376579] [2500.]
OD0.nozz.staticMN.ps_resid [-13.12823179] [3123.97863793] [2500.]
OD0.nozz.staticMN.ps_resid [-13.12823179] [3123.97863793] [2500.]
C:\Users\MEO\Desktop\Projects\JetEngine\boomsonic_v0\.venv\Lib\site-packages\pycycle\thermo\static_ps_calc.py:32: 
RuntimeWarning: invalid value encountered in sqrt
  outputs['Vsonic'] = Vsonic = np.sqrt(inputs['gamma'] * inputs['R'] * inputs['Ts'])
C:\Users\MEO\Desktop\Projects\JetEngine\boomsonic_v0\.venv\Lib\site-packages\pycycle\thermo\static_ps_resid.py:128: 
RuntimeWarning: invalid value encountered in sqrt
  Vsonic = (i['gamma']*i['R']*i['Ts'])**0.5
OD0.nozz.staticMN.ps_resid [-1.85713641] [945.08132598] [2500.]
OD0.nozz.staticMN.ps_resid [-1.85713641] [945.08132598] [2500.]
OD0.nozz.staticMN.ps_resid [-1.85713641] [945.08132598] [2500.]
OD0.nozz.staticMN.ps_resid [-1.85713641] [945.08132598] [2500.]
OD0.nozz.staticMN.ps_resid [-1.85713641] [945.08132598] [2500.]
  SLS N  30.0%: conv False Fn  1815.4 W 0.023 PR 1.185 T4 2500.0 EGT  2227 C Rline 1.000 Nc 0.311 SMN +nan NPR 1.00
+  +  |  LS: AG 1 ; 4259.09765 1
+  +  |  LS: AG 2 ; 11.1373566 0.5
+  +  |  LS: AG 1 ; 469.274126 1
+  +  |  LS: AG 2 ; 5.57177472 0.5
+  +  |  LS: AG 1 ; 93.7912197 1
+  +  |  LS: AG 2 ; 2.78570611 0.5
+  +  |  LS: AG 1 ; 36.5383902 1
+  +  |  LS: AG 2 ; 1.39283983 0.5
+  +  |  LS: AG 1 ; 10.4760098 1
+  +  |  LS: AG 2 ; 0.696415884 0.5
+  +  |  LS: AG 1 ; 2.9227207 1
+  +  |  LS: AG 2 ; 0.348205578 0.5
+  +  |  LS: AG 1 ; 2.92276439 1
+  +  |  LS: AG 2 ; 0.174105251 0.5
+  +  |  LS: AG 1 ; 4476.53506 1
+  +  |  LS: AG 2 ; 6.67053287 0.5
+  +  |  LS: AG 1 ; 516.914499 1
+  +  |  LS: AG 2 ; 3.33798517 0.5
+  +  |  LS: AG 1 ; 95.809154 1
+  +  |  LS: AG 2 ; 1.66917348 0.5
+  +  |  LS: AG 1 ; 33.0195055 1
+  +  |  LS: AG 2 ; 0.834608015 0.5
+  +  |  LS: AG 1 ; 7.92404248 1
+  +  |  LS: AG 2 ; 0.417308617 0.5
+  +  |  LS: AG 1 ; 4.87363441 1
+  +  |  LS: AG 2 ; 0.208694473 0.5
+  +  |  LS: AG 1 ; 2.58398456 1
+  +  |  LS: AG 2 ; 0.104351907 0.5
  dash N 100.0%: conv True Fn   500.0 W 1.326 PR 4.000 T4 1150.0 EGT   698 C Rline 2.144 Nc 1.000 SMN +0.282 NPR 2.76
  dash N  95.0%: conv True Fn   376.4 W 1.249 PR 3.561 T4 1033.5 EGT   596 C Rline 2.096 Nc 0.950 SMN +0.278 NPR 2.45
  dash N  90.0%: conv True Fn   268.8 W 1.178 PR 3.173 T4  927.7 EGT   503 C Rline 2.055 Nc 0.900 SMN +0.365 NPR 2.17
  dash N  85.0%: conv True Fn   172.8 W 1.118 PR 2.829 T4  823.7 EGT   413 C Rline 2.058 Nc 0.850 SMN +0.475 NPR 1.93
  dash N  80.0%: conv True Fn    89.8 W 1.066 PR 2.525 T4  724.0 EGT   327 C Rline 2.019 Nc 0.800 SMN +0.513 NPR 1.72
  dash N  75.0%: conv True Fn    32.4 W 1.016 PR 2.280 T4  650.5 EGT   266 C Rline 2.108 Nc 0.750 SMN +0.602 NPR 1.58
  dash N  70.0%: conv True Fn   -19.2 W 0.965 PR 2.037 T4  573.9 EGT   204 C Rline 2.203 Nc 0.700 SMN +0.712 NPR 1.46
  dash N  65.0%: conv True Fn   -53.3 W 0.924 PR 1.853 T4  516.0 EGT   158 C Rline 2.281 Nc 0.650 SMN +0.838 NPR 1.37
  dash N  60.0%: conv True Fn   -84.8 W 0.886 PR 1.669 T4  452.8 EGT   109 C Rline 2.370 Nc 0.600 SMN +1.004 NPR 1.30
+  +  |  LS: AG 1 ; 4259.09765 1
+  +  |  LS: AG 2 ; 11.1373566 0.5
+  +  |  LS: AG 1 ; 469.274126 1
+  +  |  LS: AG 2 ; 5.57177472 0.5
+  +  |  LS: AG 1 ; 93.7912197 1
+  +  |  LS: AG 2 ; 2.78570611 0.5
+  +  |  LS: AG 1 ; 36.5383902 1
+  +  |  LS: AG 2 ; 1.39283983 0.5
+  +  |  LS: AG 1 ; 10.4760098 1
+  +  |  LS: AG 2 ; 0.696415884 0.5
+  +  |  LS: AG 1 ; 2.9227207 1
+  +  |  LS: AG 2 ; 0.348205578 0.5
+  +  |  LS: AG 1 ; 2.92276439 1
+  +  |  LS: AG 2 ; 0.174105251 0.5
+  +  |  LS: AG 1 ; 4476.53506 1
+  +  |  LS: AG 2 ; 6.67053287 0.5
+  +  |  LS: AG 1 ; 516.914499 1
+  +  |  LS: AG 2 ; 3.33798517 0.5
+  +  |  LS: AG 1 ; 95.809154 1
+  +  |  LS: AG 2 ; 1.66917348 0.5
+  +  |  LS: AG 1 ; 33.0195055 1
+  +  |  LS: AG 2 ; 0.834608015 0.5
+  +  |  LS: AG 1 ; 7.92404248 1
+  +  |  LS: AG 2 ; 0.417308617 0.5
+  +  |  LS: AG 1 ; 4.87363441 1
+  +  |  LS: AG 2 ; 0.208694473 0.5
+  +  |  LS: AG 1 ; 2.58398456 1
+  +  |  LS: AG 2 ; 0.104351907 0.5
+  +  |  LS: AG 1 ; 0.781211378 1
+  +  |  LS: AG 2 ; 0.278890572 0.5
+  +  |  LS: AG 1 ; 0.781219769 1
+  +  |  LS: AG 2 ; 0.139445475 0.5
+  +  |  LS: AG 1 ; 2.70762878 1
+  +  |  LS: AG 2 ; 0.329030101 0.5
+  +  |  LS: AG 1 ; 2.32566762 1
+  +  |  LS: AG 2 ; 0.175096671 0.5
+  +  |  LS: AG 1 ; 4.81700363 1
+  +  |  LS: AG 2 ; 0.207492489 0.5
+  +  |  LS: AG 1 ; 2.8825639 1
+  +  |  LS: AG 2 ; 0.0977594682 0.5
+  +  |  LS: AG 1 ; 10.4398077 1
+  +  |  LS: AG 2 ; 0.0459964632 0.5
+  +  |  LS: AG 1 ; 2.61362189 1
+  +  |  LS: AG 2 ; 0.0229983219 0.5
+  +  |  LS: AG 1 ; 1.03253179 1
+  +  |  LS: AG 2 ; 0.011499161 0.5
+  +  |  LS: AG 1 ; 0.251968563 1
+  +  |  LS: AG 2 ; 0.00574958048 0.5
+  +  |  LS: AG 1 ; 0.0622374367 1
+  +  |  LS: AG 2 ; 0.00287479024 0.5
+  +  |  LS: AG 1 ; 0.0154659913 1
+  +  |  LS: AG 2 ; 0.00143739512 0.5
+  +  |  LS: AG 1 ; 0.00385488685 1
+  +  |  LS: AG 2 ; 0.00071869756 0.5
+  +  |  LS: AG 1 ; 0.000962274071 1
+  +  |  LS: AG 2 ; 0.00035934878 0.5
+  +  |  LS: AG 1 ; 0.332976903 1
+  +  |  LS: AG 2 ; 0.0970435175 0.5
+  +  |  LS: AG 1 ; 0.332955853 1
+  +  |  LS: AG 2 ; 0.0485217157 0.5
+  +  |  LS: AG 1 ; 0.332952086 1
+  +  |  LS: AG 2 ; 0.0242608471 0.5
+  +  |  LS: AG 1 ; 0.332951238 1
+  +  |  LS: AG 2 ; 0.0121304214 0.5
+  +  |  LS: AG 1 ; 2.46649942 1
+  +  |  LS: AG 2 ; 0.18062112 0.5
+  +  |  LS: AG 1 ; 2.46644444 1
+  +  |  LS: AG 2 ; 0.0903104003 0.5
+  +  |  LS: AG 1 ; 1.36756429 1
+  +  |  LS: AG 2 ; 0.5858793 0.5
+  +  |  LS: AG 1 ; 1.36758029 1
+  +  |  LS: AG 2 ; 0.292940103 0.5
+  +  |  LS: AG 1 ; 3.96051223 1
+  +  |  LS: AG 2 ; 0.431635517 0.5
+  +  |  LS: AG 1 ; 2.97651287 1
+  +  |  LS: AG 2 ; 0.215818053 0.5
+  +  |  LS: AG 1 ; 2.97652832 1
+  +  |  LS: AG 2 ; 0.107843143 0.5
+  +  |  LS: AG 1 ; 1.95337891 1
+  +  |  LS: AG 2 ; 0.154436354 0.5
+  +  |  LS: AG 1 ; 1.9533813 1
+  +  |  LS: AG 2 ; 0.0772182957 0.5
+  +  |  LS: AG 1 ; 9.17997949 1
+  +  |  LS: AG 2 ; 0.0663703984 0.5
+  +  |  LS: AG 1 ; 2.09354513 1
+  +  |  LS: AG 2 ; 0.0331851992 0.5
+  +  |  LS: AG 1 ; 0.501364661 1
+  +  |  LS: AG 2 ; 0.0165925996 0.5
+  +  |  LS: AG 1 ; 0.128164524 1
+  +  |  LS: AG 2 ; 0.0082962998 0.5
+  +  |  LS: AG 1 ; 0.0491889359 1
+  +  |  LS: AG 2 ; 0.0041481499 0.5
+  +  |  LS: AG 1 ; 0.0395545088 1
+  +  |  LS: AG 2 ; 0.00207407495 0.5
+  +  |  LS: AG 1 ; 0.0388812167 1
+  +  |  LS: AG 2 ; 0.00103704094 0.5
+  +  |  LS: AG 1 ; 5.64510539 1
+  +  |  LS: AG 2 ; 0.0802113014 0.5
+  +  |  LS: AG 1 ; 9.89255544 1
+  +  |  LS: AG 2 ; 0.16980337 0.5
+  +  |  LS: AG 1 ; 14.0434785 1
+  +  |  LS: AG 2 ; 0.385458204 0.5
+  +  |  LS: AG 1 ; 1.55694326 1
+  +  |  LS: AG 2 ; 0.192728613 0.5
+  +  |  LS: AG 1 ; 1.55692768 1
+  +  |  LS: AG 2 ; 0.0963641387 0.5
+  +  |  LS: AG 1 ; 8.60676876 1
+  +  |  LS: AG 2 ; 1.04865735 0.5
+  +  |  LS: AG 1 ; 9.492249 1
+  +  |  LS: AG 2 ; 1.08451282 0.5
+  +  |  LS: AG 1 ; 4.98057217 1
+  +  |  LS: AG 2 ; 0.186281447 0.5
+  +  |  LS: AG 1 ; 5.17300904 1
+  +  |  LS: AG 2 ; 0.143071846 0.5
+  +  |  LS: AG 1 ; 1.99786057 1
+  +  |  LS: AG 2 ; 0.0460955359 0.5
+  +  |  LS: AG 1 ; 3.15622258 1
+  +  |  LS: AG 2 ; 0.0648777148 0.5
+  +  |  LS: AG 1 ; 7.21850113 1
+  +  |  LS: AG 2 ; 0.161158113 0.5
+  +  |  LS: AG 1 ; 1.65256481 1
+  +  |  LS: AG 2 ; 0.0805790564 0.5
+  +  |  LS: AG 1 ; 0.395480187 1
+  +  |  LS: AG 2 ; 0.0402895282 0.5
+  +  |  LS: AG 1 ; 0.0967407432 1
+  +  |  LS: AG 2 ; 0.0201447641 0.5
+  +  |  LS: AG 1 ; 0.0239237487 1
+  +  |  LS: AG 2 ; 0.0100723821 0.5
+  +  |  LS: AG 1 ; 1.08228053 1
+  +  |  LS: AG 2 ; 0.0363459222 0.5
+  +  |  LS: AG 1 ; 0.59261487 1
+  +  |  LS: AG 2 ; 0.0254988244 0.5
+  +  |  LS: AG 1 ; 1.94305222 1
+  +  |  LS: AG 2 ; 0.0648452388 0.5
+  +  |  LS: AG 1 ; 1.86044502 1
+  +  |  LS: AG 2 ; 0.0706871533 0.5
+  +  |  LS: AG 1 ; 3.82257864 1
+  +  |  LS: AG 2 ; 0.151301998 0.5
+  +  |  LS: AG 1 ; 3.43312043 1
+  +  |  LS: AG 2 ; 0.191427535 0.5
+  +  |  LS: AG 1 ; 5.96963525 1
+  +  |  LS: AG 2 ; 0.496289444 0.5
+  +  |  LS: AG 1 ; 0.0851284693 1
+  +  |  LS: AG 2 ; 0.0296996369 0.5
+  +  |  LS: AG 1 ; 0.0851284693 1
+  +  |  LS: AG 2 ; 0.0148498185 0.5
+  +  |  LS: AG 1 ; 0.0851284693 1
+  +  |  LS: AG 2 ; 0.00742494493 0.5
+  +  |  LS: AG 1 ; 5.42787315 1
+  +  |  LS: AG 2 ; 0.284442416 0.5
+  +  |  LS: AG 1 ; 2.05868797 1
+  +  |  LS: AG 2 ; 0.142221208 0.5
+  +  |  LS: AG 1 ; 0.490124972 1
+  +  |  LS: AG 2 ; 0.0711106041 0.5
+  +  |  LS: AG 1 ; 0.119587812 1
+  +  |  LS: AG 2 ; 0.0355553021 0.5
  MN  alt_m    Fn_N  Wf_kgps  W_kgps     T4_K   N_pct   SMN binding  conv  Fn_at_100pct  T4_at_100pct
0.00    0.0 630.614    0.024   1.330 1149.762  98.231 0.236      T4  True       680.893      1181.708
0.30    0.0 555.952    0.025   1.410 1150.017  98.867 0.249      T4  True       588.623      1172.368
0.50    0.0 559.428    0.027   1.546 1150.261  99.661 0.269      T4  True       570.781      1158.211
0.70    0.0 584.911    0.029   1.726 1150.237  99.923 0.279      T4  True       587.396      1151.658
0.80    0.0 609.585    0.031   1.843 1149.490 100.000 0.279       N  True       609.585      1149.490
0.90    0.0 639.080    0.033   1.977 1150.088  99.837 0.273      T4  True       645.187      1153.488
0.95    0.0 659.816    0.034   2.061 1149.192 100.000 0.274       N  True       659.816      1149.192
1.00    0.0 677.615    0.035   2.145 1147.371 100.000 0.282       N  True       677.615      1147.371
1.02    0.0 686.974    0.035   2.179 1149.547 100.000 0.285       N  True       686.974      1149.547
1.05    0.0 696.399    0.036   2.228 1150.013  99.915 0.293      T4  True       699.845      1152.148
0.00  300.0 620.883    0.023   1.298 1150.006  98.373 0.233      T4  True       665.547      1176.912
0.30  300.0 547.755    0.024   1.375 1150.012  99.120 0.246      T4  True       572.463      1167.725
0.50  300.0 546.470    0.026   1.500 1150.135  99.650 0.265      T4  True       557.211      1156.890
0.70  300.0 566.184    0.028   1.665 1150.006  99.656 0.276      T4  True       577.966      1158.825
0.80  300.0 597.651    0.030   1.791 1148.109 100.000 0.280       N  True       597.651      1148.109
0.90  300.0 627.820    0.032   1.921 1149.891  99.949 0.275      T4  True       629.865      1151.336
0.95  300.0 644.296    0.033   1.995 1150.274  99.851 0.272      T4  True       649.919      1153.436
1.00  300.0 661.277    0.034   2.079 1146.841 100.000 0.277       N  True       661.277      1146.841
1.02  300.0 669.535    0.034   2.116 1145.316 100.000 0.283       N  True       669.535      1145.316
1.05  300.0 684.034    0.035   2.168 1148.467 100.000 0.289       N  True       684.034      1148.467
0.00 1000.0 593.187    0.022   1.219 1149.937  98.474 0.224      T4  True       632.434      1176.351
0.30 1000.0 525.949    0.023   1.291 1150.021  99.148 0.236      T4  True       547.547      1163.613
0.50 1000.0 526.610    0.025   1.407 1149.756  99.740 0.256      T4  True       534.472      1155.955
0.70 1000.0 553.112    0.027   1.571 1149.807  99.865 0.280      T4  True       557.374      1153.011
0.80 1000.0 567.166    0.028   1.663 1150.046  99.738 0.277      T4  True       575.979      1156.753
0.90 1000.0 602.259    0.030   1.800 1147.287 100.000 0.279       N  True       602.259      1147.287
0.95 1000.0 618.421    0.031   1.867 1148.618 100.000 0.277       N  True       618.421      1148.618
1.00 1000.0 635.000    0.032   1.938 1150.068  99.760 0.270      T4  True       644.687      1157.014
1.02 1000.0 641.702    0.032   1.969 1150.103  99.713 0.268      T4  True       652.282      1156.159
1.05 1000.0 656.796    0.033   2.025 1150.059 100.000 0.275       N  True       656.796      1150.059
0.00 2500.0 534.886    0.019   1.060 1150.028  98.689   NaN      T4  True       564.138      1173.505
0.30 2500.0 478.934    0.020   1.122 1149.950  99.434   NaN      T4  True       491.508      1158.992
0.50 2500.0 471.495    0.021   1.207 1150.083  99.671 0.235      T4  True       480.038      1157.628
0.70 2500.0 499.470    0.024   1.350 1149.751  99.927 0.262      T4  True       501.643      1151.672
0.80 2500.0 514.368    0.025   1.431 1149.978  99.514 0.276      T4  True       529.670      1163.598
0.90 2500.0 546.620    0.026   1.548 1149.698 100.000 0.281       N  True       546.620      1149.698
0.95 2500.0 558.596    0.027   1.603 1149.992  99.931 0.279      T4  True       560.768      1151.697
1.00 2500.0 574.012    0.028   1.666 1150.007  99.926 0.277      T4  True       576.441      1151.916
1.02 2500.0 581.062    0.028   1.693 1150.155  99.893 0.275      T4  True       584.277      1152.144
1.05 2500.0 593.985    0.029   1.741 1149.625 100.000 0.276       N  True       593.985      1149.625
0.00 4000.0 495.909    0.017   0.935 1150.356  99.858   NaN      T4  True       498.716      1152.420
0.30 4000.0 441.333    0.018   0.978 1150.187 100.000   NaN       N  True       441.333      1150.187
0.50 4000.0 433.614    0.019   1.046 1150.108  99.520   NaN      T4  True       444.580      1161.779
0.70 4000.0 456.370    0.021   1.165 1149.736  99.850 0.240      T4  True       460.093      1153.310
0.80 4000.0 472.606    0.022   1.239 1149.503  99.689 0.257      T4  True       481.103      1158.260
0.90 4000.0 500.475    0.023   1.337 1150.168  99.893 0.274      T4  True       503.569      1152.998
0.95 4000.0 510.749    0.024   1.384 1149.993  99.753 0.279      T4  True       517.423      1156.039
1.00 4000.0 520.470    0.024   1.432 1150.064  99.679 0.276      T4  True       529.476      1158.250
1.02 4000.0 525.984    0.025   1.454 1150.410  99.693 0.276      T4  True       533.864      1156.075
1.05 4000.0 541.854    0.025   1.501 1150.042 100.000 0.280       N  True       541.854      1150.042
0.00 5000.0 457.531    0.016   0.847 1141.461 100.000   NaN       N  True       457.531      1141.461
0.30 5000.0 408.494    0.016   0.884 1142.894 100.000   NaN       N  True       408.494      1142.894
0.50 5000.0 406.473    0.017   0.946 1150.275  99.641   NaN      T4  True       413.287      1156.390
0.70 5000.0 424.313    0.019   1.048 1150.113  99.612 0.225      T4  True       432.957      1159.649
0.80 5000.0 445.180    0.020   1.123 1150.204  99.852 0.241      T4  True       448.405      1152.952
0.90 5000.0 466.844    0.021   1.205 1149.785  99.868 0.259      T4  True       470.289      1153.407
0.95 5000.0 474.447    0.022   1.244 1149.971  99.545 0.268      T4  True       486.464      1161.661
1.00 5000.0 489.960    0.022   1.298 1149.703  99.746 0.278      T4  True       496.502      1155.128
1.02 5000.0 500.000    0.023   1.326 1150.000 100.000 0.282       N  True       500.000      1150.000
1.05 5000.0 506.699    0.023   1.356 1149.842  99.894 0.280      T4  True       509.438      1152.372
0.00 6000.0 420.238    0.014   0.763 1137.339 100.000   NaN       N  True       420.238      1137.339
0.30 6000.0 376.923    0.015   0.794 1141.566 100.000   NaN       N  True       376.923      1141.566
0.50 6000.0 377.957    0.016   0.856 1142.572 100.000   NaN       N  True       377.957      1142.572
0.70 6000.0 394.379    0.017   0.943 1150.415  99.481   NaN      T4  True       403.871      1159.492
0.80 6000.0 412.999    0.018   1.009 1149.712  99.746 0.226      T4  True       418.316      1155.703
0.90 6000.0 429.922    0.019   1.078 1150.052  99.632 0.243      T4  True       437.699      1157.467
0.95 6000.0 445.370    0.020   1.125 1150.115  99.915 0.253      T4  True       447.180      1151.711
1.00 6000.0 457.400    0.020   1.170 1149.767  99.923 0.263      T4  True       459.310      1151.818
1.02 6000.0 462.634    0.021   1.189 1149.761  99.844 0.267      T4  True       466.604      1154.032
1.05 6000.0 468.425    0.021   1.214 1150.083  99.637 0.273      T4  True       478.006      1160.381

mission (nom wave drag), TOGW 20.03 kg:
                      segment  time_s  dist_km  fuel_kg  Treq_max_N  Tavail_min_N  excess_min_N  V_LOF_mps  CL_rot  roc_min_mps  acc_min_mps2  throttle_frac  D_over_Tmax                                    note
       0 ground roll to V_LOF     1.7    0.046    0.041      22.393       595.532       573.139       48.5    0.55          NaN           NaN            NaN          NaN                                     NaN
 1 level accel 300 m to M0.70     8.1    1.234    0.209     192.362       546.481       373.779        NaN     NaN          NaN           NaN            NaN          NaN                                     NaN
        2 climb M0.70 to 5 km    10.7    2.468    0.248     192.581       424.476       309.778        NaN     NaN      388.111           NaN            NaN          NaN                                     NaN
3 level accel to M1.02 @ 5 km     7.1    1.981    0.147     315.980       424.313       182.728        NaN     NaN          NaN         9.423            NaN          NaN                                     NaN
             4 hold M1.02 7 s     7.0    2.289    0.103     323.143       500.000       176.857        NaN     NaN          NaN           NaN          0.646        0.646                                     NaN
   5 turn-back + idle descent   235.0   45.195    1.140     183.876       466.844       282.968        NaN     NaN          NaN           NaN            NaN          NaN Treq = 3 g sustained turn at M0.90/5 km
          6 pattern + landing    60.0    0.000    0.582         NaN           NaN           NaN        NaN     NaN          NaN           NaN            NaN          NaN                                     NaN
{'S_wing': 0.3, 'E_WD': 1.8, 'CDS_dash_cm2': np.float64(81.887), 'fuel_used_kg': np.float64(2.47), 'reserve_kg': 0.582, 'fuel_total_kg': np.float64(3.052), 'sortie_s': 329.6, 'time_to_dash_s': 27.6, 'V_LOF_mps': np.float64(48.5), 'ground_roll_m': np.float64(46.347), 'dash_throttle': np.float64(0.646), 'dash_margin': np.float64(0.547), 'm_at_dash': np.float64(19.389), 'm_landing': np.float64(17.564), 'turn3g_excess_N': np.float64(282.968)}

mission (hi wave drag), TOGW 20.03 kg:
                      segment  time_s  dist_km  fuel_kg  Treq_max_N  Tavail_min_N  excess_min_N  V_LOF_mps  CL_rot  roc_min_mps  acc_min_mps2  throttle_frac  D_over_Tmax                                    note
       0 ground roll to V_LOF     1.7    0.046    0.041      22.393       595.532       573.139       48.5    0.55          NaN           NaN            NaN          NaN                                     NaN
 1 level accel 300 m to M0.70     8.1    1.234    0.209     192.362       546.481       373.779        NaN     NaN          NaN           NaN            NaN          NaN                                     NaN
        2 climb M0.70 to 5 km    10.7    2.468    0.248     192.581       424.476       309.778        NaN     NaN      388.111           NaN            NaN          NaN                                     NaN
3 level accel to M1.02 @ 5 km     7.4    2.078    0.154     384.662       424.313       114.836        NaN     NaN          NaN         5.924            NaN          NaN                                     NaN
             4 hold M1.02 7 s     7.0    2.289    0.124     389.046       500.000       110.954        NaN     NaN          NaN           NaN          0.778        0.778                                     NaN
   5 turn-back + idle descent   235.0   45.195    1.140     183.871       466.844       282.973        NaN     NaN          NaN           NaN            NaN          NaN Treq = 3 g sustained turn at M0.90/5 km
          6 pattern + landing    60.0    0.000    0.582         NaN           NaN           NaN        NaN     NaN          NaN           NaN            NaN          NaN                                     NaN
{'S_wing': 0.3, 'E_WD': 3.0, 'CDS_dash_cm2': np.float64(98.638), 'fuel_used_kg': np.float64(2.498), 'reserve_kg': 0.582, 'fuel_total_kg': np.float64(3.08), 'sortie_s': 329.9, 'time_to_dash_s': 27.9, 'V_LOF_mps': np.float64(48.5), 'ground_roll_m': np.float64(46.347), 'dash_throttle': np.float64(0.778), 'dash_margin': np.float64(0.285), 'm_at_dash': np.float64(19.382), 'm_landing': np.float64(17.536), 'turn3g_excess_N': np.float64(282.973)}
