compressor map: design R-line 2.554 | turbine map PR_tt coverage per speed [(0.3, 1.13, 2.0), (0.4, 1.14, 2.13), (0.5, 1.13, 2.26), (0.6, 1.13, 2.38), (0.7, 1.11, 2.49), (0.8, 1.09, 2.58), (0.9, 1.07, 2.67), (1.0, 1.04, 2.73), (1.1, 1.02, 2.79)]
bleed port after stage 3: frac_P 0.376, frac_work 0.500
  SLS_bleed10 N 100.0%: conv True Fn   690.3 N  W 1.366  PR 5.441  T4 1163.3  Rline 2.615  Nc 1.035  stall_idx 0.872 (S6)  SM_peak +0.121  NPR 1.65
  SLS_bleed10 N  95.0%: conv True Fn   569.6 N  W 1.272  PR 4.893  T4 1088.2  Rline 2.407  Nc 0.984  stall_idx 0.837 (R1)  SM_peak +0.110  NPR 1.52
  SLS_bleed10 N  90.0%: conv True Fn   416.3 N  W 1.193  PR 4.105  T4 1071.3  Rline 2.519  Nc 0.932  stall_idx 0.913 (R4)  SM_peak +0.094  NPR 1.36
  SLS_bleed10 N  85.0%: conv True Fn   348.9 N  W 1.103  PR 3.726  T4 1032.7  Rline 2.189  Nc 0.880  stall_idx 0.928 (R1)  SM_peak +0.104  NPR 1.30
  SLS_bleed10 N  80.0%: conv True Fn   275.6 N  W 0.978  PR 3.283  T4 1010.3  Rline 1.807  Nc 0.828  stall_idx 1.020 (R1)  SM_peak +0.068  NPR 1.23
  SLS_bleed10 N  75.0%: conv True Fn   211.0 N  W 0.840  PR 2.847  T4 1018.5  Rline 1.215  Nc 0.777  stall_idx 1.132 (R1)  SM_peak +0.019  NPR 1.17
  SLS_bleed10 N  70.0%: conv False Fn   152.9 N  W 0.685  PR 2.432  T4 1066.5  Rline 1.000  Nc 0.725  stall_idx nan (-)  SM_peak +nan  NPR 1.12
  SLS_bleed10 N  65.0%: conv False Fn   112.7 N  W 0.556  PR 2.106  T4 1150.7  Rline 1.000  Nc 0.673  stall_idx nan (-)  SM_peak +nan  NPR 1.09
  SLS_bleed10 N  60.0%: conv False Fn    79.1 N  W 0.436  PR 1.831  T4 1265.1  Rline 1.000  Nc 0.621  stall_idx nan (-)  SM_peak +nan  NPR 1.06
  SLS_bleed10 N  55.0%: conv False Fn    56.3 N  W 0.336  PR 1.620  T4 1442.9  Rline 1.000  Nc 0.569  stall_idx nan (-)  SM_peak +nan  NPR 1.05
  SLS_bleed10 N  50.0%: conv False Fn    37.1 N  W 0.251  PR 1.454  T4 1653.4  Rline 1.000  Nc 0.518  stall_idx nan (-)  SM_peak +nan  NPR 1.03
  SLS_bleed10 N  45.0%: conv False Fn    29.6 N  W 0.200  PR 1.332  T4 1974.7  Rline 1.000  Nc 0.466  stall_idx nan (-)  SM_peak +nan  NPR 1.02
  SLS_bleed10 N  40.0%: conv False Fn    26.3 N  W 0.167  PR 1.234  T4 2425.5  Rline 1.000  Nc 0.414  stall_idx nan (-)  SM_peak +nan  NPR 1.02
  SLS_bleed10 N  35.0%: conv False Fn   717.6 N  W 0.023  PR 1.165  T4 2500.0  Rline 1.000  Nc 0.362  stall_idx nan (-)  SM_peak +nan  NPR 1.00
  SLS_bleed20 N 100.0%: conv True Fn   690.3 N  W 1.366  PR 5.441  T4 1163.3  Rline 2.615  Nc 1.035  stall_idx 0.872 (S6)  SM_peak +0.121  NPR 1.65
  SLS_bleed20 N  95.0%: conv True Fn   569.6 N  W 1.272  PR 4.893  T4 1088.2  Rline 2.407  Nc 0.984  stall_idx 0.837 (R1)  SM_peak +0.110  NPR 1.52
  SLS_bleed20 N  90.0%: conv False Fn 495869347.1 N  W 1.224  PR -1.388  T4 1062.0  Rline 3.669  Nc 0.929  stall_idx nan (-)  SM_peak +nan  NPR 1.17
  SLS_bleed20 N  85.0%: conv False Fn 70745625305.9 N  W 1.224  PR -1.388  T4 1062.0  Rline 3.669  Nc 0.929  stall_idx nan (-)  SM_peak +nan  NPR 1.17
  SLS_bleed20 N  80.0%: conv False Fn 21526953279.9 N  W 1.224  PR -1.388  T4 1062.0  Rline 3.669  Nc 0.929  stall_idx nan (-)  SM_peak +nan  NPR 1.17
  SLS_bleed20 N  75.0%: conv False Fn 21555983760.6 N  W 1.224  PR -1.388  T4 1062.0  Rline 3.669  Nc 0.929  stall_idx nan (-)  SM_peak +nan  NPR 1.17
  SLS_bleed20 N  70.0%: conv False Fn 21562015470.4 N  W 1.224  PR -1.388  T4 1062.0  Rline 3.669  Nc 0.929  stall_idx nan (-)  SM_peak +nan  NPR 1.17
  SLS_bleed20 N  65.0%: conv False Fn 21526953280.5 N  W 1.224  PR -1.388  T4 1062.0  Rline 3.669  Nc 0.929  stall_idx nan (-)  SM_peak +nan  NPR 1.17
  SLS_bleed20 N  60.0%: conv False Fn 21555983760.6 N  W 1.224  PR -1.388  T4 1062.0  Rline 3.669  Nc 0.929  stall_idx nan (-)  SM_peak +nan  NPR 1.17
  SLS_bleed20 N  55.0%: conv False Fn 21562015470.4 N  W 1.224  PR -1.388  T4 1062.0  Rline 3.669  Nc 0.929  stall_idx nan (-)  SM_peak +nan  NPR 1.17
  SLS_bleed20 N  50.0%: conv False Fn 21526953280.5 N  W 1.224  PR -1.388  T4 1062.0  Rline 3.669  Nc 0.929  stall_idx nan (-)  SM_peak +nan  NPR 1.17
  SLS_bleed20 N  45.0%: conv False Fn 21555983760.6 N  W 1.224  PR -1.388  T4 1062.0  Rline 3.669  Nc 0.929  stall_idx nan (-)  SM_peak +nan  NPR 1.17
  SLS_bleed20 N  40.0%: conv False Fn 21562015470.4 N  W 1.224  PR -1.388  T4 1062.0  Rline 3.669  Nc 0.929  stall_idx nan (-)  SM_peak +nan  NPR 1.17
  SLS_bleed20 N  35.0%: conv False Fn 21526953280.5 N  W 1.224  PR -1.388  T4 1062.0  Rline 3.669  Nc 0.929  stall_idx nan (-)  SM_peak +nan  NPR 1.17
  SLS_bleed30 N 100.0%: conv True Fn   690.3 N  W 1.366  PR 5.441  T4 1163.3  Rline 2.615  Nc 1.035  stall_idx 0.872 (S6)  SM_peak +0.121  NPR 1.65
  SLS_bleed30 N  95.0%: conv True Fn   569.6 N  W 1.272  PR 4.893  T4 1088.2  Rline 2.407  Nc 0.984  stall_idx 0.837 (R1)  SM_peak +0.110  NPR 1.52
  SLS_bleed30 N  90.0%: conv False Fn 5608916905.9 N  W 1.276  PR -4.708  T4  936.1  Rline 4.848  Nc 0.929  stall_idx nan (-)  SM_peak +nan  NPR 1.01
  SLS_bleed30 N  85.0%: conv False Fn 584952961750.1 N  W 1.276  PR -4.708  T4  936.1  Rline 4.848  Nc 0.929  stall_idx nan (-)  SM_peak +nan  NPR 1.01
  SLS_bleed30 N  80.0%: conv False Fn 584987395177.9 N  W 1.276  PR -4.708  T4  936.1  Rline 4.848  Nc 0.929  stall_idx nan (-)  SM_peak +nan  NPR 1.01
  SLS_bleed30 N  75.0%: conv False Fn 584987395177.9 N  W 1.276  PR -4.708  T4  936.1  Rline 4.848  Nc 0.929  stall_idx nan (-)  SM_peak +nan  NPR 1.01
  SLS_bleed30 N  70.0%: conv False Fn 584987395177.9 N  W 1.276  PR -4.708  T4  936.1  Rline 4.848  Nc 0.929  stall_idx nan (-)  SM_peak +nan  NPR 1.01
  SLS_bleed30 N  65.0%: conv False Fn 584987395177.9 N  W 1.276  PR -4.708  T4  936.1  Rline 4.848  Nc 0.929  stall_idx nan (-)  SM_peak +nan  NPR 1.01
  SLS_bleed30 N  60.0%: conv False Fn 584987395177.9 N  W 1.276  PR -4.708  T4  936.1  Rline 4.848  Nc 0.929  stall_idx nan (-)  SM_peak +nan  NPR 1.01
  SLS_bleed30 N  55.0%: conv False Fn 584987395177.9 N  W 1.276  PR -4.708  T4  936.1  Rline 4.848  Nc 0.929  stall_idx nan (-)  SM_peak +nan  NPR 1.01
  SLS_bleed30 N  50.0%: conv False Fn 584987395177.9 N  W 1.276  PR -4.708  T4  936.1  Rline 4.848  Nc 0.929  stall_idx nan (-)  SM_peak +nan  NPR 1.01
  SLS_bleed30 N  45.0%: conv False Fn 584987395177.9 N  W 1.276  PR -4.708  T4  936.1  Rline 4.848  Nc 0.929  stall_idx nan (-)  SM_peak +nan  NPR 1.01
  SLS_bleed30 N  40.0%: conv False Fn 584987395177.9 N  W 1.276  PR -4.708  T4  936.1  Rline 4.848  Nc 0.929  stall_idx nan (-)  SM_peak +nan  NPR 1.01
  SLS_bleed30 N  35.0%: conv False Fn 584987395177.9 N  W 1.276  PR -4.708  T4  936.1  Rline 4.848  Nc 0.929  stall_idx nan (-)  SM_peak +nan  NPR 1.01
