compressor map: design R-line 2.554 | turbine map PR_tt coverage per speed [(0.3, 1.13, 2.0), (0.4, 1.14, 2.13), (0.5, 1.13, 2.26), (0.6, 1.13, 2.38), (0.7, 1.11, 2.49), (0.8, 1.09, 2.58), (0.9, 1.07, 2.67), (1.0, 1.04, 2.73), (1.1, 1.02, 2.79)]
  SLS N 100.0%: conv True Fn   690.3 N  W 1.366  PR 5.441  T4 1163.3  Rline 2.615  Nc 1.035  stall_idx 0.872 (S6)  SM_peak +0.121  NPR 1.65
  SLS N  97.5%: conv True Fn   630.2 N  W 1.322  PR 5.173  T4 1124.0  Rline 2.520  Nc 1.010  stall_idx 0.842 (S6)  SM_peak +0.119  NPR 1.58
  SLS N  95.0%: conv True Fn   569.6 N  W 1.272  PR 4.893  T4 1088.2  Rline 2.407  Nc 0.984  stall_idx 0.837 (R1)  SM_peak +0.110  NPR 1.52
  SLS N  92.5%: conv True Fn   512.6 N  W 1.215  PR 4.615  T4 1061.2  Rline 2.245  Nc 0.958  stall_idx 0.880 (R1)  SM_peak +0.098  NPR 1.46
  SLS N  90.0%: conv True Fn   457.1 N  W 1.150  PR 4.329  T4 1042.2  Rline 2.034  Nc 0.932  stall_idx 0.932 (R1)  SM_peak +0.078  NPR 1.40
  SLS N  87.5%: conv True Fn   402.6 N  W 1.077  PR 4.033  T4 1030.1  Rline 1.731  Nc 0.906  stall_idx 0.991 (R1)  SM_peak +0.052  NPR 1.35
  SLS N  85.0%: conv True Fn   349.9 N  W 0.997  PR 3.732  T4 1028.5  Rline 1.353  Nc 0.880  stall_idx 1.060 (R1)  SM_peak +0.025  NPR 1.30
  SLS N  82.5%: conv False Fn   295.7 N  W 0.901  PR 3.406  T4 1039.2  Rline 1.000  Nc 0.854  stall_idx nan (-)  SM_peak +nan  NPR 1.25
  SLS N  80.0%: conv False Fn   249.9 N  W 0.810  PR 3.108  T4 1061.5  Rline 1.000  Nc 0.828  stall_idx nan (-)  SM_peak +nan  NPR 1.21
  SLS N  77.5%: conv False Fn   207.3 N  W 0.718  PR 2.816  T4 1094.8  Rline 1.000  Nc 0.802  stall_idx nan (-)  SM_peak +nan  NPR 1.17
  SLS N  75.0%: conv False Fn   172.8 N  W 0.637  PR 2.575  T4 1133.7  Rline 1.000  Nc 0.777  stall_idx nan (-)  SM_peak +nan  NPR 1.14
  SLS N  72.5%: conv False Fn   142.6 N  W 0.561  PR 2.338  T4 1179.8  Rline 1.000  Nc 0.751  stall_idx nan (-)  SM_peak +nan  NPR 1.12
  SLS N  70.0%: conv False Fn   120.1 N  W 0.493  PR 2.153  T4 1258.2  Rline 1.000  Nc 0.725  stall_idx nan (-)  SM_peak +nan  NPR 1.10
  SLS N  67.5%: conv False Fn    96.2 N  W 0.420  PR 1.973  T4 1340.2  Rline 1.000  Nc 0.699  stall_idx nan (-)  SM_peak +nan  NPR 1.08
  SLS N  65.0%: conv False Fn    82.7 N  W 0.372  PR 1.854  T4 1435.9  Rline 1.000  Nc 0.673  stall_idx nan (-)  SM_peak +nan  NPR 1.07
  SLS N  62.5%: conv False Fn    69.7 N  W 0.332  PR 1.736  T4 1515.0  Rline 1.000  Nc 0.647  stall_idx nan (-)  SM_peak +nan  NPR 1.06
  SLS N  60.0%: conv False Fn    55.6 N  W 0.278  PR 1.617  T4 1671.1  Rline 1.000  Nc 0.621  stall_idx nan (-)  SM_peak +nan  NPR 1.04
  SLS N  57.5%: conv False Fn    43.9 N  W 0.231  PR 1.508  T4 1821.1  Rline 1.000  Nc 0.595  stall_idx nan (-)  SM_peak +nan  NPR 1.03
  SLS N  55.0%: conv False Fn    36.9 N  W 0.204  PR 1.445  T4 1958.5  Rline 1.000  Nc 0.569  stall_idx nan (-)  SM_peak +nan  NPR 1.03
  SLS N  52.5%: conv False Fn    31.8 N  W 0.175  PR 1.381  T4 2174.7  Rline 1.000  Nc 0.544  stall_idx nan (-)  SM_peak +nan  NPR 1.02
  SLS N  50.0%: conv False Fn    29.5 N  W 0.158  PR 1.317  T4 2405.7  Rline 1.000  Nc 0.518  stall_idx nan (-)  SM_peak +nan  NPR 1.02
  SLS N  47.5%: conv False Fn   208.4 N  W 0.023  PR 1.262  T4 2500.0  Rline 1.000  Nc 0.492  stall_idx nan (-)  SM_peak +nan  NPR 1.12
  SLS N  45.0%: conv False Fn   208.4 N  W 0.023  PR 1.262  T4 2500.0  Rline 1.000  Nc 0.492  stall_idx nan (-)  SM_peak +nan  NPR 1.12
  SLS N  42.5%: conv False Fn   208.4 N  W 0.023  PR 1.262  T4 2500.0  Rline 1.000  Nc 0.492  stall_idx nan (-)  SM_peak +nan  NPR 1.12
  SLS N  40.0%: conv False Fn   208.4 N  W 0.023  PR 1.262  T4 2500.0  Rline 1.000  Nc 0.492  stall_idx nan (-)  SM_peak +nan  NPR 1.12
  SLS N  37.5%: conv False Fn   208.4 N  W 0.023  PR 1.262  T4 2500.0  Rline 1.000  Nc 0.492  stall_idx nan (-)  SM_peak +nan  NPR 1.12
  SLS N  35.0%: conv False Fn   208.4 N  W 0.023  PR 1.262  T4 2500.0  Rline 1.000  Nc 0.492  stall_idx nan (-)  SM_peak +nan  NPR 1.12
  dash N 100.0%: conv True Fn   500.0 N  W 1.314  PR 5.000  T4 1150.0  Rline 2.554  Nc 1.000  stall_idx 0.810 (S6)  SM_peak +0.141  NPR 2.91
  dash N  97.5%: conv True Fn   434.6 N  W 1.265  PR 4.693  T4 1096.5  Rline 2.500  Nc 0.975  stall_idx 0.843 (R1)  SM_peak +0.135  NPR 2.73
  dash N  95.0%: conv True Fn   374.3 N  W 1.213  PR 4.398  T4 1049.2  Rline 2.414  Nc 0.950  stall_idx 0.879 (R1)  SM_peak +0.138  NPR 2.55
  dash N  92.5%: conv True Fn   311.3 N  W 1.156  PR 4.087  T4 1000.1  Rline 2.353  Nc 0.925  stall_idx 0.921 (R1)  SM_peak +0.133  NPR 2.36
  dash N  90.0%: conv True Fn   249.5 N  W 1.098  PR 3.778  T4  949.6  Rline 2.275  Nc 0.900  stall_idx 0.964 (R1)  SM_peak +0.131  NPR 2.17
  dash N  87.5%: conv True Fn   190.8 N  W 1.038  PR 3.478  T4  902.3  Rline 2.248  Nc 0.875  stall_idx 1.008 (R1)  SM_peak +0.135  NPR 2.00
  dash N  85.0%: conv True Fn   134.5 N  W 0.977  PR 3.182  T4  855.2  Rline 2.199  Nc 0.850  stall_idx 1.054 (R1)  SM_peak +0.131  NPR 1.83
  dash N  82.5%: conv True Fn    89.6 N  W 0.917  PR 2.919  T4  817.4  Rline 2.192  Nc 0.825  stall_idx 1.097 (R1)  SM_peak +0.141  NPR 1.69
  dash N  80.0%: conv True Fn    49.2 N  W 0.857  PR 2.658  T4  776.7  Rline 2.177  Nc 0.800  stall_idx 1.143 (R1)  SM_peak +0.138  NPR 1.56
  dash N  77.5%: conv True Fn    24.6 N  W 0.799  PR 2.453  T4  760.5  Rline 2.122  Nc 0.775  stall_idx 1.186 (R1)  SM_peak +0.140  NPR 1.48
  dash N  75.0%: conv True Fn    -1.9 N  W 0.744  PR 2.233  T4  726.9  Rline 2.120  Nc 0.750  stall_idx 1.227 (R1)  SM_peak +0.136  NPR 1.39
  dash N  72.5%: conv True Fn   -16.9 N  W 0.695  PR 2.066  T4  713.0  Rline 2.110  Nc 0.725  stall_idx 1.261 (R1)  SM_peak +0.148  NPR 1.34
  dash N  70.0%: conv True Fn   -32.9 N  W 0.648  PR 1.892  T4  686.2  Rline 2.141  Nc 0.700  stall_idx 1.295 (R1)  SM_peak +0.149  NPR 1.28
VIGV iteration 0: required inlet swirl vs Nc: [(0.88, 35.37002019279793), (0.906, 24.37002019279793), (0.932, 21.37002019279793), (0.958, 21.37002019279793), (0.984, 21.37002019279793), (1.01, 21.37002019279793), (1.035, 21.37002019279793)]
  SLS_VIGV0 N 100.0%: conv True Fn   690.3 N  W 1.366  PR 5.441  T4 1163.3  Rline 2.615  Nc 1.035  stall_idx 0.872 (S6)  SM_peak +0.121  NPR 1.65
  SLS_VIGV0 N  97.5%: conv True Fn   630.2 N  W 1.322  PR 5.173  T4 1124.0  Rline 2.520  Nc 1.010  stall_idx 0.842 (S6)  SM_peak +0.119  NPR 1.58
  SLS_VIGV0 N  95.0%: conv True Fn   569.6 N  W 1.272  PR 4.893  T4 1088.2  Rline 2.407  Nc 0.984  stall_idx 0.837 (R1)  SM_peak +0.110  NPR 1.52
  SLS_VIGV0 N  92.5%: conv True Fn   512.6 N  W 1.215  PR 4.615  T4 1061.2  Rline 2.245  Nc 0.958  stall_idx 0.880 (R1)  SM_peak +0.098  NPR 1.46
  SLS_VIGV0 N  90.0%: conv True Fn   450.6 N  W 1.145  PR 4.296  T4 1035.0  Rline 2.100  Nc 0.932  stall_idx 0.938 (R1)  SM_peak +0.071  NPR 1.39
  SLS_VIGV0 N  87.5%: conv True Fn   389.9 N  W 1.068  PR 3.965  T4 1013.3  Rline 1.920  Nc 0.906  stall_idx 0.961 (S1)  SM_peak +0.058  NPR 1.33
  SLS_VIGV0 N  85.0%: conv True Fn   334.3 N  W 0.991  PR 3.648  T4  993.7  Rline 1.752  Nc 0.880  stall_idx 0.957 (S1)  SM_peak +0.120  NPR 1.28
  SLS_VIGV0 N  82.5%: conv True Fn   283.3 N  W 0.907  PR 3.339  T4  985.3  Rline 1.470  Nc 0.854  stall_idx 1.045 (S1)  SM_peak +0.037  NPR 1.24
  SLS_VIGV0 N  80.0%: conv False Fn   244.3 N  W 0.827  PR 3.082  T4 1003.8  Rline 1.000  Nc 0.828  stall_idx nan (-)  SM_peak +nan  NPR 1.20
  SLS_VIGV0 N  77.5%: conv False Fn   206.9 N  W 0.740  PR 2.822  T4 1035.7  Rline 1.000  Nc 0.802  stall_idx nan (-)  SM_peak +nan  NPR 1.17
  SLS_VIGV0 N  75.0%: conv False Fn   174.7 N  W 0.661  PR 2.596  T4 1073.0  Rline 1.000  Nc 0.777  stall_idx nan (-)  SM_peak +nan  NPR 1.14
  SLS_VIGV0 N  72.5%: conv False Fn   147.4 N  W 0.585  PR 2.373  T4 1121.3  Rline 1.000  Nc 0.751  stall_idx nan (-)  SM_peak +nan  NPR 1.12
  SLS_VIGV0 N  70.0%: conv False Fn   125.3 N  W 0.523  PR 2.193  T4 1177.5  Rline 1.000  Nc 0.725  stall_idx nan (-)  SM_peak +nan  NPR 1.10
  SLS_VIGV0 N  67.5%: conv False Fn   101.4 N  W 0.453  PR 2.016  T4 1243.5  Rline 1.000  Nc 0.699  stall_idx nan (-)  SM_peak +nan  NPR 1.08
  SLS_VIGV0 N  65.0%: conv False Fn    87.7 N  W 0.401  PR 1.895  T4 1330.6  Rline 1.000  Nc 0.673  stall_idx nan (-)  SM_peak +nan  NPR 1.07
  SLS_VIGV0 N  62.5%: conv False Fn    73.8 N  W 0.356  PR 1.774  T4 1408.0  Rline 1.000  Nc 0.647  stall_idx nan (-)  SM_peak +nan  NPR 1.06
  SLS_VIGV0 N  60.0%: conv False Fn    61.0 N  W 0.305  PR 1.653  T4 1527.1  Rline 1.000  Nc 0.621  stall_idx nan (-)  SM_peak +nan  NPR 1.05
  SLS_VIGV0 N  57.5%: conv False Fn    47.6 N  W 0.253  PR 1.541  T4 1682.3  Rline 1.000  Nc 0.595  stall_idx nan (-)  SM_peak +nan  NPR 1.04
  SLS_VIGV0 N  55.0%: conv False Fn    40.5 N  W 0.222  PR 1.474  T4 1809.6  Rline 1.000  Nc 0.569  stall_idx nan (-)  SM_peak +nan  NPR 1.03
  SLS_VIGV0 N  52.5%: conv False Fn    34.0 N  W 0.192  PR 1.407  T4 1977.6  Rline 1.000  Nc 0.544  stall_idx nan (-)  SM_peak +nan  NPR 1.03
  SLS_VIGV0 N  50.0%: conv False Fn    29.0 N  W 0.169  PR 1.339  T4 2196.9  Rline 1.000  Nc 0.518  stall_idx nan (-)  SM_peak +nan  NPR 1.02
  SLS_VIGV0 N  47.5%: conv False Fn    27.3 N  W 0.154  PR 1.281  T4 2416.6  Rline 1.000  Nc 0.492  stall_idx nan (-)  SM_peak +nan  NPR 1.02
  SLS_VIGV0 N  45.0%: conv False Fn  2017.2 N  W 0.023  PR 1.244  T4 2500.0  Rline 1.000  Nc 0.466  stall_idx nan (-)  SM_peak +nan  NPR 1.00
  SLS_VIGV0 N  42.5%: conv False Fn  2017.2 N  W 0.023  PR 1.244  T4 2500.0  Rline 1.000  Nc 0.466  stall_idx nan (-)  SM_peak +nan  NPR 1.00
  SLS_VIGV0 N  40.0%: conv False Fn  2017.2 N  W 0.023  PR 1.244  T4 2500.0  Rline 1.000  Nc 0.466  stall_idx nan (-)  SM_peak +nan  NPR 1.00
  SLS_VIGV0 N  37.5%: conv False Fn  2017.2 N  W 0.023  PR 1.244  T4 2500.0  Rline 1.000  Nc 0.466  stall_idx nan (-)  SM_peak +nan  NPR 1.00
  SLS_VIGV0 N  35.0%: conv False Fn  2017.2 N  W 0.023  PR 1.244  T4 2500.0  Rline 1.000  Nc 0.466  stall_idx nan (-)  SM_peak +nan  NPR 1.00
VIGV iteration 1: required inlet swirl vs Nc: [(0.854, 45.37002019279793), (0.88, 36.37002019279793), (0.906, 26.37002019279793), (0.932, 21.37002019279793), (0.958, 21.37002019279793), (0.984, 21.37002019279793), (1.01, 21.37002019279793), (1.035, 21.37002019279793)]
  SLS_VIGV1 N 100.0%: conv True Fn   690.3 N  W 1.366  PR 5.441  T4 1163.3  Rline 2.615  Nc 1.035  stall_idx 0.872 (S6)  SM_peak +0.121  NPR 1.65
  SLS_VIGV1 N  97.5%: conv True Fn   630.2 N  W 1.322  PR 5.173  T4 1124.0  Rline 2.520  Nc 1.010  stall_idx 0.842 (S6)  SM_peak +0.119  NPR 1.58
  SLS_VIGV1 N  95.0%: conv True Fn   569.6 N  W 1.272  PR 4.893  T4 1088.2  Rline 2.407  Nc 0.984  stall_idx 0.837 (R1)  SM_peak +0.110  NPR 1.52
  SLS_VIGV1 N  92.5%: conv True Fn   512.6 N  W 1.215  PR 4.615  T4 1061.2  Rline 2.245  Nc 0.958  stall_idx 0.880 (R1)  SM_peak +0.098  NPR 1.46
  SLS_VIGV1 N  90.0%: conv True Fn   448.3 N  W 1.143  PR 4.284  T4 1033.0  Rline 2.113  Nc 0.932  stall_idx 0.940 (R1)  SM_peak +0.067  NPR 1.39
  SLS_VIGV1 N  87.5%: conv True Fn   385.3 N  W 1.063  PR 3.940  T4 1009.6  Rline 1.950  Nc 0.906  stall_idx 0.956 (S1)  SM_peak +0.062  NPR 1.33
  SLS_VIGV1 N  85.0%: conv True Fn   319.0 N  W 0.971  PR 3.560  T4  982.2  Rline 1.880  Nc 0.880  stall_idx 0.980 (S1)  SM_peak +0.078  NPR 1.27
  SLS_VIGV1 N  82.5%: conv True Fn   258.9 N  W 0.872  PR 3.187  T4  966.9  Rline 1.742  Nc 0.854  stall_idx 1.019 (S1)  SM_peak +0.073  NPR 1.22
  SLS_VIGV1 N  80.0%: conv True Fn   227.5 N  W 0.803  PR 2.970  T4  984.6  Rline 1.286  Nc 0.828  stall_idx 1.107 (S1)  SM_peak +0.019  NPR 1.19
  SLS_VIGV1 N  77.5%: conv False Fn   195.5 N  W 0.727  PR 2.750  T4 1013.3  Rline 1.000  Nc 0.802  stall_idx nan (-)  SM_peak +nan  NPR 1.16
  SLS_VIGV1 N  75.0%: conv False Fn   167.4 N  W 0.651  PR 2.548  T4 1056.9  Rline 1.000  Nc 0.777  stall_idx nan (-)  SM_peak +nan  NPR 1.14
  SLS_VIGV1 N  72.5%: conv False Fn   142.1 N  W 0.583  PR 2.348  T4 1097.7  Rline 1.000  Nc 0.751  stall_idx nan (-)  SM_peak +nan  NPR 1.12
  SLS_VIGV1 N  70.0%: conv False Fn   122.5 N  W 0.520  PR 2.180  T4 1164.1  Rline 1.000  Nc 0.725  stall_idx nan (-)  SM_peak +nan  NPR 1.10
  SLS_VIGV1 N  67.5%: conv False Fn   101.0 N  W 0.450  PR 2.014  T4 1239.4  Rline 1.000  Nc 0.699  stall_idx nan (-)  SM_peak +nan  NPR 1.08
  SLS_VIGV1 N  65.0%: conv False Fn    86.0 N  W 0.404  PR 1.897  T4 1302.3  Rline 1.000  Nc 0.673  stall_idx nan (-)  SM_peak +nan  NPR 1.07
  SLS_VIGV1 N  62.5%: conv False Fn    73.6 N  W 0.360  PR 1.779  T4 1378.3  Rline 1.000  Nc 0.647  stall_idx nan (-)  SM_peak +nan  NPR 1.06
  SLS_VIGV1 N  60.0%: conv False Fn    61.8 N  W 0.312  PR 1.661  T4 1485.1  Rline 1.000  Nc 0.621  stall_idx nan (-)  SM_peak +nan  NPR 1.05
  SLS_VIGV1 N  57.5%: conv False Fn    48.3 N  W 0.261  PR 1.553  T4 1627.3  Rline 1.000  Nc 0.595  stall_idx nan (-)  SM_peak +nan  NPR 1.04
  SLS_VIGV1 N  55.0%: conv False Fn    41.8 N  W 0.231  PR 1.485  T4 1742.0  Rline 1.000  Nc 0.569  stall_idx nan (-)  SM_peak +nan  NPR 1.03
  SLS_VIGV1 N  52.5%: conv False Fn    34.6 N  W 0.201  PR 1.417  T4 1889.6  Rline 1.000  Nc 0.544  stall_idx nan (-)  SM_peak +nan  NPR 1.03
  SLS_VIGV1 N  50.0%: conv False Fn    29.2 N  W 0.175  PR 1.350  T4 2096.5  Rline 1.000  Nc 0.518  stall_idx nan (-)  SM_peak +nan  NPR 1.02
  SLS_VIGV1 N  47.5%: conv False Fn    27.7 N  W 0.159  PR 1.291  T4 2316.2  Rline 1.000  Nc 0.492  stall_idx nan (-)  SM_peak +nan  NPR 1.02
  SLS_VIGV1 N  45.0%: conv False Fn  1717.3 N  W 0.023  PR 1.253  T4 2500.0  Rline 1.000  Nc 0.466  stall_idx nan (-)  SM_peak +nan  NPR 1.01
  SLS_VIGV1 N  42.5%: conv False Fn  1717.4 N  W 0.023  PR 1.253  T4 2500.0  Rline 1.000  Nc 0.466  stall_idx nan (-)  SM_peak +nan  NPR 1.01
  SLS_VIGV1 N  40.0%: conv False Fn  1717.4 N  W 0.023  PR 1.253  T4 2500.0  Rline 1.000  Nc 0.466  stall_idx nan (-)  SM_peak +nan  NPR 1.01
  SLS_VIGV1 N  37.5%: conv False Fn  1717.4 N  W 0.023  PR 1.253  T4 2500.0  Rline 1.000  Nc 0.466  stall_idx nan (-)  SM_peak +nan  NPR 1.01
  SLS_VIGV1 N  35.0%: conv False Fn  1717.4 N  W 0.023  PR 1.253  T4 2500.0  Rline 1.000  Nc 0.466  stall_idx nan (-)  SM_peak +nan  NPR 1.01
VIGV iteration 2: required inlet swirl vs Nc: [(0.854, 49.37002019279793), (0.88, 39.37002019279793), (0.906, 27.87002019279793), (0.932, 21.37002019279793), (0.958, 21.37002019279793), (0.984, 21.37002019279793), (1.01, 21.37002019279793), (1.035, 21.37002019279793)]
  SLS_VIGV2 N 100.0%: conv True Fn   690.3 N  W 1.366  PR 5.441  T4 1163.3  Rline 2.615  Nc 1.035  stall_idx 0.872 (S6)  SM_peak +0.121  NPR 1.65
  SLS_VIGV2 N  97.5%: conv True Fn   630.2 N  W 1.322  PR 5.173  T4 1124.0  Rline 2.520  Nc 1.010  stall_idx 0.842 (S6)  SM_peak +0.119  NPR 1.58
  SLS_VIGV2 N  95.0%: conv True Fn   569.6 N  W 1.272  PR 4.893  T4 1088.2  Rline 2.407  Nc 0.984  stall_idx 0.837 (R1)  SM_peak +0.110  NPR 1.52
  SLS_VIGV2 N  92.5%: conv True Fn   512.6 N  W 1.215  PR 4.615  T4 1061.2  Rline 2.245  Nc 0.958  stall_idx 0.880 (R1)  SM_peak +0.098  NPR 1.46
  SLS_VIGV2 N  90.0%: conv True Fn   445.7 N  W 1.141  PR 4.270  T4 1031.0  Rline 2.127  Nc 0.932  stall_idx 0.943 (R1)  SM_peak +0.062  NPR 1.39
  SLS_VIGV2 N  87.5%: conv True Fn   380.0 N  W 1.058  PR 3.910  T4 1005.2  Rline 1.986  Nc 0.906  stall_idx 0.955 (S1)  SM_peak +0.063  NPR 1.33
  SLS_VIGV2 N  85.0%: conv True Fn   309.5 N  W 0.956  PR 3.504  T4  980.2  Rline 1.926  Nc 0.880  stall_idx 0.975 (S1)  SM_peak +0.083  NPR 1.26
  SLS_VIGV2 N  82.5%: conv True Fn   245.1 N  W 0.847  PR 3.096  T4  965.0  Rline 1.818  Nc 0.854  stall_idx 1.007 (S1)  SM_peak +0.090  NPR 1.20
  SLS_VIGV2 N  80.0%: conv True Fn   216.7 N  W 0.782  PR 2.895  T4  985.0  Rline 1.357  Nc 0.828  stall_idx 1.108 (S1)  SM_peak +0.022  NPR 1.18
  SLS_VIGV2 N  77.5%: conv False Fn   187.4 N  W 0.711  PR 2.695  T4 1011.4  Rline 1.000  Nc 0.802  stall_idx nan (-)  SM_peak +nan  NPR 1.15
  SLS_VIGV2 N  75.0%: conv False Fn   161.7 N  W 0.638  PR 2.506  T4 1060.2  Rline 1.000  Nc 0.777  stall_idx nan (-)  SM_peak +nan  NPR 1.13
  SLS_VIGV2 N  72.5%: conv False Fn   138.1 N  W 0.573  PR 2.318  T4 1101.7  Rline 1.000  Nc 0.751  stall_idx nan (-)  SM_peak +nan  NPR 1.11
  SLS_VIGV2 N  70.0%: conv False Fn   120.0 N  W 0.510  PR 2.158  T4 1172.8  Rline 1.000  Nc 0.725  stall_idx nan (-)  SM_peak +nan  NPR 1.10
  SLS_VIGV2 N  67.5%: conv False Fn    99.5 N  W 0.445  PR 2.001  T4 1243.3  Rline 1.000  Nc 0.699  stall_idx nan (-)  SM_peak +nan  NPR 1.08
  SLS_VIGV2 N  65.0%: conv False Fn    84.6 N  W 0.399  PR 1.887  T4 1312.2  Rline 1.000  Nc 0.673  stall_idx nan (-)  SM_peak +nan  NPR 1.07
  SLS_VIGV2 N  62.5%: conv False Fn    73.4 N  W 0.355  PR 1.772  T4 1393.1  Rline 1.000  Nc 0.647  stall_idx nan (-)  SM_peak +nan  NPR 1.06
  SLS_VIGV2 N  60.0%: conv False Fn    59.9 N  W 0.307  PR 1.658  T4 1503.0  Rline 1.000  Nc 0.621  stall_idx nan (-)  SM_peak +nan  NPR 1.05
  SLS_VIGV2 N  57.5%: conv False Fn    47.8 N  W 0.257  PR 1.552  T4 1650.4  Rline 1.000  Nc 0.595  stall_idx nan (-)  SM_peak +nan  NPR 1.04
  SLS_VIGV2 N  55.0%: conv False Fn    40.3 N  W 0.227  PR 1.485  T4 1764.1  Rline 1.000  Nc 0.569  stall_idx nan (-)  SM_peak +nan  NPR 1.03
  SLS_VIGV2 N  52.5%: conv False Fn    34.5 N  W 0.197  PR 1.418  T4 1926.9  Rline 1.000  Nc 0.544  stall_idx nan (-)  SM_peak +nan  NPR 1.03
  SLS_VIGV2 N  50.0%: conv False Fn    30.3 N  W 0.173  PR 1.351  T4 2126.2  Rline 1.000  Nc 0.518  stall_idx nan (-)  SM_peak +nan  NPR 1.02
  SLS_VIGV2 N  47.5%: conv False Fn    27.3 N  W 0.158  PR 1.293  T4 2339.0  Rline 1.000  Nc 0.492  stall_idx nan (-)  SM_peak +nan  NPR 1.02
  SLS_VIGV2 N  45.0%: conv False Fn     nan N  W 0.023  PR 1.254  T4 2500.0  Rline 1.000  Nc 0.466  stall_idx nan (-)  SM_peak +nan  NPR 3.06
  SLS_VIGV2 N  42.5%: conv False Fn     nan N  W 0.023  PR 1.254  T4 2500.0  Rline 1.000  Nc 0.466  stall_idx nan (-)  SM_peak +nan  NPR 3.06
  SLS_VIGV2 N  40.0%: conv False Fn     nan N  W 0.023  PR 1.254  T4 2500.0  Rline 1.000  Nc 0.466  stall_idx nan (-)  SM_peak +nan  NPR 3.06
  SLS_VIGV2 N  37.5%: conv False Fn     nan N  W 0.023  PR 1.254  T4 2500.0  Rline 1.000  Nc 0.466  stall_idx nan (-)  SM_peak +nan  NPR 3.06
  SLS_VIGV2 N  35.0%: conv False Fn     nan N  W 0.023  PR 1.254  T4 2500.0  Rline 1.000  Nc 0.466  stall_idx nan (-)  SM_peak +nan  NPR 3.06
